Archive member included to satisfy reference by file (symbol)

/opt/st/stm32cubeide_1.12.1/plugins/com.st.stm32cube.ide.mcu.externaltools.gnu-tools-for-stm32.10.3-2021.10.linux64_1.0.200.202301161003/tools/bin/../lib/gcc/arm-none-eabi/10.3.1/../../../../arm-none-eabi/lib/thumb/v7e-m+fp/hard/libc_nano.a(lib_a-errno.o)
                              ./Core/Src/syscalls.o (__errno)
/opt/st/stm32cubeide_1.12.1/plugins/com.st.stm32cube.ide.mcu.externaltools.gnu-tools-for-stm32.10.3-2021.10.linux64_1.0.200.202301161003/tools/bin/../lib/gcc/arm-none-eabi/10.3.1/../../../../arm-none-eabi/lib/thumb/v7e-m+fp/hard/libc_nano.a(lib_a-exit.o)
                              /opt/st/stm32cubeide_1.12.1/plugins/com.st.stm32cube.ide.mcu.externaltools.gnu-tools-for-stm32.10.3-2021.10.linux64_1.0.200.202301161003/tools/bin/../lib/gcc/arm-none-eabi/10.3.1/../../../../arm-none-eabi/lib/thumb/v7e-m+fp/hard/crt0.o (exit)
/opt/st/stm32cubeide_1.12.1/plugins/com.st.stm32cube.ide.mcu.externaltools.gnu-tools-for-stm32.10.3-2021.10.linux64_1.0.200.202301161003/tools/bin/../lib/gcc/arm-none-eabi/10.3.1/../../../../arm-none-eabi/lib/thumb/v7e-m+fp/hard/libc_nano.a(lib_a-impure.o)
                              /opt/st/stm32cubeide_1.12.1/plugins/com.st.stm32cube.ide.mcu.externaltools.gnu-tools-for-stm32.10.3-2021.10.linux64_1.0.200.202301161003/tools/bin/../lib/gcc/arm-none-eabi/10.3.1/../../../../arm-none-eabi/lib/thumb/v7e-m+fp/hard/libc_nano.a(lib_a-exit.o) (_global_impure_ptr)
/opt/st/stm32cubeide_1.12.1/plugins/com.st.stm32cube.ide.mcu.externaltools.gnu-tools-for-stm32.10.3-2021.10.linux64_1.0.200.202301161003/tools/bin/../lib/gcc/arm-none-eabi/10.3.1/../../../../arm-none-eabi/lib/thumb/v7e-m+fp/hard/libc_nano.a(lib_a-init.o)
                              /opt/st/stm32cubeide_1.12.1/plugins/com.st.stm32cube.ide.mcu.externaltools.gnu-tools-for-stm32.10.3-2021.10.linux64_1.0.200.202301161003/tools/bin/../lib/gcc/arm-none-eabi/10.3.1/../../../../arm-none-eabi/lib/thumb/v7e-m+fp/hard/crt0.o (__libc_init_array)
/opt/st/stm32cubeide_1.12.1/plugins/com.st.stm32cube.ide.mcu.externaltools.gnu-tools-for-stm32.10.3-2021.10.linux64_1.0.200.202301161003/tools/bin/../lib/gcc/arm-none-eabi/10.3.1/../../../../arm-none-eabi/lib/thumb/v7e-m+fp/hard/libc_nano.a(lib_a-memset.o)
                              /opt/st/stm32cubeide_1.12.1/plugins/com.st.stm32cube.ide.mcu.externaltools.gnu-tools-for-stm32.10.3-2021.10.linux64_1.0.200.202301161003/tools/bin/../lib/gcc/arm-none-eabi/10.3.1/../../../../arm-none-eabi/lib/thumb/v7e-m+fp/hard/crt0.o (memset)
/opt/st/stm32cubeide_1.12.1/plugins/com.st.stm32cube.ide.mcu.externaltools.gnu-tools-for-stm32.10.3-2021.10.linux64_1.0.200.202301161003/tools/bin/../lib/gcc/arm-none-eabi/10.3.1/../../../../arm-none-eabi/lib/thumb/v7e-m+fp/hard/libc_nano.a(lib_a-sprintf.o)
                              ./Core/Src/main.o (sprintf)
/opt/st/stm32cubeide_1.12.1/plugins/com.st.stm32cube.ide.mcu.externaltools.gnu-tools-for-stm32.10.3-2021.10.linux64_1.0.200.202301161003/tools/bin/../lib/gcc/arm-none-eabi/10.3.1/../../../../arm-none-eabi/lib/thumb/v7e-m+fp/hard/libc_nano.a(lib_a-strlen.o)
                              ./Core/Src/main.o (strlen)
/opt/st/stm32cubeide_1.12.1/plugins/com.st.stm32cube.ide.mcu.externaltools.gnu-tools-for-stm32.10.3-2021.10.linux64_1.0.200.202301161003/tools/bin/../lib/gcc/arm-none-eabi/10.3.1/../../../../arm-none-eabi/lib/thumb/v7e-m+fp/hard/libc_nano.a(lib_a-nano-svfprintf.o)
                              /opt/st/stm32cubeide_1.12.1/plugins/com.st.stm32cube.ide.mcu.externaltools.gnu-tools-for-stm32.10.3-2021.10.linux64_1.0.200.202301161003/tools/bin/../lib/gcc/arm-none-eabi/10.3.1/../../../../arm-none-eabi/lib/thumb/v7e-m+fp/hard/libc_nano.a(lib_a-sprintf.o) (_svfprintf_r)
/opt/st/stm32cubeide_1.12.1/plugins/com.st.stm32cube.ide.mcu.externaltools.gnu-tools-for-stm32.10.3-2021.10.linux64_1.0.200.202301161003/tools/bin/../lib/gcc/arm-none-eabi/10.3.1/../../../../arm-none-eabi/lib/thumb/v7e-m+fp/hard/libc_nano.a(lib_a-nano-vfprintf_i.o)
                              /opt/st/stm32cubeide_1.12.1/plugins/com.st.stm32cube.ide.mcu.externaltools.gnu-tools-for-stm32.10.3-2021.10.linux64_1.0.200.202301161003/tools/bin/../lib/gcc/arm-none-eabi/10.3.1/../../../../arm-none-eabi/lib/thumb/v7e-m+fp/hard/libc_nano.a(lib_a-nano-svfprintf.o) (_printf_i)
/opt/st/stm32cubeide_1.12.1/plugins/com.st.stm32cube.ide.mcu.externaltools.gnu-tools-for-stm32.10.3-2021.10.linux64_1.0.200.202301161003/tools/bin/../lib/gcc/arm-none-eabi/10.3.1/../../../../arm-none-eabi/lib/thumb/v7e-m+fp/hard/libc_nano.a(lib_a-memchr.o)
                              /opt/st/stm32cubeide_1.12.1/plugins/com.st.stm32cube.ide.mcu.externaltools.gnu-tools-for-stm32.10.3-2021.10.linux64_1.0.200.202301161003/tools/bin/../lib/gcc/arm-none-eabi/10.3.1/../../../../arm-none-eabi/lib/thumb/v7e-m+fp/hard/libc_nano.a(lib_a-nano-svfprintf.o) (memchr)
[...]
Memory Configuration

Name             Origin             Length             Attributes
RAM              0x0000000020000000 0x0000000000050000 xrw
RAM2             0x0000000010000000 0x0000000000010000 xrw
FLASH            0x0000000008000000 0x0000000000100000 xr
*default*        0x0000000000000000 0xffffffffffffffff

Linker script and memory map

LOAD /opt/st/stm32cubeide_1.12.1/plugins/com.st.stm32cube.ide.mcu.externaltools.gnu-tools-for-stm32.10.3-2021.10.linux64_1.0.200.202301161003/tools/bin/../lib/gcc/arm-none-eabi/10.3.1/thumb/v7e-m+fp/hard/crti.o
LOAD /opt/st/stm32cubeide_1.12.1/plugins/com.st.stm32cube.ide.mcu.externaltools.gnu-tools-for-stm32.10.3-2021.10.linux64_1.0.200.202301161003/tools/bin/../lib/gcc/arm-none-eabi/10.3.1/thumb/v7e-m+fp/hard/crtbegin.o
LOAD /opt/st/stm32cubeide_1.12.1/plugins/com.st.stm32cube.ide.mcu.externaltools.gnu-tools-for-stm32.10.3-2021.10.linux64_1.0.200.202301161003/tools/bin/../lib/gcc/arm-none-eabi/10.3.1/../../../../arm-none-eabi/lib/thumb/v7e-m+fp/hard/crt0.o
LOAD ./Core/Src/main.o
LOAD ./Core/Src/stm32l4xx_hal_msp.o
LOAD ./Core/Src/stm32l4xx_it.o
LOAD ./Core/Src/syscalls.o
LOAD ./Core/Src/sysmem.o
LOAD ./Core/Src/system_stm32l4xx.o
LOAD ./Core/Startup/startup_stm32l4a6zgtx.o
LOAD ./Drivers/BSP/Component/sd_card/fatfs_sd.o
LOAD ./Drivers/STM32L4xx_HAL_Driver/Src/stm32l4xx_hal.o
LOAD ./Drivers/STM32L4xx_HAL_Driver/Src/stm32l4xx_hal_cortex.o
LOAD ./Drivers/STM32L4xx_HAL_Driver/Src/stm32l4xx_hal_dma.o
LOAD ./Drivers/STM32L4xx_HAL_Driver/Src/stm32l4xx_hal_dma_ex.o
LOAD ./Drivers/STM32L4xx_HAL_Driver/Src/stm32l4xx_hal_exti.o
LOAD ./Drivers/STM32L4xx_HAL_Driver/Src/stm32l4xx_hal_flash.o
LOAD ./Drivers/STM32L4xx_HAL_Driver/Src/stm32l4xx_hal_flash_ex.o
LOAD ./Drivers/STM32L4xx_HAL_Driver/Src/stm32l4xx_hal_flash_ramfunc.o
LOAD ./Drivers/STM32L4xx_HAL_Driver/Src/stm32l4xx_hal_gpio.o
LOAD ./Drivers/STM32L4xx_HAL_Driver/Src/stm32l4xx_hal_pwr.o
LOAD ./Drivers/STM32L4xx_HAL_Driver/Src/stm32l4xx_hal_pwr_ex.o
LOAD ./Drivers/STM32L4xx_HAL_Driver/Src/stm32l4xx_hal_rcc.o
LOAD ./Drivers/STM32L4xx_HAL_Driver/Src/stm32l4xx_hal_rcc_ex.o
LOAD ./Drivers/STM32L4xx_HAL_Driver/Src/stm32l4xx_hal_spi.o
LOAD ./Drivers/STM32L4xx_HAL_Driver/Src/stm32l4xx_hal_spi_ex.o
LOAD ./Drivers/STM32L4xx_HAL_Driver/Src/stm32l4xx_hal_tim.o
LOAD ./Drivers/STM32L4xx_HAL_Driver/Src/stm32l4xx_hal_tim_ex.o
LOAD ./Drivers/STM32L4xx_HAL_Driver/Src/stm32l4xx_hal_uart.o
LOAD ./Drivers/STM32L4xx_HAL_Driver/Src/stm32l4xx_hal_uart_ex.o
LOAD ./FATFS/App/fatfs.o
LOAD ./FATFS/Target/user_diskio.o
LOAD ./Middlewares/Third_Party/FatFs/src/diskio.o
LOAD ./Middlewares/Third_Party/FatFs/src/ff.o
LOAD ./Middlewares/Third_Party/FatFs/src/ff_gen_drv.o
LOAD ./Middlewares/Third_Party/FatFs/src/option/ccsbcs.o
LOAD ./Middlewares/Third_Party/FatFs/src/option/syscall.o
START GROUP
LOAD /opt/st/stm32cubeide_1.12.1/plugins/com.st.stm32cube.ide.mcu.externaltools.gnu-tools-for-stm32.10.3-2021.10.linux64_1.0.200.202301161003/tools/bin/../lib/gcc/arm-none-eabi/10.3.1/../../../../arm-none-eabi/lib/thumb/v7e-m+fp/hard/libc_nano.a
LOAD /opt/st/stm32cubeide_1.12.1/plugins/com.st.stm32cube.ide.mcu.externaltools.gnu-tools-for-stm32.10.3-2021.10.linux64_1.0.200.202301161003/tools/bin/../lib/gcc/arm-none-eabi/10.3.1/../../../../arm-none-eabi/lib/thumb/v7e-m+fp/hard/libm.a
END GROUP
START GROUP
LOAD /opt/st/stm32cubeide_1.12.1/plugins/com.st.stm32cube.ide.mcu.externaltools.gnu-tools-for-stm32.10.3-2021.10.linux64_1.0.200.202301161003/tools/bin/../lib/gcc/arm-none-eabi/10.3.1/thumb/v7e-m+fp/hard/libgcc.a
LOAD /opt/st/stm32cubeide_1.12.1/plugins/com.st.stm32cube.ide.mcu.externaltools.gnu-tools-for-stm32.10.3-2021.10.linux64_1.0.200.202301161003/tools/bin/../lib/gcc/arm-none-eabi/10.3.1/../../../../arm-none-eabi/lib/thumb/v7e-m+fp/hard/libc_nano.a
END GROUP
START GROUP
LOAD /opt/st/stm32cubeide_1.12.1/plugins/com.st.stm32cube.ide.mcu.externaltools.gnu-tools-for-stm32.10.3-2021.10.linux64_1.0.200.202301161003/tools/bin/../lib/gcc/arm-none-eabi/10.3.1/thumb/v7e-m+fp/hard/libgcc.a
LOAD /opt/st/stm32cubeide_1.12.1/plugins/com.st.stm32cube.ide.mcu.externaltools.gnu-tools-for-stm32.10.3-2021.10.linux64_1.0.200.202301161003/tools/bin/../lib/gcc/arm-none-eabi/10.3.1/../../../../arm-none-eabi/lib/thumb/v7e-m+fp/hard/libc_nano.a
LOAD /opt/st/stm32cubeide_1.12.1/plugins/com.st.stm32cube.ide.mcu.externaltools.gnu-tools-for-stm32.10.3-2021.10.linux64_1.0.200.202301161003/tools/bin/../lib/gcc/arm-none-eabi/10.3.1/../../../../arm-none-eabi/lib/thumb/v7e-m+fp/hard/libnosys.a
END GROUP
START GROUP
LOAD /opt/st/stm32cubeide_1.12.1/plugins/com.st.stm32cube.ide.mcu.externaltools.gnu-tools-for-stm32.10.3-2021.10.linux64_1.0.200.202301161003/tools/bin/../lib/gcc/arm-none-eabi/10.3.1/thumb/v7e-m+fp/hard/libgcc.a
LOAD /opt/st/stm32cubeide_1.12.1/plugins/com.st.stm32cube.ide.mcu.externaltools.gnu-tools-for-stm32.10.3-2021.10.linux64_1.0.200.202301161003/tools/bin/../lib/gcc/arm-none-eabi/10.3.1/../../../../arm-none-eabi/lib/thumb/v7e-m+fp/hard/libc_nano.a
LOAD /opt/st/stm32cubeide_1.12.1/plugins/com.st.stm32cube.ide.mcu.externaltools.gnu-tools-for-stm32.10.3-2021.10.linux64_1.0.200.202301161003/tools/bin/../lib/gcc/arm-none-eabi/10.3.1/../../../../arm-none-eabi/lib/thumb/v7e-m+fp/hard/libnosys.a
END GROUP
LOAD /opt/st/stm32cubeide_1.12.1/plugins/com.st.stm32cube.ide.mcu.externaltools.gnu-tools-for-stm32.10.3-2021.10.linux64_1.0.200.202301161003/tools/bin/../lib/gcc/arm-none-eabi/10.3.1/thumb/v7e-m+fp/hard/crtend.o
LOAD /opt/st/stm32cubeide_1.12.1/plugins/com.st.stm32cube.ide.mcu.externaltools.gnu-tools-for-stm32.10.3-2021.10.linux64_1.0.200.202301161003/tools/bin/../lib/gcc/arm-none-eabi/10.3.1/thumb/v7e-m+fp/hard/crtn.o
                0x0000000020050000                _estack = (ORIGIN (RAM) + LENGTH (RAM))
                0x0000000000000200                _Min_Heap_Size = 0x200
                0x0000000000000400                _Min_Stack_Size = 0x400

.isr_vector     0x0000000008000000      0x1ac
                0x0000000008000000                . = ALIGN (0x4)
 *(.isr_vector)
 .isr_vector    0x0000000008000000      0x1ac ./Core/Startup/startup_stm32l4a6zgtx.o
                0x0000000008000000                g_pfnVectors
                0x00000000080001ac                . = ALIGN (0x4)

.text           0x00000000080001b0     0x8c78
                0x00000000080001b0                . = ALIGN (0x4)
 *(.text)
 .text          0x00000000080001b0       0x40 /opt/st/stm32cubeide_1.12.1/plugins/com.st.stm32cube.ide.mcu.externaltools.gnu-tools-for-stm32.10.3-2021.10.linux64_1.0.200.202301161003/tools/bin/../lib/gcc/arm-none-eabi/10.3.1/thumb/v7e-m+fp/hard/crtbegin.o
 .text          0x00000000080001f0       0x10 /opt/st/stm32cubeide_1.12.1/plugins/com.st.stm32cube.ide.mcu.externaltools.gnu-tools-for-stm32.10.3-2021.10.linux64_1.0.200.202301161003/tools/bin/../lib/gcc/arm-none-eabi/10.3.1/../../../../arm-none-eabi/lib/thumb/v7e-m+fp/hard/libc_nano.a(lib_a-strlen.o)
                0x00000000080001f0                strlen
 .text          0x0000000008000200       0xa0 /opt/st/stm32cubeide_1.12.1/plugins/com.st.stm32cube.ide.mcu.externaltools.gnu-tools-for-stm32.10.3-2021.10.linux64_1.0.200.202301161003/tools/bin/../lib/gcc/arm-none-eabi/10.3.1/../../../../arm-none-eabi/lib/thumb/v7e-m+fp/hard/libc_nano.a(lib_a-memchr.o)
                0x0000000008000200                memchr
 .text          0x00000000080002a0      0x254 /opt/st/stm32cubeide_1.12.1/plugins/com.st.stm32cube.ide.mcu.externaltools.gnu-tools-for-stm32.10.3-2021.10.linux64_1.0.200.202301161003/tools/bin/../lib/gcc/arm-none-eabi/10.3.1/thumb/v7e-m+fp/hard/libgcc.a(_arm_muldf3.o)
                0x00000000080002a0                __aeabi_dmul
                0x00000000080002a0                __muldf3
 .text          0x00000000080004f4      0x378 /opt/st/stm32cubeide_1.12.1/plugins/com.st.stm32cube.ide.mcu.externaltools.gnu-tools-for-stm32.10.3-2021.10.linux64_1.0.200.202301161003/tools/bin/../lib/gcc/arm-none-eabi/10.3.1/thumb/v7e-m+fp/hard/libgcc.a(_arm_addsubdf3.o)
                0x00000000080004f4                __aeabi_drsub
                0x00000000080004fc                __aeabi_dsub
                0x00000000080004fc                __subdf3
                0x0000000008000500                __adddf3
                0x0000000008000500                __aeabi_dadd
                0x0000000008000778                __aeabi_ui2d
                0x0000000008000778                __floatunsidf
                0x0000000008000798                __floatsidf
                0x0000000008000798                __aeabi_i2d
                0x00000000080007bc                __extendsfdf2
                0x00000000080007bc                __aeabi_f2d
                0x0000000008000800                __aeabi_ul2d
                0x0000000008000800                __floatundidf
                0x0000000008000810                __floatdidf
                0x0000000008000810                __aeabi_l2d
 .text          0x000000000800086c       0x40 /opt/st/stm32cubeide_1.12.1/plugins/com.st.stm32cube.ide.mcu.externaltools.gnu-tools-for-stm32.10.3-2021.10.linux64_1.0.200.202301161003/tools/bin/../lib/gcc/arm-none-eabi/10.3.1/thumb/v7e-m+fp/hard/libgcc.a(_arm_fixunsdfsi.o)
                0x000000000800086c                __fixunsdfsi
                0x000000000800086c                __aeabi_d2uiz
 .text          0x00000000080008ac       0x30 /opt/st/stm32cubeide_1.12.1/plugins/com.st.stm32cube.ide.mcu.externaltools.gnu-tools-for-stm32.10.3-2021.10.linux64_1.0.200.202301161003/tools/bin/../lib/gcc/arm-none-eabi/10.3.1/thumb/v7e-m+fp/hard/libgcc.a(_aeabi_uldivmod.o)
                0x00000000080008ac                __aeabi_uldivmod
 .text          0x00000000080008dc      0x2d0 /opt/st/stm32cubeide_1.12.1/plugins/com.st.stm32cube.ide.mcu.externaltools.gnu-tools-for-stm32.10.3-2021.10.linux64_1.0.200.202301161003/tools/bin/../lib/gcc/arm-none-eabi/10.3.1/thumb/v7e-m+fp/hard/libgcc.a(_udivmoddi4.o)
                0x00000000080008dc                __udivmoddi4
 .text          0x0000000008000bac        0x4 /opt/st/stm32cubeide_1.12.1/plugins/com.st.stm32cube.ide.mcu.externaltools.gnu-tools-for-stm32.10.3-2021.10.linux64_1.0.200.202301161003/tools/bin/../lib/gcc/arm-none-eabi/10.3.1/thumb/v7e-m+fp/hard/libgcc.a(_dvmd_tls.o)
                0x0000000008000bac                __aeabi_ldiv0
                0x0000000008000bac                __aeabi_idiv0
 *(.text*)
 .text.main     0x0000000008000bb0      0x1a4 ./Core/Src/main.o
                0x0000000008000bb0                main
 .text.SystemClock_Config
                0x0000000008000d54       0x8c ./Core/Src/main.o
                0x0000000008000d54                SystemClock_Config
 .text.MX_LPUART1_UART_Init
                0x0000000008000de0       0x58 ./Core/Src/main.o
 .text.MX_SPI1_Init
                0x0000000008000e38       0x7c ./Core/Src/main.o
 .text.MX_GPIO_Init
                0x0000000008000eb4       0x98 ./Core/Src/main.o
 .text.send_uart
                0x0000000008000f4c       0x30 ./Core/Src/main.o
                0x0000000008000f4c                send_uart
 .text.clear_buffer
                0x0000000008000f7c       0x38 ./Core/Src/main.o
                0x0000000008000f7c                clear_buffer
 .text.Error_Handler
                0x0000000008000fb4        0xa ./Core/Src/main.o
                0x0000000008000fb4                Error_Handler
 *fill*         0x0000000008000fbe        0x2 
 .text.HAL_MspInit
                0x0000000008000fc0       0x48 ./Core/Src/stm32l4xx_hal_msp.o
                0x0000000008000fc0                HAL_MspInit
 .text.HAL_UART_MspInit
                0x0000000008001008       0xc0 ./Core/Src/stm32l4xx_hal_msp.o
                0x0000000008001008                HAL_UART_MspInit
 .text.HAL_SPI_MspInit
                0x00000000080010c8       0x84 ./Core/Src/stm32l4xx_hal_msp.o
                0x00000000080010c8                HAL_SPI_MspInit
 .text.SDTimer_Handler
                0x000000000800114c       0x48 ./Core/Src/stm32l4xx_it.o
                0x000000000800114c                SDTimer_Handler
 .text.NMI_Handler
                0x0000000008001194        0x6 ./Core/Src/stm32l4xx_it.o
                0x0000000008001194                NMI_Handler
 .text.HardFault_Handler
                0x000000000800119a        0x6 ./Core/Src/stm32l4xx_it.o
                0x000000000800119a                HardFault_Handler
 .text.MemManage_Handler
                0x00000000080011a0        0x6 ./Core/Src/stm32l4xx_it.o
                0x00000000080011a0                MemManage_Handler
 .text.BusFault_Handler
                0x00000000080011a6        0x6 ./Core/Src/stm32l4xx_it.o
                0x00000000080011a6                BusFault_Handler
 .text.UsageFault_Handler
                0x00000000080011ac        0x6 ./Core/Src/stm32l4xx_it.o
                0x00000000080011ac                UsageFault_Handler
 .text.SVC_Handler
                0x00000000080011b2        0xe ./Core/Src/stm32l4xx_it.o
                0x00000000080011b2                SVC_Handler
 .text.DebugMon_Handler
                0x00000000080011c0        0xe ./Core/Src/stm32l4xx_it.o
                0x00000000080011c0                DebugMon_Handler
 .text.PendSV_Handler
                0x00000000080011ce        0xe ./Core/Src/stm32l4xx_it.o
                0x00000000080011ce                PendSV_Handler
 .text.SysTick_Handler
                0x00000000080011dc       0x34 ./Core/Src/stm32l4xx_it.o
                0x00000000080011dc                SysTick_Handler
 .text._sbrk    0x0000000008001210       0x6c ./Core/Src/sysmem.o
                0x0000000008001210                _sbrk
 .text.SystemInit
                0x000000000800127c       0x24 ./Core/Src/system_stm32l4xx.o
                0x000000000800127c                SystemInit
 .text.Reset_Handler
                0x00000000080012a0       0x50 ./Core/Startup/startup_stm32l4a6zgtx.o
                0x00000000080012a0                Reset_Handler
 .text.Default_Handler
                0x00000000080012f0        0x2 ./Core/Startup/startup_stm32l4a6zgtx.o
                0x00000000080012f0                RTC_Alarm_IRQHandler
                0x00000000080012f0                HASH_RNG_IRQHandler
                0x00000000080012f0                EXTI2_IRQHandler
                0x00000000080012f0                TIM8_TRG_COM_IRQHandler
                0x00000000080012f0                TIM8_CC_IRQHandler
                0x00000000080012f0                TIM1_CC_IRQHandler
                0x00000000080012f0                TSC_IRQHandler
                0x00000000080012f0                TAMP_STAMP_IRQHandler
                0x00000000080012f0                CAN2_RX1_IRQHandler
                0x00000000080012f0                EXTI3_IRQHandler
                0x00000000080012f0                LPTIM2_IRQHandler
                0x00000000080012f0                DFSDM1_FLT1_IRQHandler
                0x00000000080012f0                I2C3_ER_IRQHandler
                0x00000000080012f0                DFSDM1_FLT2_IRQHandler
                0x00000000080012f0                EXTI0_IRQHandler
                0x00000000080012f0                I2C2_EV_IRQHandler
                0x00000000080012f0                CAN1_RX0_IRQHandler
                0x00000000080012f0                FPU_IRQHandler
                0x00000000080012f0                TIM1_UP_TIM16_IRQHandler
                0x00000000080012f0                CAN2_SCE_IRQHandler
                0x00000000080012f0                ADC1_2_IRQHandler
                0x00000000080012f0                SPI1_IRQHandler
                0x00000000080012f0                TIM6_DAC_IRQHandler
                0x00000000080012f0                DCMI_IRQHandler
                0x00000000080012f0                CAN2_RX0_IRQHandler
                0x00000000080012f0                TIM8_UP_IRQHandler
                0x00000000080012f0                DMA2_Channel2_IRQHandler
                0x00000000080012f0                DMA1_Channel4_IRQHandler
                0x00000000080012f0                SAI2_IRQHandler
                0x00000000080012f0                DFSDM1_FLT3_IRQHandler
                0x00000000080012f0                USART3_IRQHandler
                0x00000000080012f0                DMA1_Channel7_IRQHandler
                0x00000000080012f0                CAN1_RX1_IRQHandler
                0x00000000080012f0                LCD_IRQHandler
                0x00000000080012f0                UART5_IRQHandler
                0x00000000080012f0                ADC3_IRQHandler
                0x00000000080012f0                TIM4_IRQHandler
                0x00000000080012f0                DMA2_Channel1_IRQHandler
                0x00000000080012f0                QUADSPI_IRQHandler
                0x00000000080012f0                I2C1_EV_IRQHandler
                0x00000000080012f0                DMA1_Channel6_IRQHandler
                0x00000000080012f0                UART4_IRQHandler
                0x00000000080012f0                DMA2_Channel4_IRQHandler
                0x00000000080012f0                TIM3_IRQHandler
                0x00000000080012f0                RCC_IRQHandler
                0x00000000080012f0                DMA1_Channel1_IRQHandler
                0x00000000080012f0                Default_Handler
                0x00000000080012f0                DMA2_Channel7_IRQHandler
                0x00000000080012f0                EXTI15_10_IRQHandler
                0x00000000080012f0                TIM7_IRQHandler
                0x00000000080012f0                SDMMC1_IRQHandler
                0x00000000080012f0                CAN2_TX_IRQHandler
                0x00000000080012f0                TIM5_IRQHandler
                0x00000000080012f0                I2C3_EV_IRQHandler
                0x00000000080012f0                EXTI9_5_IRQHandler
                0x00000000080012f0                RTC_WKUP_IRQHandler
                0x00000000080012f0                PVD_PVM_IRQHandler
                0x00000000080012f0                SPI2_IRQHandler
                0x00000000080012f0                CAN1_TX_IRQHandler
                0x00000000080012f0                DMA2_Channel5_IRQHandler
                0x00000000080012f0                CRS_IRQHandler
                0x00000000080012f0                DMA1_Channel5_IRQHandler
                0x00000000080012f0                EXTI4_IRQHandler
                0x00000000080012f0                TIM1_TRG_COM_TIM17_IRQHandler
                0x00000000080012f0                DMA1_Channel3_IRQHandler
                0x00000000080012f0                COMP_IRQHandler
                0x00000000080012f0                WWDG_IRQHandler
                0x00000000080012f0                I2C4_EV_IRQHandler
                0x00000000080012f0                LPUART1_IRQHandler
                0x00000000080012f0                DMA2_Channel6_IRQHandler
                0x00000000080012f0                TIM2_IRQHandler
                0x00000000080012f0                DMA2D_IRQHandler
                0x00000000080012f0                EXTI1_IRQHandler
                0x00000000080012f0                AES_IRQHandler
                0x00000000080012f0                USART2_IRQHandler
                0x00000000080012f0                DFSDM1_FLT0_IRQHandler
                0x00000000080012f0                I2C2_ER_IRQHandler
                0x00000000080012f0                DMA1_Channel2_IRQHandler
                0x00000000080012f0                TIM8_BRK_IRQHandler
                0x00000000080012f0                CAN1_SCE_IRQHandler
                0x00000000080012f0                FLASH_IRQHandler
                0x00000000080012f0                USART1_IRQHandler
                0x00000000080012f0                OTG_FS_IRQHandler
                0x00000000080012f0                SPI3_IRQHandler
                0x00000000080012f0                I2C1_ER_IRQHandler
                0x00000000080012f0                FMC_IRQHandler
                0x00000000080012f0                SWPMI1_IRQHandler
                0x00000000080012f0                LPTIM1_IRQHandler
                0x00000000080012f0                I2C4_ER_IRQHandler
                0x00000000080012f0                SAI1_IRQHandler
                0x00000000080012f0                DMA2_Channel3_IRQHandler
                0x00000000080012f0                TIM1_BRK_TIM15_IRQHandler
 *fill*         0x00000000080012f2        0x2 
 .text.SELECT   0x00000000080012f4       0x1c ./Drivers/BSP/Component/sd_card/fatfs_sd.o
 .text.DESELECT
                0x0000000008001310       0x1c ./Drivers/BSP/Component/sd_card/fatfs_sd.o
 .text.SPI_TxByte
                0x000000000800132c       0x34 ./Drivers/BSP/Component/sd_card/fatfs_sd.o
 .text.SPI_TxBuffer
                0x0000000008001360       0x34 ./Drivers/BSP/Component/sd_card/fatfs_sd.o
 .text.SPI_RxByte
                0x0000000008001394       0x38 ./Drivers/BSP/Component/sd_card/fatfs_sd.o
 .text.SPI_RxBytePtr
                0x00000000080013cc       0x1c ./Drivers/BSP/Component/sd_card/fatfs_sd.o
 .text.SD_ReadyWait
                0x00000000080013e8       0x34 ./Drivers/BSP/Component/sd_card/fatfs_sd.o
 .text.SD_PowerOn
                0x000000000800141c       0x84 ./Drivers/BSP/Component/sd_card/fatfs_sd.o
 .text.SD_PowerOff
                0x00000000080014a0       0x18 ./Drivers/BSP/Component/sd_card/fatfs_sd.o
 .text.SD_CheckPower
                0x00000000080014b8       0x18 ./Drivers/BSP/Component/sd_card/fatfs_sd.o
 .text.SD_RxDataBlock
                0x00000000080014d0       0x60 ./Drivers/BSP/Component/sd_card/fatfs_sd.o
 .text.SD_TxDataBlock
                0x0000000008001530       0x86 ./Drivers/BSP/Component/sd_card/fatfs_sd.o
 .text.SD_SendCmd
                0x00000000080015b6       0xa8 ./Drivers/BSP/Component/sd_card/fatfs_sd.o
 *fill*         0x000000000800165e        0x2 
 .text.SD_disk_initialize
                0x0000000008001660      0x1d8 ./Drivers/BSP/Component/sd_card/fatfs_sd.o
                0x0000000008001660                SD_disk_initialize
 .text.SD_disk_status
                0x0000000008001838       0x2c ./Drivers/BSP/Component/sd_card/fatfs_sd.o
                0x0000000008001838                SD_disk_status
 .text.SD_disk_read
                0x0000000008001864       0xd4 ./Drivers/BSP/Component/sd_card/fatfs_sd.o
                0x0000000008001864                SD_disk_read
 .text.SD_disk_write
                0x0000000008001938      0x108 ./Drivers/BSP/Component/sd_card/fatfs_sd.o
                0x0000000008001938                SD_disk_write
 .text.SD_disk_ioctl
                0x0000000008001a40      0x258 ./Drivers/BSP/Component/sd_card/fatfs_sd.o
                0x0000000008001a40                SD_disk_ioctl
 .text.HAL_Init
                0x0000000008001c98       0x30 ./Drivers/STM32L4xx_HAL_Driver/Src/stm32l4xx_hal.o
                0x0000000008001c98                HAL_Init
 .text.HAL_InitTick
                0x0000000008001cc8       0x78 ./Drivers/STM32L4xx_HAL_Driver/Src/stm32l4xx_hal.o
                0x0000000008001cc8                HAL_InitTick
 .text.HAL_IncTick
                0x0000000008001d40       0x28 ./Drivers/STM32L4xx_HAL_Driver/Src/stm32l4xx_hal.o
                0x0000000008001d40                HAL_IncTick
 .text.HAL_GetTick
                0x0000000008001d68       0x18 ./Drivers/STM32L4xx_HAL_Driver/Src/stm32l4xx_hal.o
                0x0000000008001d68                HAL_GetTick
 .text.HAL_Delay
                0x0000000008001d80       0x48 ./Drivers/STM32L4xx_HAL_Driver/Src/stm32l4xx_hal.o
                0x0000000008001d80                HAL_Delay
 .text.__NVIC_SetPriorityGrouping
                0x0000000008001dc8       0x48 ./Drivers/STM32L4xx_HAL_Driver/Src/stm32l4xx_hal_cortex.o
 .text.__NVIC_GetPriorityGrouping
                0x0000000008001e10       0x1c ./Drivers/STM32L4xx_HAL_Driver/Src/stm32l4xx_hal_cortex.o
 .text.__NVIC_SetPriority
                0x0000000008001e2c       0x54 ./Drivers/STM32L4xx_HAL_Driver/Src/stm32l4xx_hal_cortex.o
 .text.NVIC_EncodePriority
                0x0000000008001e80       0x66 ./Drivers/STM32L4xx_HAL_Driver/Src/stm32l4xx_hal_cortex.o
 *fill*         0x0000000008001ee6        0x2 
 .text.SysTick_Config
                0x0000000008001ee8       0x44 ./Drivers/STM32L4xx_HAL_Driver/Src/stm32l4xx_hal_cortex.o
 .text.HAL_NVIC_SetPriorityGrouping
                0x0000000008001f2c       0x16 ./Drivers/STM32L4xx_HAL_Driver/Src/stm32l4xx_hal_cortex.o
                0x0000000008001f2c                HAL_NVIC_SetPriorityGrouping
 .text.HAL_NVIC_SetPriority
                0x0000000008001f42       0x38 ./Drivers/STM32L4xx_HAL_Driver/Src/stm32l4xx_hal_cortex.o
                0x0000000008001f42                HAL_NVIC_SetPriority
 .text.HAL_SYSTICK_Config
                0x0000000008001f7a       0x18 ./Drivers/STM32L4xx_HAL_Driver/Src/stm32l4xx_hal_cortex.o
                0x0000000008001f7a                HAL_SYSTICK_Config
 *fill*         0x0000000008001f92        0x2 
 .text.HAL_GPIO_Init
                0x0000000008001f94      0x324 ./Drivers/STM32L4xx_HAL_Driver/Src/stm32l4xx_hal_gpio.o
                0x0000000008001f94                HAL_GPIO_Init
 .text.HAL_GPIO_WritePin
                0x00000000080022b8       0x30 ./Drivers/STM32L4xx_HAL_Driver/Src/stm32l4xx_hal_gpio.o
                0x00000000080022b8                HAL_GPIO_WritePin
 .text.HAL_PWREx_GetVoltageRange
                0x00000000080022e8       0x1c ./Drivers/STM32L4xx_HAL_Driver/Src/stm32l4xx_hal_pwr_ex.o
                0x00000000080022e8                HAL_PWREx_GetVoltageRange
 .text.HAL_PWREx_ControlVoltageScaling
                0x0000000008002304       0xac ./Drivers/STM32L4xx_HAL_Driver/Src/stm32l4xx_hal_pwr_ex.o
                0x0000000008002304                HAL_PWREx_ControlVoltageScaling
 .text.HAL_PWREx_EnableVddIO2
                0x00000000080023b0       0x20 ./Drivers/STM32L4xx_HAL_Driver/Src/stm32l4xx_hal_pwr_ex.o
                0x00000000080023b0                HAL_PWREx_EnableVddIO2
 .text.HAL_RCC_OscConfig
                0x00000000080023d0      0x834 ./Drivers/STM32L4xx_HAL_Driver/Src/stm32l4xx_hal_rcc.o
                0x00000000080023d0                HAL_RCC_OscConfig
 .text.HAL_RCC_ClockConfig
                0x0000000008002c04      0x200 ./Drivers/STM32L4xx_HAL_Driver/Src/stm32l4xx_hal_rcc.o
                0x0000000008002c04                HAL_RCC_ClockConfig
 .text.HAL_RCC_GetSysClockFreq
                0x0000000008002e04      0x118 ./Drivers/STM32L4xx_HAL_Driver/Src/stm32l4xx_hal_rcc.o
                0x0000000008002e04                HAL_RCC_GetSysClockFreq
 .text.HAL_RCC_GetHCLKFreq
                0x0000000008002f1c       0x18 ./Drivers/STM32L4xx_HAL_Driver/Src/stm32l4xx_hal_rcc.o
                0x0000000008002f1c                HAL_RCC_GetHCLKFreq
 .text.HAL_RCC_GetPCLK1Freq
                0x0000000008002f34       0x2c ./Drivers/STM32L4xx_HAL_Driver/Src/stm32l4xx_hal_rcc.o
                0x0000000008002f34                HAL_RCC_GetPCLK1Freq
 .text.HAL_RCC_GetPCLK2Freq
                0x0000000008002f60       0x2c ./Drivers/STM32L4xx_HAL_Driver/Src/stm32l4xx_hal_rcc.o
                0x0000000008002f60                HAL_RCC_GetPCLK2Freq
 .text.RCC_SetFlashLatencyFromMSIRange
                0x0000000008002f8c       0xc0 ./Drivers/STM32L4xx_HAL_Driver/Src/stm32l4xx_hal_rcc.o
 .text.HAL_RCCEx_PeriphCLKConfig
                0x000000000800304c      0x5f8 ./Drivers/STM32L4xx_HAL_Driver/Src/stm32l4xx_hal_rcc_ex.o
                0x000000000800304c                HAL_RCCEx_PeriphCLKConfig
 .text.RCCEx_PLLSAI1_Config
                0x0000000008003644      0x1e4 ./Drivers/STM32L4xx_HAL_Driver/Src/stm32l4xx_hal_rcc_ex.o
 .text.RCCEx_PLLSAI2_Config
                0x0000000008003828      0x1b8 ./Drivers/STM32L4xx_HAL_Driver/Src/stm32l4xx_hal_rcc_ex.o
 .text.HAL_SPI_Init
                0x00000000080039e0      0x146 ./Drivers/STM32L4xx_HAL_Driver/Src/stm32l4xx_hal_spi.o
                0x00000000080039e0                HAL_SPI_Init
 .text.HAL_SPI_Transmit
                0x0000000008003b26      0x2dc ./Drivers/STM32L4xx_HAL_Driver/Src/stm32l4xx_hal_spi.o
                0x0000000008003b26                HAL_SPI_Transmit
 .text.HAL_SPI_TransmitReceive
                0x0000000008003e02      0x426 ./Drivers/STM32L4xx_HAL_Driver/Src/stm32l4xx_hal_spi.o
                0x0000000008003e02                HAL_SPI_TransmitReceive
 .text.SPI_WaitFlagStateUntilTimeout
                0x0000000008004228      0x110 ./Drivers/STM32L4xx_HAL_Driver/Src/stm32l4xx_hal_spi.o
 .text.SPI_WaitFifoStateUntilTimeout
                0x0000000008004338      0x12c ./Drivers/STM32L4xx_HAL_Driver/Src/stm32l4xx_hal_spi.o
 .text.SPI_EndRxTxTransaction
                0x0000000008004464       0x8c ./Drivers/STM32L4xx_HAL_Driver/Src/stm32l4xx_hal_spi.o
 .text.HAL_UART_Init
                0x00000000080044f0       0x9c ./Drivers/STM32L4xx_HAL_Driver/Src/stm32l4xx_hal_uart.o
                0x00000000080044f0                HAL_UART_Init
 .text.HAL_UART_Transmit
                0x000000000800458c      0x128 ./Drivers/STM32L4xx_HAL_Driver/Src/stm32l4xx_hal_uart.o
                0x000000000800458c                HAL_UART_Transmit
 .text.UART_SetConfig
                0x00000000080046b4      0x570 ./Drivers/STM32L4xx_HAL_Driver/Src/stm32l4xx_hal_uart.o
                0x00000000080046b4                UART_SetConfig
 .text.UART_AdvFeatureConfig
                0x0000000008004c24      0x144 ./Drivers/STM32L4xx_HAL_Driver/Src/stm32l4xx_hal_uart.o
                0x0000000008004c24                UART_AdvFeatureConfig
 .text.UART_CheckIdleState
                0x0000000008004d68       0x92 ./Drivers/STM32L4xx_HAL_Driver/Src/stm32l4xx_hal_uart.o
                0x0000000008004d68                UART_CheckIdleState
 .text.UART_WaitOnFlagUntilTimeout
                0x0000000008004dfa      0x188 ./Drivers/STM32L4xx_HAL_Driver/Src/stm32l4xx_hal_uart.o
                0x0000000008004dfa                UART_WaitOnFlagUntilTimeout
 *fill*         0x0000000008004f82        0x2 
 .text.MX_FATFS_Init
                0x0000000008004f84       0x24 ./FATFS/App/fatfs.o
                0x0000000008004f84                MX_FATFS_Init
 .text.get_fattime
                0x0000000008004fa8       0x10 ./FATFS/App/fatfs.o
                0x0000000008004fa8                get_fattime
 .text.USER_initialize
                0x0000000008004fb8       0x1c ./FATFS/Target/user_diskio.o
                0x0000000008004fb8                USER_initialize
 .text.USER_status
                0x0000000008004fd4       0x1c ./FATFS/Target/user_diskio.o
                0x0000000008004fd4                USER_status
 .text.USER_read
                0x0000000008004ff0       0x26 ./FATFS/Target/user_diskio.o
                0x0000000008004ff0                USER_read
 .text.USER_write
                0x0000000008005016       0x26 ./FATFS/Target/user_diskio.o
                0x0000000008005016                USER_write
 .text.USER_ioctl
                0x000000000800503c       0x26 ./FATFS/Target/user_diskio.o
                0x000000000800503c                USER_ioctl
 *fill*         0x0000000008005062        0x2 
 .text.disk_status
                0x0000000008005064       0x34 ./Middlewares/Third_Party/FatFs/src/diskio.o
                0x0000000008005064                disk_status
 .text.disk_initialize
                0x0000000008005098       0x4c ./Middlewares/Third_Party/FatFs/src/diskio.o
                0x0000000008005098                disk_initialize
 .text.disk_read
                0x00000000080050e4       0x40 ./Middlewares/Third_Party/FatFs/src/diskio.o
                0x00000000080050e4                disk_read
 .text.disk_write
                0x0000000008005124       0x40 ./Middlewares/Third_Party/FatFs/src/diskio.o
                0x0000000008005124                disk_write
 .text.disk_ioctl
                0x0000000008005164       0x3c ./Middlewares/Third_Party/FatFs/src/diskio.o
                0x0000000008005164                disk_ioctl
 .text.ld_word  0x00000000080051a0       0x30 ./Middlewares/Third_Party/FatFs/src/ff.o
 .text.ld_dword
                0x00000000080051d0       0x46 ./Middlewares/Third_Party/FatFs/src/ff.o
 .text.st_word  0x0000000008005216       0x36 ./Middlewares/Third_Party/FatFs/src/ff.o
 .text.st_dword
                0x000000000800524c       0x58 ./Middlewares/Third_Party/FatFs/src/ff.o
 .text.mem_cpy  0x00000000080052a4       0x42 ./Middlewares/Third_Party/FatFs/src/ff.o
 .text.mem_set  0x00000000080052e6       0x36 ./Middlewares/Third_Party/FatFs/src/ff.o
 .text.mem_cmp  0x000000000800531c       0x4e ./Middlewares/Third_Party/FatFs/src/ff.o
 .text.chk_chr  0x000000000800536a       0x36 ./Middlewares/Third_Party/FatFs/src/ff.o
 .text.chk_lock
                0x00000000080053a0       0xb8 ./Middlewares/Third_Party/FatFs/src/ff.o
 .text.enq_lock
                0x0000000008005458       0x44 ./Middlewares/Third_Party/FatFs/src/ff.o
 .text.inc_lock
                0x000000000800549c      0x11c ./Middlewares/Third_Party/FatFs/src/ff.o
 .text.dec_lock
                0x00000000080055b8       0x78 ./Middlewares/Third_Party/FatFs/src/ff.o
 .text.clear_lock
                0x0000000008005630       0x48 ./Middlewares/Third_Party/FatFs/src/ff.o
 .text.sync_window
                0x0000000008005678       0x88 ./Middlewares/Third_Party/FatFs/src/ff.o
 .text.move_window
                0x0000000008005700       0x5a ./Middlewares/Third_Party/FatFs/src/ff.o
 *fill*         0x000000000800575a        0x2 
 .text.sync_fs  0x000000000800575c       0xe0 ./Middlewares/Third_Party/FatFs/src/ff.o
 .text.clust2sect
                0x000000000800583c       0x3e ./Middlewares/Third_Party/FatFs/src/ff.o
 .text.get_fat  0x000000000800587a      0x1a8 ./Middlewares/Third_Party/FatFs/src/ff.o
 .text.put_fat  0x0000000008005a22      0x238 ./Middlewares/Third_Party/FatFs/src/ff.o
 .text.remove_chain
                0x0000000008005c5a       0xca ./Middlewares/Third_Party/FatFs/src/ff.o
 .text.create_chain
                0x0000000008005d24      0x130 ./Middlewares/Third_Party/FatFs/src/ff.o
 .text.clmt_clust
                0x0000000008005e54       0x70 ./Middlewares/Third_Party/FatFs/src/ff.o
 .text.dir_sdi  0x0000000008005ec4      0x112 ./Middlewares/Third_Party/FatFs/src/ff.o
 .text.dir_next
                0x0000000008005fd6      0x1ac ./Middlewares/Third_Party/FatFs/src/ff.o
 .text.dir_alloc
                0x0000000008006182       0x8e ./Middlewares/Third_Party/FatFs/src/ff.o
 .text.ld_clust
                0x0000000008006210       0x3e ./Middlewares/Third_Party/FatFs/src/ff.o
 .text.st_clust
                0x000000000800624e       0x40 ./Middlewares/Third_Party/FatFs/src/ff.o
 *fill*         0x000000000800628e        0x2 
 .text.cmp_lfn  0x0000000008006290       0xe0 ./Middlewares/Third_Party/FatFs/src/ff.o
 .text.put_lfn  0x0000000008006370       0xd0 ./Middlewares/Third_Party/FatFs/src/ff.o
 .text.gen_numname
                0x0000000008006440      0x11c ./Middlewares/Third_Party/FatFs/src/ff.o
 .text.sum_sfn  0x000000000800655c       0x42 ./Middlewares/Third_Party/FatFs/src/ff.o
 .text.dir_find
                0x000000000800659e      0x180 ./Middlewares/Third_Party/FatFs/src/ff.o
 *fill*         0x000000000800671e        0x2 
 .text.dir_register
                0x0000000008006720      0x1f0 ./Middlewares/Third_Party/FatFs/src/ff.o
 .text.create_name
                0x0000000008006910      0x370 ./Middlewares/Third_Party/FatFs/src/ff.o
 .text.follow_path
                0x0000000008006c80       0xec ./Middlewares/Third_Party/FatFs/src/ff.o
 .text.get_ldnumber
                0x0000000008006d6c       0x88 ./Middlewares/Third_Party/FatFs/src/ff.o
 .text.check_fs
                0x0000000008006df4       0xac ./Middlewares/Third_Party/FatFs/src/ff.o
 .text.find_volume
                0x0000000008006ea0      0x50c ./Middlewares/Third_Party/FatFs/src/ff.o
 .text.validate
                0x00000000080073ac       0x6a ./Middlewares/Third_Party/FatFs/src/ff.o
 *fill*         0x0000000008007416        0x2 
 .text.f_mount  0x0000000008007418       0x8c ./Middlewares/Third_Party/FatFs/src/ff.o
                0x0000000008007418                f_mount
 .text.f_open   0x00000000080074a4      0x398 ./Middlewares/Third_Party/FatFs/src/ff.o
                0x00000000080074a4                f_open
 .text.f_read   0x000000000800783c      0x2be ./Middlewares/Third_Party/FatFs/src/ff.o
                0x000000000800783c                f_read
 .text.f_write  0x0000000008007afa      0x328 ./Middlewares/Third_Party/FatFs/src/ff.o
                0x0000000008007afa                f_write
 .text.f_sync   0x0000000008007e22       0xfc ./Middlewares/Third_Party/FatFs/src/ff.o
                0x0000000008007e22                f_sync
 .text.f_close  0x0000000008007f1e       0x54 ./Middlewares/Third_Party/FatFs/src/ff.o
                0x0000000008007f1e                f_close
 .text.f_getfree
                0x0000000008007f72      0x16a ./Middlewares/Third_Party/FatFs/src/ff.o
                0x0000000008007f72                f_getfree
 .text.f_gets   0x00000000080080dc       0x7a ./Middlewares/Third_Party/FatFs/src/ff.o
                0x00000000080080dc                f_gets
 .text.putc_bfd
                0x0000000008008156       0x7a ./Middlewares/Third_Party/FatFs/src/ff.o
 .text.putc_flush
                0x00000000080081d0       0x4a ./Middlewares/Third_Party/FatFs/src/ff.o
 .text.putc_init
                0x000000000800821a       0x2a ./Middlewares/Third_Party/FatFs/src/ff.o
 .text.f_puts   0x0000000008008244       0x48 ./Middlewares/Third_Party/FatFs/src/ff.o
                0x0000000008008244                f_puts
 .text.FATFS_LinkDriverEx
                0x000000000800828c       0x98 ./Middlewares/Third_Party/FatFs/src/ff_gen_drv.o
                0x000000000800828c                FATFS_LinkDriverEx
 .text.FATFS_LinkDriver
                0x0000000008008324       0x1e ./Middlewares/Third_Party/FatFs/src/ff_gen_drv.o
                0x0000000008008324                FATFS_LinkDriver
 *fill*         0x0000000008008342        0x2 
 .text.ff_convert
                0x0000000008008344       0x78 ./Middlewares/Third_Party/FatFs/src/option/ccsbcs.o
                0x0000000008008344                ff_convert
 .text.ff_wtoupper
                0x00000000080083bc      0x114 ./Middlewares/Third_Party/FatFs/src/option/ccsbcs.o
                0x00000000080083bc                ff_wtoupper
 .text.__errno  0x00000000080084d0        0xc /opt/st/stm32cubeide_1.12.1/plugins/com.st.stm32cube.ide.mcu.externaltools.gnu-tools-for-stm32.10.3-2021.10.linux64_1.0.200.202301161003/tools/bin/../lib/gcc/arm-none-eabi/10.3.1/../../../../arm-none-eabi/lib/thumb/v7e-m+fp/hard/libc_nano.a(lib_a-errno.o)
                0x00000000080084d0                __errno
 .text.__libc_init_array
                0x00000000080084dc       0x48 /opt/st/stm32cubeide_1.12.1/plugins/com.st.stm32cube.ide.mcu.externaltools.gnu-tools-for-stm32.10.3-2021.10.linux64_1.0.200.202301161003/tools/bin/../lib/gcc/arm-none-eabi/10.3.1/../../../../arm-none-eabi/lib/thumb/v7e-m+fp/hard/libc_nano.a(lib_a-init.o)
                0x00000000080084dc                __libc_init_array
 .text.memset   0x0000000008008524       0x10 /opt/st/stm32cubeide_1.12.1/plugins/com.st.stm32cube.ide.mcu.externaltools.gnu-tools-for-stm32.10.3-2021.10.linux64_1.0.200.202301161003/tools/bin/../lib/gcc/arm-none-eabi/10.3.1/../../../../arm-none-eabi/lib/thumb/v7e-m+fp/hard/libc_nano.a(lib_a-memset.o)
                0x0000000008008524                memset
 .text.sprintf  0x0000000008008534       0x40 /opt/st/stm32cubeide_1.12.1/plugins/com.st.stm32cube.ide.mcu.externaltools.gnu-tools-for-stm32.10.3-2021.10.linux64_1.0.200.202301161003/tools/bin/../lib/gcc/arm-none-eabi/10.3.1/../../../../arm-none-eabi/lib/thumb/v7e-m+fp/hard/libc_nano.a(lib_a-sprintf.o)
                0x0000000008008534                sprintf
                0x0000000008008534                siprintf
 .text.__ssputs_r
                0x0000000008008574       0xb6 /opt/st/stm32cubeide_1.12.1/plugins/com.st.stm32cube.ide.mcu.externaltools.gnu-tools-for-stm32.10.3-2021.10.linux64_1.0.200.202301161003/tools/bin/../lib/gcc/arm-none-eabi/10.3.1/../../../../arm-none-eabi/lib/thumb/v7e-m+fp/hard/libc_nano.a(lib_a-nano-svfprintf.o)
                0x0000000008008574                __ssputs_r
 *fill*         0x000000000800862a        0x2 
 .text._svfprintf_r
                0x000000000800862c      0x200 /opt/st/stm32cubeide_1.12.1/plugins/com.st.stm32cube.ide.mcu.externaltools.gnu-tools-for-stm32.10.3-2021.10.linux64_1.0.200.202301161003/tools/bin/../lib/gcc/arm-none-eabi/10.3.1/../../../../arm-none-eabi/lib/thumb/v7e-m+fp/hard/libc_nano.a(lib_a-nano-svfprintf.o)
                0x000000000800862c                _svfprintf_r
                0x000000000800862c                _svfiprintf_r
 .text._printf_common
                0x000000000800882c       0xda /opt/st/stm32cubeide_1.12.1/plugins/com.st.stm32cube.ide.mcu.externaltools.gnu-tools-for-stm32.10.3-2021.10.linux64_1.0.200.202301161003/tools/bin/../lib/gcc/arm-none-eabi/10.3.1/../../../../arm-none-eabi/lib/thumb/v7e-m+fp/hard/libc_nano.a(lib_a-nano-vfprintf_i.o)
                0x000000000800882c                _printf_common
 *fill*         0x0000000008008906        0x2 
 .text._printf_i
                0x0000000008008908      0x24c /opt/st/stm32cubeide_1.12.1/plugins/com.st.stm32cube.ide.mcu.externaltools.gnu-tools-for-stm32.10.3-2021.10.linux64_1.0.200.202301161003/tools/bin/../lib/gcc/arm-none-eabi/10.3.1/../../../../arm-none-eabi/lib/thumb/v7e-m+fp/hard/libc_nano.a(lib_a-nano-vfprintf_i.o)
                0x0000000008008908                _printf_i
 .text.memcpy   0x0000000008008b54       0x1c /opt/st/stm32cubeide_1.12.1/plugins/com.st.stm32cube.ide.mcu.externaltools.gnu-tools-for-stm32.10.3-2021.10.linux64_1.0.200.202301161003/tools/bin/../lib/gcc/arm-none-eabi/10.3.1/../../../../arm-none-eabi/lib/thumb/v7e-m+fp/hard/libc_nano.a(lib_a-memcpy-stub.o)
                0x0000000008008b54                memcpy
 .text.memmove  0x0000000008008b70       0x34 /opt/st/stm32cubeide_1.12.1/plugins/com.st.stm32cube.ide.mcu.externaltools.gnu-tools-for-stm32.10.3-2021.10.linux64_1.0.200.202301161003/tools/bin/../lib/gcc/arm-none-eabi/10.3.1/../../../../arm-none-eabi/lib/thumb/v7e-m+fp/hard/libc_nano.a(lib_a-memmove.o)
                0x0000000008008b70                memmove
 .text._free_r  0x0000000008008ba4       0x98 /opt/st/stm32cubeide_1.12.1/plugins/com.st.stm32cube.ide.mcu.externaltools.gnu-tools-for-stm32.10.3-2021.10.linux64_1.0.200.202301161003/tools/bin/../lib/gcc/arm-none-eabi/10.3.1/../../../../arm-none-eabi/lib/thumb/v7e-m+fp/hard/libc_nano.a(lib_a-nano-freer.o)
                0x0000000008008ba4                _free_r
 .text.sbrk_aligned
                0x0000000008008c3c       0x40 /opt/st/stm32cubeide_1.12.1/plugins/com.st.stm32cube.ide.mcu.externaltools.gnu-tools-for-stm32.10.3-2021.10.linux64_1.0.200.202301161003/tools/bin/../lib/gcc/arm-none-eabi/10.3.1/../../../../arm-none-eabi/lib/thumb/v7e-m+fp/hard/libc_nano.a(lib_a-nano-mallocr.o)
 .text._malloc_r
                0x0000000008008c7c       0xe8 /opt/st/stm32cubeide_1.12.1/plugins/com.st.stm32cube.ide.mcu.externaltools.gnu-tools-for-stm32.10.3-2021.10.linux64_1.0.200.202301161003/tools/bin/../lib/gcc/arm-none-eabi/10.3.1/../../../../arm-none-eabi/lib/thumb/v7e-m+fp/hard/libc_nano.a(lib_a-nano-mallocr.o)
                0x0000000008008c7c                _malloc_r
 .text._realloc_r
                0x0000000008008d64       0x5e /opt/st/stm32cubeide_1.12.1/plugins/com.st.stm32cube.ide.mcu.externaltools.gnu-tools-for-stm32.10.3-2021.10.linux64_1.0.200.202301161003/tools/bin/../lib/gcc/arm-none-eabi/10.3.1/../../../../arm-none-eabi/lib/thumb/v7e-m+fp/hard/libc_nano.a(lib_a-nano-reallocr.o)
                0x0000000008008d64                _realloc_r
 *fill*         0x0000000008008dc2        0x2 
 .text._sbrk_r  0x0000000008008dc4       0x20 /opt/st/stm32cubeide_1.12.1/plugins/com.st.stm32cube.ide.mcu.externaltools.gnu-tools-for-stm32.10.3-2021.10.linux64_1.0.200.202301161003/tools/bin/../lib/gcc/arm-none-eabi/10.3.1/../../../../arm-none-eabi/lib/thumb/v7e-m+fp/hard/libc_nano.a(lib_a-sbrkr.o)
                0x0000000008008dc4                _sbrk_r
 .text.__malloc_lock
                0x0000000008008de4        0xc /opt/st/stm32cubeide_1.12.1/plugins/com.st.stm32cube.ide.mcu.externaltools.gnu-tools-for-stm32.10.3-2021.10.linux64_1.0.200.202301161003/tools/bin/../lib/gcc/arm-none-eabi/10.3.1/../../../../arm-none-eabi/lib/thumb/v7e-m+fp/hard/libc_nano.a(lib_a-mlock.o)
                0x0000000008008de4                __malloc_lock
 .text.__malloc_unlock
                0x0000000008008df0        0xc /opt/st/stm32cubeide_1.12.1/plugins/com.st.stm32cube.ide.mcu.externaltools.gnu-tools-for-stm32.10.3-2021.10.linux64_1.0.200.202301161003/tools/bin/../lib/gcc/arm-none-eabi/10.3.1/../../../../arm-none-eabi/lib/thumb/v7e-m+fp/hard/libc_nano.a(lib_a-mlock.o)
                0x0000000008008df0                __malloc_unlock
 .text._malloc_usable_size_r
                0x0000000008008dfc       0x10 /opt/st/stm32cubeide_1.12.1/plugins/com.st.stm32cube.ide.mcu.externaltools.gnu-tools-for-stm32.10.3-2021.10.linux64_1.0.200.202301161003/tools/bin/../lib/gcc/arm-none-eabi/10.3.1/../../../../arm-none-eabi/lib/thumb/v7e-m+fp/hard/libc_nano.a(lib_a-nano-msizer.o)
                0x0000000008008dfc                _malloc_usable_size_r
 .text.__retarget_lock_acquire_recursive
                0x0000000008008e0c        0x2 /opt/st/stm32cubeide_1.12.1/plugins/com.st.stm32cube.ide.mcu.externaltools.gnu-tools-for-stm32.10.3-2021.10.linux64_1.0.200.202301161003/tools/bin/../lib/gcc/arm-none-eabi/10.3.1/../../../../arm-none-eabi/lib/thumb/v7e-m+fp/hard/libc_nano.a(lib_a-lock.o)
                0x0000000008008e0c                __retarget_lock_acquire_recursive
 .text.__retarget_lock_release_recursive
                0x0000000008008e0e        0x2 /opt/st/stm32cubeide_1.12.1/plugins/com.st.stm32cube.ide.mcu.externaltools.gnu-tools-for-stm32.10.3-2021.10.linux64_1.0.200.202301161003/tools/bin/../lib/gcc/arm-none-eabi/10.3.1/../../../../arm-none-eabi/lib/thumb/v7e-m+fp/hard/libc_nano.a(lib_a-lock.o)
                0x0000000008008e0e                __retarget_lock_release_recursive
 *(.glue_7)
 .glue_7        0x0000000008008e10        0x0 linker stubs
 *(.glue_7t)
 .glue_7t       0x0000000008008e10        0x0 linker stubs
 *(.eh_frame)
 .eh_frame      0x0000000008008e10        0x0 /opt/st/stm32cubeide_1.12.1/plugins/com.st.stm32cube.ide.mcu.externaltools.gnu-tools-for-stm32.10.3-2021.10.linux64_1.0.200.202301161003/tools/bin/../lib/gcc/arm-none-eabi/10.3.1/thumb/v7e-m+fp/hard/crtbegin.o
 *(.init)
 .init          0x0000000008008e10        0x4 /opt/st/stm32cubeide_1.12.1/plugins/com.st.stm32cube.ide.mcu.externaltools.gnu-tools-for-stm32.10.3-2021.10.linux64_1.0.200.202301161003/tools/bin/../lib/gcc/arm-none-eabi/10.3.1/thumb/v7e-m+fp/hard/crti.o
                0x0000000008008e10                _init
 .init          0x0000000008008e14        0x8 /opt/st/stm32cubeide_1.12.1/plugins/com.st.stm32cube.ide.mcu.externaltools.gnu-tools-for-stm32.10.3-2021.10.linux64_1.0.200.202301161003/tools/bin/../lib/gcc/arm-none-eabi/10.3.1/thumb/v7e-m+fp/hard/crtn.o
 *(.fini)
 .fini          0x0000000008008e1c        0x4 /opt/st/stm32cubeide_1.12.1/plugins/com.st.stm32cube.ide.mcu.externaltools.gnu-tools-for-stm32.10.3-2021.10.linux64_1.0.200.202301161003/tools/bin/../lib/gcc/arm-none-eabi/10.3.1/thumb/v7e-m+fp/hard/crti.o
                0x0000000008008e1c                _fini
 .fini          0x0000000008008e20        0x8 /opt/st/stm32cubeide_1.12.1/plugins/com.st.stm32cube.ide.mcu.externaltools.gnu-tools-for-stm32.10.3-2021.10.linux64_1.0.200.202301161003/tools/bin/../lib/gcc/arm-none-eabi/10.3.1/thumb/v7e-m+fp/hard/crtn.o
                0x0000000008008e28                . = ALIGN (0x4)
                0x0000000008008e28                _etext = .

.vfp11_veneer   0x0000000008008e28        0x0
 .vfp11_veneer  0x0000000008008e28        0x0 linker stubs

.v4_bx          0x0000000008008e28        0x0
 .v4_bx         0x0000000008008e28        0x0 linker stubs

.iplt           0x0000000008008e28        0x0
 .iplt          0x0000000008008e28        0x0 /opt/st/stm32cubeide_1.12.1/plugins/com.st.stm32cube.ide.mcu.externaltools.gnu-tools-for-stm32.10.3-2021.10.linux64_1.0.200.202301161003/tools/bin/../lib/gcc/arm-none-eabi/10.3.1/thumb/v7e-m+fp/hard/crtbegin.o

.rodata         0x0000000008008e28      0x64c
                0x0000000008008e28                . = ALIGN (0x4)
 *(.rodata)
 .rodata        0x0000000008008e28      0x147 ./Core/Src/main.o
 *fill*         0x0000000008008f6f        0x1 
 .rodata        0x0000000008008f70       0x48 ./Middlewares/Third_Party/FatFs/src/ff.o
 *(.rodata*)
 .rodata.AHBPrescTable
                0x0000000008008fb8       0x10 ./Core/Src/system_stm32l4xx.o
                0x0000000008008fb8                AHBPrescTable
 .rodata.APBPrescTable
                0x0000000008008fc8        0x8 ./Core/Src/system_stm32l4xx.o
                0x0000000008008fc8                APBPrescTable
 .rodata.MSIRangeTable
                0x0000000008008fd0       0x30 ./Core/Src/system_stm32l4xx.o
                0x0000000008008fd0                MSIRangeTable
 .rodata.ExCvt  0x0000000008009000       0x80 ./Middlewares/Third_Party/FatFs/src/ff.o
 .rodata.LfnOfs
                0x0000000008009080        0xd ./Middlewares/Third_Party/FatFs/src/ff.o
 *fill*         0x000000000800908d        0x3 
 .rodata.Tbl    0x0000000008009090      0x100 ./Middlewares/Third_Party/FatFs/src/option/ccsbcs.o
 .rodata.cvt1.1
                0x0000000008009190      0x1f2 ./Middlewares/Third_Party/FatFs/src/option/ccsbcs.o
 *fill*         0x0000000008009382        0x2 
 .rodata.cvt2.0
                0x0000000008009384       0xbc ./Middlewares/Third_Party/FatFs/src/option/ccsbcs.o
 .rodata._svfprintf_r.str1.1
                0x0000000008009440       0x11 /opt/st/stm32cubeide_1.12.1/plugins/com.st.stm32cube.ide.mcu.externaltools.gnu-tools-for-stm32.10.3-2021.10.linux64_1.0.200.202301161003/tools/bin/../lib/gcc/arm-none-eabi/10.3.1/../../../../arm-none-eabi/lib/thumb/v7e-m+fp/hard/libc_nano.a(lib_a-nano-svfprintf.o)
 .rodata._printf_i.str1.1
                0x0000000008009451       0x22 /opt/st/stm32cubeide_1.12.1/plugins/com.st.stm32cube.ide.mcu.externaltools.gnu-tools-for-stm32.10.3-2021.10.linux64_1.0.200.202301161003/tools/bin/../lib/gcc/arm-none-eabi/10.3.1/../../../../arm-none-eabi/lib/thumb/v7e-m+fp/hard/libc_nano.a(lib_a-nano-vfprintf_i.o)
                0x0000000008009474                . = ALIGN (0x4)
 *fill*         0x0000000008009473        0x1 

.ARM.extab      0x0000000008009474        0x0
                0x0000000008009474                . = ALIGN (0x4)
 *(.ARM.extab* .gnu.linkonce.armextab.*)
                0x0000000008009474                . = ALIGN (0x4)

.ARM            0x0000000008009474        0x8
                0x0000000008009474                . = ALIGN (0x4)
                0x0000000008009474                __exidx_start = .
 *(.ARM.exidx*)
 .ARM.exidx     0x0000000008009474        0x8 /opt/st/stm32cubeide_1.12.1/plugins/com.st.stm32cube.ide.mcu.externaltools.gnu-tools-for-stm32.10.3-2021.10.linux64_1.0.200.202301161003/tools/bin/../lib/gcc/arm-none-eabi/10.3.1/thumb/v7e-m+fp/hard/libgcc.a(_udivmoddi4.o)
                0x000000000800947c                __exidx_end = .
                0x000000000800947c                . = ALIGN (0x4)

.rel.dyn        0x000000000800947c        0x0
 .rel.iplt      0x000000000800947c        0x0 /opt/st/stm32cubeide_1.12.1/plugins/com.st.stm32cube.ide.mcu.externaltools.gnu-tools-for-stm32.10.3-2021.10.linux64_1.0.200.202301161003/tools/bin/../lib/gcc/arm-none-eabi/10.3.1/thumb/v7e-m+fp/hard/crtbegin.o

.preinit_array  0x000000000800947c        0x0
                0x000000000800947c                . = ALIGN (0x4)
                0x000000000800947c                PROVIDE (__preinit_array_start = .)
 *(.preinit_array*)
                0x000000000800947c                PROVIDE (__preinit_array_end = .)
                0x000000000800947c                . = ALIGN (0x4)

.init_array     0x000000000800947c        0x4
                0x000000000800947c                . = ALIGN (0x4)
                0x000000000800947c                PROVIDE (__init_array_start = .)
 *(SORT_BY_NAME(.init_array.*))
 *(.init_array*)
 .init_array    0x000000000800947c        0x4 /opt/st/stm32cubeide_1.12.1/plugins/com.st.stm32cube.ide.mcu.externaltools.gnu-tools-for-stm32.10.3-2021.10.linux64_1.0.200.202301161003/tools/bin/../lib/gcc/arm-none-eabi/10.3.1/thumb/v7e-m+fp/hard/crtbegin.o
                0x0000000008009480                PROVIDE (__init_array_end = .)
                0x0000000008009480                . = ALIGN (0x4)

.fini_array     0x0000000008009480        0x4
                0x0000000008009480                . = ALIGN (0x4)
                [!provide]                        PROVIDE (__fini_array_start = .)
 *(SORT_BY_NAME(.fini_array.*))
 *(.fini_array*)
 .fini_array    0x0000000008009480        0x4 /opt/st/stm32cubeide_1.12.1/plugins/com.st.stm32cube.ide.mcu.externaltools.gnu-tools-for-stm32.10.3-2021.10.linux64_1.0.200.202301161003/tools/bin/../lib/gcc/arm-none-eabi/10.3.1/thumb/v7e-m+fp/hard/crtbegin.o
                [!provide]                        PROVIDE (__fini_array_end = .)
                0x0000000008009484                . = ALIGN (0x4)
                0x0000000008009484                _sidata = LOADADDR (.data)

.data           0x0000000020000000       0x88 load address 0x0000000008009484
                0x0000000020000000                . = ALIGN (0x4)
                0x0000000020000000                _sdata = .
 *(.data)
 *(.data*)
 .data.SystemCoreClock
                0x0000000020000000        0x4 ./Core/Src/system_stm32l4xx.o
                0x0000000020000000                SystemCoreClock
 .data.Stat     0x0000000020000004        0x1 ./Drivers/BSP/Component/sd_card/fatfs_sd.o
 *fill*         0x0000000020000005        0x3 
 .data.uwTickPrio
                0x0000000020000008        0x4 ./Drivers/STM32L4xx_HAL_Driver/Src/stm32l4xx_hal.o
                0x0000000020000008                uwTickPrio
 .data.uwTickFreq
                0x000000002000000c        0x1 ./Drivers/STM32L4xx_HAL_Driver/Src/stm32l4xx_hal.o
                0x000000002000000c                uwTickFreq
 *fill*         0x000000002000000d        0x3 
 .data.USER_Driver
                0x0000000020000010       0x14 ./FATFS/Target/user_diskio.o
                0x0000000020000010                USER_Driver
 .data._impure_ptr
                0x0000000020000024        0x4 /opt/st/stm32cubeide_1.12.1/plugins/com.st.stm32cube.ide.mcu.externaltools.gnu-tools-for-stm32.10.3-2021.10.linux64_1.0.200.202301161003/tools/bin/../lib/gcc/arm-none-eabi/10.3.1/../../../../arm-none-eabi/lib/thumb/v7e-m+fp/hard/libc_nano.a(lib_a-impure.o)
                0x0000000020000024                _impure_ptr
 .data.impure_data
                0x0000000020000028       0x60 /opt/st/stm32cubeide_1.12.1/plugins/com.st.stm32cube.ide.mcu.externaltools.gnu-tools-for-stm32.10.3-2021.10.linux64_1.0.200.202301161003/tools/bin/../lib/gcc/arm-none-eabi/10.3.1/../../../../arm-none-eabi/lib/thumb/v7e-m+fp/hard/libc_nano.a(lib_a-impure.o)
 *(.RamFunc)
 *(.RamFunc*)
                0x0000000020000088                . = ALIGN (0x4)
                0x0000000020000088                _edata = .

.igot.plt       0x0000000020000088        0x0 load address 0x000000000800950c
 .igot.plt      0x0000000020000088        0x0 /opt/st/stm32cubeide_1.12.1/plugins/com.st.stm32cube.ide.mcu.externaltools.gnu-tools-for-stm32.10.3-2021.10.linux64_1.0.200.202301161003/tools/bin/../lib/gcc/arm-none-eabi/10.3.1/thumb/v7e-m+fp/hard/crtbegin.o
                0x0000000020000088                . = ALIGN (0x4)

.bss            0x0000000020000088     0x27e0 load address 0x000000000800950c
                0x0000000020000088                _sbss = .
                0x0000000020000088                __bss_start__ = _sbss
 *(.bss)
 .bss           0x0000000020000088       0x1c /opt/st/stm32cubeide_1.12.1/plugins/com.st.stm32cube.ide.mcu.externaltools.gnu-tools-for-stm32.10.3-2021.10.linux64_1.0.200.202301161003/tools/bin/../lib/gcc/arm-none-eabi/10.3.1/thumb/v7e-m+fp/hard/crtbegin.o
 *(.bss*)
 .bss.hlpuart1  0x00000000200000a4       0x84 ./Core/Src/main.o
                0x00000000200000a4                hlpuart1
 .bss.hspi1     0x0000000020000128       0x64 ./Core/Src/main.o
                0x0000000020000128                hspi1
 .bss.fs        0x000000002000018c     0x1038 ./Core/Src/main.o
                0x000000002000018c                fs
 .bss.fil       0x00000000200011c4     0x1030 ./Core/Src/main.o
                0x00000000200011c4                fil
 .bss.fresult   0x00000000200021f4        0x1 ./Core/Src/main.o
                0x00000000200021f4                fresult
 *fill*         0x00000000200021f5        0x3 
 .bss.buffer    0x00000000200021f8      0x400 ./Core/Src/main.o
                0x00000000200021f8                buffer
 .bss.pfs       0x00000000200025f8        0x4 ./Core/Src/main.o
                0x00000000200025f8                pfs
 .bss.fre_clust
                0x00000000200025fc        0x4 ./Core/Src/main.o
                0x00000000200025fc                fre_clust
 .bss.total     0x0000000020002600        0x4 ./Core/Src/main.o
                0x0000000020002600                total
 .bss.free_space
                0x0000000020002604        0x4 ./Core/Src/main.o
                0x0000000020002604                free_space
 .bss.FatFsCnt  0x0000000020002608        0x1 ./Core/Src/stm32l4xx_it.o
                0x0000000020002608                FatFsCnt
 *fill*         0x0000000020002609        0x1 
 .bss.Timer1    0x000000002000260a        0x2 ./Core/Src/stm32l4xx_it.o
                0x000000002000260a                Timer1
 .bss.Timer2    0x000000002000260c        0x2 ./Core/Src/stm32l4xx_it.o
                0x000000002000260c                Timer2
 *fill*         0x000000002000260e        0x2 
 .bss.__sbrk_heap_end
                0x0000000020002610        0x4 ./Core/Src/sysmem.o
 .bss.CardType  0x0000000020002614        0x1 ./Drivers/BSP/Component/sd_card/fatfs_sd.o
 .bss.PowerFlag
                0x0000000020002615        0x1 ./Drivers/BSP/Component/sd_card/fatfs_sd.o
 *fill*         0x0000000020002616        0x2 
 .bss.uwTick    0x0000000020002618        0x4 ./Drivers/STM32L4xx_HAL_Driver/Src/stm32l4xx_hal.o
                0x0000000020002618                uwTick
 .bss.retUSER   0x000000002000261c        0x1 ./FATFS/App/fatfs.o
                0x000000002000261c                retUSER
 *fill*         0x000000002000261d        0x3 
 .bss.USERPath  0x0000000020002620        0x4 ./FATFS/App/fatfs.o
                0x0000000020002620                USERPath
 .bss.FatFs     0x0000000020002624        0x4 ./Middlewares/Third_Party/FatFs/src/ff.o
 .bss.Fsid      0x0000000020002628        0x2 ./Middlewares/Third_Party/FatFs/src/ff.o
 *fill*         0x000000002000262a        0x2 
 .bss.Files     0x000000002000262c       0x20 ./Middlewares/Third_Party/FatFs/src/ff.o
 .bss.LfnBuf    0x000000002000264c      0x200 ./Middlewares/Third_Party/FatFs/src/ff.o
 .bss.disk      0x000000002000284c        0xc ./Middlewares/Third_Party/FatFs/src/ff_gen_drv.o
                0x000000002000284c                disk
 .bss.__malloc_free_list
                0x0000000020002858        0x4 /opt/st/stm32cubeide_1.12.1/plugins/com.st.stm32cube.ide.mcu.externaltools.gnu-tools-for-stm32.10.3-2021.10.linux64_1.0.200.202301161003/tools/bin/../lib/gcc/arm-none-eabi/10.3.1/../../../../arm-none-eabi/lib/thumb/v7e-m+fp/hard/libc_nano.a(lib_a-nano-mallocr.o)
                0x0000000020002858                __malloc_free_list
 .bss.__malloc_sbrk_start
                0x000000002000285c        0x4 /opt/st/stm32cubeide_1.12.1/plugins/com.st.stm32cube.ide.mcu.externaltools.gnu-tools-for-stm32.10.3-2021.10.linux64_1.0.200.202301161003/tools/bin/../lib/gcc/arm-none-eabi/10.3.1/../../../../arm-none-eabi/lib/thumb/v7e-m+fp/hard/libc_nano.a(lib_a-nano-mallocr.o)
                0x000000002000285c                __malloc_sbrk_start
 .bss.errno     0x0000000020002860        0x4 /opt/st/stm32cubeide_1.12.1/plugins/com.st.stm32cube.ide.mcu.externaltools.gnu-tools-for-stm32.10.3-2021.10.linux64_1.0.200.202301161003/tools/bin/../lib/gcc/arm-none-eabi/10.3.1/../../../../arm-none-eabi/lib/thumb/v7e-m+fp/hard/libc_nano.a(lib_a-reent.o)
                0x0000000020002860                errno
 .bss.__lock___malloc_recursive_mutex
                0x0000000020002864        0x1 /opt/st/stm32cubeide_1.12.1/plugins/com.st.stm32cube.ide.mcu.externaltools.gnu-tools-for-stm32.10.3-2021.10.linux64_1.0.200.202301161003/tools/bin/../lib/gcc/arm-none-eabi/10.3.1/../../../../arm-none-eabi/lib/thumb/v7e-m+fp/hard/libc_nano.a(lib_a-lock.o)
                0x0000000020002864                __lock___malloc_recursive_mutex
 *(COMMON)
                0x0000000020002868                . = ALIGN (0x4)
 *fill*         0x0000000020002865        0x3 
                0x0000000020002868                _ebss = .
                0x0000000020002868                __bss_end__ = _ebss

._user_heap_stack
                0x0000000020002868      0x600 load address 0x000000000800950c
                0x0000000020002868                . = ALIGN (0x8)
                [!provide]                        PROVIDE (end = .)
                0x0000000020002868                PROVIDE (_end = .)
                0x0000000020002a68                . = (. + _Min_Heap_Size)
 *fill*         0x0000000020002868      0x200 
                0x0000000020002e68                . = (. + _Min_Stack_Size)
 *fill*         0x0000000020002a68      0x400 
                0x0000000020002e68                . = ALIGN (0x8)

/DISCARD/
 libc.a(*)
 libm.a(*)
 libgcc.a(*)

.ARM.attributes
                0x0000000000000000       0x30
 *(.ARM.attributes)
 .ARM.attributes
                0x0000000000000000       0x1e /opt/st/stm32cubeide_1.12.1/plugins/com.st.stm32cube.ide.mcu.externaltools.gnu-tools-for-stm32.10.3-2021.10.linux64_1.0.200.202301161003/tools/bin/../lib/gcc/arm-none-eabi/10.3.1/thumb/v7e-m+fp/hard/crti.o
 .ARM.attributes
                0x000000000000001e       0x34 /opt/st/stm32cubeide_1.12.1/plugins/com.st.stm32cube.ide.mcu.externaltools.gnu-tools-for-stm32.10.3-2021.10.linux64_1.0.200.202301161003/tools/bin/../lib/gcc/arm-none-eabi/10.3.1/thumb/v7e-m+fp/hard/crtbegin.o
 .ARM.attributes
                0x0000000000000052       0x34 ./Core/Src/main.o
 .ARM.attributes
                0x0000000000000086       0x34 ./Core/Src/stm32l4xx_hal_msp.o
 .ARM.attributes
                0x00000000000000ba       0x34 ./Core/Src/stm32l4xx_it.o
 .ARM.attributes
                0x00000000000000ee       0x34 ./Core/Src/sysmem.o
 .ARM.attributes
                0x0000000000000122       0x34 ./Core/Src/system_stm32l4xx.o
 .ARM.attributes
                0x0000000000000156       0x21 ./Core/Startup/startup_stm32l4a6zgtx.o
 .ARM.attributes
                0x0000000000000177       0x34 ./Drivers/BSP/Component/sd_card/fatfs_sd.o
 .ARM.attributes
                0x00000000000001ab       0x34 ./Drivers/STM32L4xx_HAL_Driver/Src/stm32l4xx_hal.o
 .ARM.attributes
                0x00000000000001df       0x34 ./Drivers/STM32L4xx_HAL_Driver/Src/stm32l4xx_hal_cortex.o
 .ARM.attributes
                0x0000000000000213       0x34 ./Drivers/STM32L4xx_HAL_Driver/Src/stm32l4xx_hal_gpio.o
 .ARM.attributes
                0x0000000000000247       0x34 ./Drivers/STM32L4xx_HAL_Driver/Src/stm32l4xx_hal_pwr_ex.o
 .ARM.attributes
                0x000000000000027b       0x34 ./Drivers/STM32L4xx_HAL_Driver/Src/stm32l4xx_hal_rcc.o
 .ARM.attributes
                0x00000000000002af       0x34 ./Drivers/STM32L4xx_HAL_Driver/Src/stm32l4xx_hal_rcc_ex.o
 .ARM.attributes
                0x00000000000002e3       0x34 ./Drivers/STM32L4xx_HAL_Driver/Src/stm32l4xx_hal_spi.o
 .ARM.attributes
                0x0000000000000317       0x34 ./Drivers/STM32L4xx_HAL_Driver/Src/stm32l4xx_hal_uart.o
 .ARM.attributes
                0x000000000000034b       0x34 ./FATFS/App/fatfs.o
 .ARM.attributes
                0x000000000000037f       0x34 ./FATFS/Target/user_diskio.o
 .ARM.attributes
                0x00000000000003b3       0x34 ./Middlewares/Third_Party/FatFs/src/diskio.o
 .ARM.attributes
                0x00000000000003e7       0x34 ./Middlewares/Third_Party/FatFs/src/ff.o
 .ARM.attributes
                0x000000000000041b       0x34 ./Middlewares/Third_Party/FatFs/src/ff_gen_drv.o
 .ARM.attributes
                0x000000000000044f       0x34 ./Middlewares/Third_Party/FatFs/src/option/ccsbcs.o
 .ARM.attributes
                0x0000000000000483       0x34 /opt/st/stm32cubeide_1.12.1/plugins/com.st.stm32cube.ide.mcu.externaltools.gnu-tools-for-stm32.10.3-2021.10.linux64_1.0.200.202301161003/tools/bin/../lib/gcc/arm-none-eabi/10.3.1/../../../../arm-none-eabi/lib/thumb/v7e-m+fp/hard/libc_nano.a(lib_a-errno.o)
 .ARM.attributes
                0x00000000000004b7       0x34 /opt/st/stm32cubeide_1.12.1/plugins/com.st.stm32cube.ide.mcu.externaltools.gnu-tools-for-stm32.10.3-2021.10.linux64_1.0.200.202301161003/tools/bin/../lib/gcc/arm-none-eabi/10.3.1/../../../../arm-none-eabi/lib/thumb/v7e-m+fp/hard/libc_nano.a(lib_a-impure.o)
 .ARM.attributes
                0x00000000000004eb       0x34 /opt/st/stm32cubeide_1.12.1/plugins/com.st.stm32cube.ide.mcu.externaltools.gnu-tools-for-stm32.10.3-2021.10.linux64_1.0.200.202301161003/tools/bin/../lib/gcc/arm-none-eabi/10.3.1/../../../../arm-none-eabi/lib/thumb/v7e-m+fp/hard/libc_nano.a(lib_a-init.o)
 .ARM.attributes
                0x000000000000051f       0x34 /opt/st/stm32cubeide_1.12.1/plugins/com.st.stm32cube.ide.mcu.externaltools.gnu-tools-for-stm32.10.3-2021.10.linux64_1.0.200.202301161003/tools/bin/../lib/gcc/arm-none-eabi/10.3.1/../../../../arm-none-eabi/lib/thumb/v7e-m+fp/hard/libc_nano.a(lib_a-memset.o)
 .ARM.attributes
                0x0000000000000553       0x34 /opt/st/stm32cubeide_1.12.1/plugins/com.st.stm32cube.ide.mcu.externaltools.gnu-tools-for-stm32.10.3-2021.10.linux64_1.0.200.202301161003/tools/bin/../lib/gcc/arm-none-eabi/10.3.1/../../../../arm-none-eabi/lib/thumb/v7e-m+fp/hard/libc_nano.a(lib_a-sprintf.o)
 .ARM.attributes
                0x0000000000000587       0x17 /opt/st/stm32cubeide_1.12.1/plugins/com.st.stm32cube.ide.mcu.externaltools.gnu-tools-for-stm32.10.3-2021.10.linux64_1.0.200.202301161003/tools/bin/../lib/gcc/arm-none-eabi/10.3.1/../../../../arm-none-eabi/lib/thumb/v7e-m+fp/hard/libc_nano.a(lib_a-strlen.o)
 .ARM.attributes
                0x000000000000059e       0x34 /opt/st/stm32cubeide_1.12.1/plugins/com.st.stm32cube.ide.mcu.externaltools.gnu-tools-for-stm32.10.3-2021.10.linux64_1.0.200.202301161003/tools/bin/../lib/gcc/arm-none-eabi/10.3.1/../../../../arm-none-eabi/lib/thumb/v7e-m+fp/hard/libc_nano.a(lib_a-nano-svfprintf.o)
 .ARM.attributes
                0x00000000000005d2       0x34 /opt/st/stm32cubeide_1.12.1/plugins/com.st.stm32cube.ide.mcu.externaltools.gnu-tools-for-stm32.10.3-2021.10.linux64_1.0.200.202301161003/tools/bin/../lib/gcc/arm-none-eabi/10.3.1/../../../../arm-none-eabi/lib/thumb/v7e-m+fp/hard/libc_nano.a(lib_a-nano-vfprintf_i.o)
 .ARM.attributes
                0x0000000000000606       0x1c /opt/st/stm32cubeide_1.12.1/plugins/com.st.stm32cube.ide.mcu.externaltools.gnu-tools-for-stm32.10.3-2021.10.linux64_1.0.200.202301161003/tools/bin/../lib/gcc/arm-none-eabi/10.3.1/../../../../arm-none-eabi/lib/thumb/v7e-m+fp/hard/libc_nano.a(lib_a-memchr.o)
 .ARM.attributes
                0x0000000000000622       0x34 /opt/st/stm32cubeide_1.12.1/plugins/com.st.stm32cube.ide.mcu.externaltools.gnu-tools-for-stm32.10.3-2021.10.linux64_1.0.200.202301161003/tools/bin/../lib/gcc/arm-none-eabi/10.3.1/../../../../arm-none-eabi/lib/thumb/v7e-m+fp/hard/libc_nano.a(lib_a-memcpy-stub.o)
 .ARM.attributes
                0x0000000000000656       0x34 /opt/st/stm32cubeide_1.12.1/plugins/com.st.stm32cube.ide.mcu.externaltools.gnu-tools-for-stm32.10.3-2021.10.linux64_1.0.200.202301161003/tools/bin/../lib/gcc/arm-none-eabi/10.3.1/../../../../arm-none-eabi/lib/thumb/v7e-m+fp/hard/libc_nano.a(lib_a-memmove.o)
 .ARM.attributes
                0x000000000000068a       0x34 /opt/st/stm32cubeide_1.12.1/plugins/com.st.stm32cube.ide.mcu.externaltools.gnu-tools-for-stm32.10.3-2021.10.linux64_1.0.200.202301161003/tools/bin/../lib/gcc/arm-none-eabi/10.3.1/../../../../arm-none-eabi/lib/thumb/v7e-m+fp/hard/libc_nano.a(lib_a-nano-freer.o)
 .ARM.attributes
                0x00000000000006be       0x34 /opt/st/stm32cubeide_1.12.1/plugins/com.st.stm32cube.ide.mcu.externaltools.gnu-tools-for-stm32.10.3-2021.10.linux64_1.0.200.202301161003/tools/bin/../lib/gcc/arm-none-eabi/10.3.1/../../../../arm-none-eabi/lib/thumb/v7e-m+fp/hard/libc_nano.a(lib_a-nano-mallocr.o)
 .ARM.attributes
                0x00000000000006f2       0x34 /opt/st/stm32cubeide_1.12.1/plugins/com.st.stm32cube.ide.mcu.externaltools.gnu-tools-for-stm32.10.3-2021.10.linux64_1.0.200.202301161003/tools/bin/../lib/gcc/arm-none-eabi/10.3.1/../../../../arm-none-eabi/lib/thumb/v7e-m+fp/hard/libc_nano.a(lib_a-nano-reallocr.o)
 .ARM.attributes
                0x0000000000000726       0x34 /opt/st/stm32cubeide_1.12.1/plugins/com.st.stm32cube.ide.mcu.externaltools.gnu-tools-for-stm32.10.3-2021.10.linux64_1.0.200.202301161003/tools/bin/../lib/gcc/arm-none-eabi/10.3.1/../../../../arm-none-eabi/lib/thumb/v7e-m+fp/hard/libc_nano.a(lib_a-sbrkr.o)
 .ARM.attributes
                0x000000000000075a       0x34 /opt/st/stm32cubeide_1.12.1/plugins/com.st.stm32cube.ide.mcu.externaltools.gnu-tools-for-stm32.10.3-2021.10.linux64_1.0.200.202301161003/tools/bin/../lib/gcc/arm-none-eabi/10.3.1/../../../../arm-none-eabi/lib/thumb/v7e-m+fp/hard/libc_nano.a(lib_a-mlock.o)
 .ARM.attributes
                0x000000000000078e       0x34 /opt/st/stm32cubeide_1.12.1/plugins/com.st.stm32cube.ide.mcu.externaltools.gnu-tools-for-stm32.10.3-2021.10.linux64_1.0.200.202301161003/tools/bin/../lib/gcc/arm-none-eabi/10.3.1/../../../../arm-none-eabi/lib/thumb/v7e-m+fp/hard/libc_nano.a(lib_a-nano-msizer.o)
 .ARM.attributes
                0x00000000000007c2       0x34 /opt/st/stm32cubeide_1.12.1/plugins/com.st.stm32cube.ide.mcu.externaltools.gnu-tools-for-stm32.10.3-2021.10.linux64_1.0.200.202301161003/tools/bin/../lib/gcc/arm-none-eabi/10.3.1/../../../../arm-none-eabi/lib/thumb/v7e-m+fp/hard/libc_nano.a(lib_a-reent.o)
 .ARM.attributes
                0x00000000000007f6       0x34 /opt/st/stm32cubeide_1.12.1/plugins/com.st.stm32cube.ide.mcu.externaltools.gnu-tools-for-stm32.10.3-2021.10.linux64_1.0.200.202301161003/tools/bin/../lib/gcc/arm-none-eabi/10.3.1/../../../../arm-none-eabi/lib/thumb/v7e-m+fp/hard/libc_nano.a(lib_a-lock.o)
 .ARM.attributes
                0x000000000000082a       0x1e /opt/st/stm32cubeide_1.12.1/plugins/com.st.stm32cube.ide.mcu.externaltools.gnu-tools-for-stm32.10.3-2021.10.linux64_1.0.200.202301161003/tools/bin/../lib/gcc/arm-none-eabi/10.3.1/thumb/v7e-m+fp/hard/libgcc.a(_arm_muldf3.o)
 .ARM.attributes
                0x0000000000000848       0x1e /opt/st/stm32cubeide_1.12.1/plugins/com.st.stm32cube.ide.mcu.externaltools.gnu-tools-for-stm32.10.3-2021.10.linux64_1.0.200.202301161003/tools/bin/../lib/gcc/arm-none-eabi/10.3.1/thumb/v7e-m+fp/hard/libgcc.a(_arm_addsubdf3.o)
 .ARM.attributes
                0x0000000000000866       0x1e /opt/st/stm32cubeide_1.12.1/plugins/com.st.stm32cube.ide.mcu.externaltools.gnu-tools-for-stm32.10.3-2021.10.linux64_1.0.200.202301161003/tools/bin/../lib/gcc/arm-none-eabi/10.3.1/thumb/v7e-m+fp/hard/libgcc.a(_arm_fixunsdfsi.o)
 .ARM.attributes
                0x0000000000000884       0x1e /opt/st/stm32cubeide_1.12.1/plugins/com.st.stm32cube.ide.mcu.externaltools.gnu-tools-for-stm32.10.3-2021.10.linux64_1.0.200.202301161003/tools/bin/../lib/gcc/arm-none-eabi/10.3.1/thumb/v7e-m+fp/hard/libgcc.a(_aeabi_uldivmod.o)
 .ARM.attributes
                0x00000000000008a2       0x34 /opt/st/stm32cubeide_1.12.1/plugins/com.st.stm32cube.ide.mcu.externaltools.gnu-tools-for-stm32.10.3-2021.10.linux64_1.0.200.202301161003/tools/bin/../lib/gcc/arm-none-eabi/10.3.1/thumb/v7e-m+fp/hard/libgcc.a(_udivmoddi4.o)
 .ARM.attributes
                0x00000000000008d6       0x1e /opt/st/stm32cubeide_1.12.1/plugins/com.st.stm32cube.ide.mcu.externaltools.gnu-tools-for-stm32.10.3-2021.10.linux64_1.0.200.202301161003/tools/bin/../lib/gcc/arm-none-eabi/10.3.1/thumb/v7e-m+fp/hard/libgcc.a(_dvmd_tls.o)
 .ARM.attributes
                0x00000000000008f4       0x1e /opt/st/stm32cubeide_1.12.1/plugins/com.st.stm32cube.ide.mcu.externaltools.gnu-tools-for-stm32.10.3-2021.10.linux64_1.0.200.202301161003/tools/bin/../lib/gcc/arm-none-eabi/10.3.1/thumb/v7e-m+fp/hard/crtn.o
OUTPUT(04_SPI_SD_Card.elf elf32-littlearm)
LOAD linker stubs
LOAD /opt/st/stm32cubeide_1.12.1/plugins/com.st.stm32cube.ide.mcu.externaltools.gnu-tools-for-stm32.10.3-2021.10.linux64_1.0.200.202301161003/tools/bin/../lib/gcc/arm-none-eabi/10.3.1/../../../../arm-none-eabi/lib/thumb/v7e-m+fp/hard/libc.a
LOAD /opt/st/stm32cubeide_1.12.1/plugins/com.st.stm32cube.ide.mcu.externaltools.gnu-tools-for-stm32.10.3-2021.10.linux64_1.0.200.202301161003/tools/bin/../lib/gcc/arm-none-eabi/10.3.1/../../../../arm-none-eabi/lib/thumb/v7e-m+fp/hard/libm.a
LOAD /opt/st/stm32cubeide_1.12.1/plugins/com.st.stm32cube.ide.mcu.externaltools.gnu-tools-for-stm32.10.3-2021.10.linux64_1.0.200.202301161003/tools/bin/../lib/gcc/arm-none-eabi/10.3.1/thumb/v7e-m+fp/hard/libgcc.a

.debug_info     0x0000000000000000    0x1168e
 .debug_info    0x0000000000000000     0x1638 ./Core/Src/main.o
 .debug_info    0x0000000000001638     0x10a0 ./Core/Src/stm32l4xx_hal_msp.o
 .debug_info    0x00000000000026d8      0x1a4 ./Core/Src/stm32l4xx_it.o
 .debug_info    0x000000000000287c      0x171 ./Core/Src/sysmem.o
 .debug_info    0x00000000000029ed      0x5e2 ./Core/Src/system_stm32l4xx.o
 .debug_info    0x0000000000002fcf       0x22 ./Core/Startup/startup_stm32l4a6zgtx.o
 .debug_info    0x0000000000002ff1      0xcaf ./Drivers/BSP/Component/sd_card/fatfs_sd.o
 .debug_info    0x0000000000003ca0      0xb9b ./Drivers/STM32L4xx_HAL_Driver/Src/stm32l4xx_hal.o
 .debug_info    0x000000000000483b      0xe5d ./Drivers/STM32L4xx_HAL_Driver/Src/stm32l4xx_hal_cortex.o
 .debug_info    0x0000000000005698      0x83d ./Drivers/STM32L4xx_HAL_Driver/Src/stm32l4xx_hal_gpio.o
 .debug_info    0x0000000000005ed5      0x9e6 ./Drivers/STM32L4xx_HAL_Driver/Src/stm32l4xx_hal_pwr_ex.o
 .debug_info    0x00000000000068bb      0xd17 ./Drivers/STM32L4xx_HAL_Driver/Src/stm32l4xx_hal_rcc.o
 .debug_info    0x00000000000075d2     0x1148 ./Drivers/STM32L4xx_HAL_Driver/Src/stm32l4xx_hal_rcc_ex.o
 .debug_info    0x000000000000871a     0x1782 ./Drivers/STM32L4xx_HAL_Driver/Src/stm32l4xx_hal_spi.o
 .debug_info    0x0000000000009e9c     0x3d2a ./Drivers/STM32L4xx_HAL_Driver/Src/stm32l4xx_hal_uart.o
 .debug_info    0x000000000000dbc6      0x526 ./FATFS/App/fatfs.o
 .debug_info    0x000000000000e0ec      0x3d2 ./FATFS/Target/user_diskio.o
 .debug_info    0x000000000000e4be      0x412 ./Middlewares/Third_Party/FatFs/src/diskio.o
 .debug_info    0x000000000000e8d0     0x284f ./Middlewares/Third_Party/FatFs/src/ff.o
 .debug_info    0x000000000001111f      0x3a9 ./Middlewares/Third_Party/FatFs/src/ff_gen_drv.o
 .debug_info    0x00000000000114c8      0x1c6 ./Middlewares/Third_Party/FatFs/src/option/ccsbcs.o

.debug_abbrev   0x0000000000000000     0x267c
 .debug_abbrev  0x0000000000000000      0x308 ./Core/Src/main.o
 .debug_abbrev  0x0000000000000308      0x1d8 ./Core/Src/stm32l4xx_hal_msp.o
 .debug_abbrev  0x00000000000004e0       0x9d ./Core/Src/stm32l4xx_it.o
 .debug_abbrev  0x000000000000057d       0xbb ./Core/Src/sysmem.o
 .debug_abbrev  0x0000000000000638      0x116 ./Core/Src/system_stm32l4xx.o
 .debug_abbrev  0x000000000000074e       0x12 ./Core/Startup/startup_stm32l4a6zgtx.o
 .debug_abbrev  0x0000000000000760      0x2c4 ./Drivers/BSP/Component/sd_card/fatfs_sd.o
 .debug_abbrev  0x0000000000000a24      0x23a ./Drivers/STM32L4xx_HAL_Driver/Src/stm32l4xx_hal.o
 .debug_abbrev  0x0000000000000c5e      0x316 ./Drivers/STM32L4xx_HAL_Driver/Src/stm32l4xx_hal_cortex.o
 .debug_abbrev  0x0000000000000f74      0x1bb ./Drivers/STM32L4xx_HAL_Driver/Src/stm32l4xx_hal_gpio.o
 .debug_abbrev  0x000000000000112f      0x1f3 ./Drivers/STM32L4xx_HAL_Driver/Src/stm32l4xx_hal_pwr_ex.o
 .debug_abbrev  0x0000000000001322      0x2bd ./Drivers/STM32L4xx_HAL_Driver/Src/stm32l4xx_hal_rcc.o
 .debug_abbrev  0x00000000000015df      0x299 ./Drivers/STM32L4xx_HAL_Driver/Src/stm32l4xx_hal_rcc_ex.o
 .debug_abbrev  0x0000000000001878      0x254 ./Drivers/STM32L4xx_HAL_Driver/Src/stm32l4xx_hal_spi.o
 .debug_abbrev  0x0000000000001acc      0x2bc ./Drivers/STM32L4xx_HAL_Driver/Src/stm32l4xx_hal_uart.o
 .debug_abbrev  0x0000000000001d88      0x15a ./FATFS/App/fatfs.o
 .debug_abbrev  0x0000000000001ee2      0x13f ./FATFS/Target/user_diskio.o
 .debug_abbrev  0x0000000000002021      0x178 ./Middlewares/Third_Party/FatFs/src/diskio.o
 .debug_abbrev  0x0000000000002199      0x271 ./Middlewares/Third_Party/FatFs/src/ff.o
 .debug_abbrev  0x000000000000240a      0x196 ./Middlewares/Third_Party/FatFs/src/ff_gen_drv.o
 .debug_abbrev  0x00000000000025a0       0xdc ./Middlewares/Third_Party/FatFs/src/option/ccsbcs.o

.debug_aranges  0x0000000000000000      0xef0
 .debug_aranges
                0x0000000000000000       0x60 ./Core/Src/main.o
 .debug_aranges
                0x0000000000000060       0x40 ./Core/Src/stm32l4xx_hal_msp.o
 .debug_aranges
                0x00000000000000a0       0x68 ./Core/Src/stm32l4xx_it.o
 .debug_aranges
                0x0000000000000108       0x20 ./Core/Src/sysmem.o
 .debug_aranges
                0x0000000000000128       0x28 ./Core/Src/system_stm32l4xx.o
 .debug_aranges
                0x0000000000000150       0x28 ./Core/Startup/startup_stm32l4a6zgtx.o
 .debug_aranges
                0x0000000000000178       0xa8 ./Drivers/BSP/Component/sd_card/fatfs_sd.o
 .debug_aranges
                0x0000000000000220      0x130 ./Drivers/STM32L4xx_HAL_Driver/Src/stm32l4xx_hal.o
 .debug_aranges
                0x0000000000000350      0x118 ./Drivers/STM32L4xx_HAL_Driver/Src/stm32l4xx_hal_cortex.o
 .debug_aranges
                0x0000000000000468       0x58 ./Drivers/STM32L4xx_HAL_Driver/Src/stm32l4xx_hal_gpio.o
 .debug_aranges
                0x00000000000004c0      0x150 ./Drivers/STM32L4xx_HAL_Driver/Src/stm32l4xx_hal_pwr_ex.o
 .debug_aranges
                0x0000000000000610       0x90 ./Drivers/STM32L4xx_HAL_Driver/Src/stm32l4xx_hal_rcc.o
 .debug_aranges
                0x00000000000006a0      0x108 ./Drivers/STM32L4xx_HAL_Driver/Src/stm32l4xx_hal_rcc_ex.o
 .debug_aranges
                0x00000000000007a8      0x1d8 ./Drivers/STM32L4xx_HAL_Driver/Src/stm32l4xx_hal_spi.o
 .debug_aranges
                0x0000000000000980      0x228 ./Drivers/STM32L4xx_HAL_Driver/Src/stm32l4xx_hal_uart.o
 .debug_aranges
                0x0000000000000ba8       0x28 ./FATFS/App/fatfs.o
 .debug_aranges
                0x0000000000000bd0       0x40 ./FATFS/Target/user_diskio.o
 .debug_aranges
                0x0000000000000c10       0x48 ./Middlewares/Third_Party/FatFs/src/diskio.o
 .debug_aranges
                0x0000000000000c58      0x230 ./Middlewares/Third_Party/FatFs/src/ff.o
 .debug_aranges
                0x0000000000000e88       0x40 ./Middlewares/Third_Party/FatFs/src/ff_gen_drv.o
 .debug_aranges
                0x0000000000000ec8       0x28 ./Middlewares/Third_Party/FatFs/src/option/ccsbcs.o

.debug_ranges   0x0000000000000000      0xdd8
 .debug_ranges  0x0000000000000000       0x50 ./Core/Src/main.o
 .debug_ranges  0x0000000000000050       0x30 ./Core/Src/stm32l4xx_hal_msp.o
 .debug_ranges  0x0000000000000080       0x58 ./Core/Src/stm32l4xx_it.o
 .debug_ranges  0x00000000000000d8       0x10 ./Core/Src/sysmem.o
 .debug_ranges  0x00000000000000e8       0x18 ./Core/Src/system_stm32l4xx.o
 .debug_ranges  0x0000000000000100       0x20 ./Core/Startup/startup_stm32l4a6zgtx.o
 .debug_ranges  0x0000000000000120       0x98 ./Drivers/BSP/Component/sd_card/fatfs_sd.o
 .debug_ranges  0x00000000000001b8      0x120 ./Drivers/STM32L4xx_HAL_Driver/Src/stm32l4xx_hal.o
 .debug_ranges  0x00000000000002d8      0x108 ./Drivers/STM32L4xx_HAL_Driver/Src/stm32l4xx_hal_cortex.o
 .debug_ranges  0x00000000000003e0       0x48 ./Drivers/STM32L4xx_HAL_Driver/Src/stm32l4xx_hal_gpio.o
 .debug_ranges  0x0000000000000428      0x140 ./Drivers/STM32L4xx_HAL_Driver/Src/stm32l4xx_hal_pwr_ex.o
 .debug_ranges  0x0000000000000568       0x80 ./Drivers/STM32L4xx_HAL_Driver/Src/stm32l4xx_hal_rcc.o
 .debug_ranges  0x00000000000005e8       0xf8 ./Drivers/STM32L4xx_HAL_Driver/Src/stm32l4xx_hal_rcc_ex.o
 .debug_ranges  0x00000000000006e0      0x1c8 ./Drivers/STM32L4xx_HAL_Driver/Src/stm32l4xx_hal_spi.o
 .debug_ranges  0x00000000000008a8      0x248 ./Drivers/STM32L4xx_HAL_Driver/Src/stm32l4xx_hal_uart.o
 .debug_ranges  0x0000000000000af0       0x18 ./FATFS/App/fatfs.o
 .debug_ranges  0x0000000000000b08       0x30 ./FATFS/Target/user_diskio.o
 .debug_ranges  0x0000000000000b38       0x38 ./Middlewares/Third_Party/FatFs/src/diskio.o
 .debug_ranges  0x0000000000000b70      0x220 ./Middlewares/Third_Party/FatFs/src/ff.o
 .debug_ranges  0x0000000000000d90       0x30 ./Middlewares/Third_Party/FatFs/src/ff_gen_drv.o
 .debug_ranges  0x0000000000000dc0       0x18 ./Middlewares/Third_Party/FatFs/src/option/ccsbcs.o

.debug_macro    0x0000000000000000    0x2ac8c
 .debug_macro   0x0000000000000000      0x3e9 ./Core/Src/main.o
 .debug_macro   0x00000000000003e9      0xa78 ./Core/Src/main.o
 .debug_macro   0x0000000000000e61      0x1a7 ./Core/Src/main.o
 .debug_macro   0x0000000000001008       0x2e ./Core/Src/main.o
 .debug_macro   0x0000000000001036       0x28 ./Core/Src/main.o
 .debug_macro   0x000000000000105e       0x22 ./Core/Src/main.o
 .debug_macro   0x0000000000001080       0x8e ./Core/Src/main.o
 .debug_macro   0x000000000000110e       0x51 ./Core/Src/main.o
 .debug_macro   0x000000000000115f      0x103 ./Core/Src/main.o
 .debug_macro   0x0000000000001262       0x6a ./Core/Src/main.o
 .debug_macro   0x00000000000012cc      0x1df ./Core/Src/main.o
 .debug_macro   0x00000000000014ab       0x1c ./Core/Src/main.o
 .debug_macro   0x00000000000014c7       0x22 ./Core/Src/main.o
 .debug_macro   0x00000000000014e9       0xfb ./Core/Src/main.o
 .debug_macro   0x00000000000015e4     0x1011 ./Core/Src/main.o
 .debug_macro   0x00000000000025f5      0x11f ./Core/Src/main.o
 .debug_macro   0x0000000000002714    0x1c8bf ./Core/Src/main.o
 .debug_macro   0x000000000001efd3       0x6d ./Core/Src/main.o
 .debug_macro   0x000000000001f040     0x38e6 ./Core/Src/main.o
 .debug_macro   0x0000000000022926      0x174 ./Core/Src/main.o
 .debug_macro   0x0000000000022a9a       0x5c ./Core/Src/main.o
 .debug_macro   0x0000000000022af6     0x1909 ./Core/Src/main.o
 .debug_macro   0x00000000000243ff      0x773 ./Core/Src/main.o
 .debug_macro   0x0000000000024b72      0x1b9 ./Core/Src/main.o
 .debug_macro   0x0000000000024d2b      0x202 ./Core/Src/main.o
 .debug_macro   0x0000000000024f2d      0x26b ./Core/Src/main.o
 .debug_macro   0x0000000000025198      0x23d ./Core/Src/main.o
 .debug_macro   0x00000000000253d5      0x241 ./Core/Src/main.o
 .debug_macro   0x0000000000025616      0x3ad ./Core/Src/main.o
 .debug_macro   0x00000000000259c3       0xe4 ./Core/Src/main.o
 .debug_macro   0x0000000000025aa7      0x122 ./Core/Src/main.o
 .debug_macro   0x0000000000025bc9      0x3ef ./Core/Src/main.o
 .debug_macro   0x0000000000025fb8      0x2fe ./Core/Src/main.o
 .debug_macro   0x00000000000262b6      0x5ba ./Core/Src/main.o
 .debug_macro   0x0000000000026870       0x44 ./Core/Src/main.o
 .debug_macro   0x00000000000268b4      0x433 ./Core/Src/main.o
 .debug_macro   0x0000000000026ce7       0x1c ./Core/Src/main.o
 .debug_macro   0x0000000000026d03       0xeb ./Core/Src/main.o
 .debug_macro   0x0000000000026dee       0x1e ./Core/Src/main.o
 .debug_macro   0x0000000000026e0c       0x52 ./Core/Src/main.o
 .debug_macro   0x0000000000026e5e       0x3c ./Core/Src/main.o
 .debug_macro   0x0000000000026e9a       0x34 ./Core/Src/main.o
 .debug_macro   0x0000000000026ece       0x16 ./Core/Src/main.o
 .debug_macro   0x0000000000026ee4       0x35 ./Core/Src/main.o
 .debug_macro   0x0000000000026f19       0x16 ./Core/Src/main.o
 .debug_macro   0x0000000000026f2f       0x43 ./Core/Src/main.o
 .debug_macro   0x0000000000026f72       0x34 ./Core/Src/main.o
 .debug_macro   0x0000000000026fa6       0x10 ./Core/Src/main.o
 .debug_macro   0x0000000000026fb6       0x58 ./Core/Src/main.o
 .debug_macro   0x000000000002700e       0x71 ./Core/Src/main.o
 .debug_macro   0x000000000002707f       0x1c ./Core/Src/main.o
 .debug_macro   0x000000000002709b      0x12a ./Core/Src/main.o
 .debug_macro   0x00000000000271c5      0x341 ./Core/Src/main.o
 .debug_macro   0x0000000000027506       0x16 ./Core/Src/main.o
 .debug_macro   0x000000000002751c       0x29 ./Core/Src/main.o
 .debug_macro   0x0000000000027545       0x12 ./Core/Src/main.o
 .debug_macro   0x0000000000027557       0xe2 ./Core/Src/main.o
 .debug_macro   0x0000000000027639       0x8e ./Core/Src/main.o
 .debug_macro   0x00000000000276c7       0x88 ./Core/Src/main.o
 .debug_macro   0x000000000002774f       0x16 ./Core/Src/main.o
 .debug_macro   0x0000000000027765       0x20 ./Core/Src/main.o
 .debug_macro   0x0000000000027785       0x1c ./Core/Src/main.o
 .debug_macro   0x00000000000277a1       0x10 ./Core/Src/main.o
 .debug_macro   0x00000000000277b1       0x10 ./Core/Src/main.o
 .debug_macro   0x00000000000277c1       0x1c ./Core/Src/main.o
 .debug_macro   0x00000000000277dd       0x52 ./Core/Src/main.o
 .debug_macro   0x000000000002782f       0x22 ./Core/Src/main.o
 .debug_macro   0x0000000000027851       0x10 ./Core/Src/main.o
 .debug_macro   0x0000000000027861       0x52 ./Core/Src/main.o
 .debug_macro   0x00000000000278b3       0xd5 ./Core/Src/main.o
 .debug_macro   0x0000000000027988       0x1c ./Core/Src/main.o
 .debug_macro   0x00000000000279a4       0x3d ./Core/Src/main.o
 .debug_macro   0x00000000000279e1       0x16 ./Core/Src/main.o
 .debug_macro   0x00000000000279f7      0x145 ./Core/Src/main.o
 .debug_macro   0x0000000000027b3c      0x1d0 ./Core/Src/stm32l4xx_hal_msp.o
 .debug_macro   0x0000000000027d0c      0x1da ./Core/Src/stm32l4xx_it.o
 .debug_macro   0x0000000000027ee6       0xff ./Core/Src/sysmem.o
 .debug_macro   0x0000000000027fe5      0x23b ./Core/Src/sysmem.o
 .debug_macro   0x0000000000028220      0x1c1 ./Core/Src/system_stm32l4xx.o
 .debug_macro   0x00000000000283e1      0x206 ./Drivers/BSP/Component/sd_card/fatfs_sd.o
 .debug_macro   0x00000000000285e7       0x16 ./Drivers/BSP/Component/sd_card/fatfs_sd.o
 .debug_macro   0x00000000000285fd       0x7c ./Drivers/BSP/Component/sd_card/fatfs_sd.o
 .debug_macro   0x0000000000028679      0x20f ./Drivers/STM32L4xx_HAL_Driver/Src/stm32l4xx_hal.o
 .debug_macro   0x0000000000028888      0x1c1 ./Drivers/STM32L4xx_HAL_Driver/Src/stm32l4xx_hal_cortex.o
 .debug_macro   0x0000000000028a49      0x1c8 ./Drivers/STM32L4xx_HAL_Driver/Src/stm32l4xx_hal_gpio.o
 .debug_macro   0x0000000000028c11      0x1eb ./Drivers/STM32L4xx_HAL_Driver/Src/stm32l4xx_hal_pwr_ex.o
 .debug_macro   0x0000000000028dfc      0x203 ./Drivers/STM32L4xx_HAL_Driver/Src/stm32l4xx_hal_rcc.o
 .debug_macro   0x0000000000028fff      0x1f7 ./Drivers/STM32L4xx_HAL_Driver/Src/stm32l4xx_hal_rcc_ex.o
 .debug_macro   0x00000000000291f6      0x1c9 ./Drivers/STM32L4xx_HAL_Driver/Src/stm32l4xx_hal_spi.o
 .debug_macro   0x00000000000293bf      0x1ec ./Drivers/STM32L4xx_HAL_Driver/Src/stm32l4xx_hal_uart.o
 .debug_macro   0x00000000000295ab      0x2f5 ./FATFS/App/fatfs.o
 .debug_macro   0x00000000000298a0       0xe5 ./FATFS/App/fatfs.o
 .debug_macro   0x0000000000029985      0x31b ./FATFS/Target/user_diskio.o
 .debug_macro   0x0000000000029ca0       0x10 ./FATFS/Target/user_diskio.o
 .debug_macro   0x0000000000029cb0      0x2e2 ./Middlewares/Third_Party/FatFs/src/diskio.o
 .debug_macro   0x0000000000029f92      0x6f0 ./Middlewares/Third_Party/FatFs/src/ff.o
 .debug_macro   0x000000000002a682       0x58 ./Middlewares/Third_Party/FatFs/src/ff.o
 .debug_macro   0x000000000002a6da      0x2e2 ./Middlewares/Third_Party/FatFs/src/ff_gen_drv.o
 .debug_macro   0x000000000002a9bc      0x2d0 ./Middlewares/Third_Party/FatFs/src/option/ccsbcs.o

.debug_line     0x0000000000000000    0x143ae
 .debug_line    0x0000000000000000      0xbe3 ./Core/Src/main.o
 .debug_line    0x0000000000000be3      0x74f ./Core/Src/stm32l4xx_hal_msp.o
 .debug_line    0x0000000000001332      0x796 ./Core/Src/stm32l4xx_it.o
 .debug_line    0x0000000000001ac8      0x4c7 ./Core/Src/sysmem.o
 .debug_line    0x0000000000001f8f      0x738 ./Core/Src/system_stm32l4xx.o
 .debug_line    0x00000000000026c7       0x88 ./Core/Startup/startup_stm32l4a6zgtx.o
 .debug_line    0x000000000000274f      0xdcb ./Drivers/BSP/Component/sd_card/fatfs_sd.o
 .debug_line    0x000000000000351a      0xa90 ./Drivers/STM32L4xx_HAL_Driver/Src/stm32l4xx_hal.o
 .debug_line    0x0000000000003faa      0xc37 ./Drivers/STM32L4xx_HAL_Driver/Src/stm32l4xx_hal_cortex.o
 .debug_line    0x0000000000004be1      0xaec ./Drivers/STM32L4xx_HAL_Driver/Src/stm32l4xx_hal_gpio.o
 .debug_line    0x00000000000056cd      0xc62 ./Drivers/STM32L4xx_HAL_Driver/Src/stm32l4xx_hal_pwr_ex.o
 .debug_line    0x000000000000632f      0xf52 ./Drivers/STM32L4xx_HAL_Driver/Src/stm32l4xx_hal_rcc.o
 .debug_line    0x0000000000007281     0x1698 ./Drivers/STM32L4xx_HAL_Driver/Src/stm32l4xx_hal_rcc_ex.o
 .debug_line    0x0000000000008919     0x1eca ./Drivers/STM32L4xx_HAL_Driver/Src/stm32l4xx_hal_spi.o
 .debug_line    0x000000000000a7e3     0x320e ./Drivers/STM32L4xx_HAL_Driver/Src/stm32l4xx_hal_uart.o
 .debug_line    0x000000000000d9f1      0x884 ./FATFS/App/fatfs.o
 .debug_line    0x000000000000e275      0x94a ./FATFS/Target/user_diskio.o
 .debug_line    0x000000000000ebbf      0x8f3 ./Middlewares/Third_Party/FatFs/src/diskio.o
 .debug_line    0x000000000000f4b2     0x3c9a ./Middlewares/Third_Party/FatFs/src/ff.o
 .debug_line    0x000000000001314c      0x911 ./Middlewares/Third_Party/FatFs/src/ff_gen_drv.o
 .debug_line    0x0000000000013a5d      0x951 ./Middlewares/Third_Party/FatFs/src/option/ccsbcs.o

.debug_str      0x0000000000000000    0xfc58c
 .debug_str     0x0000000000000000    0xf7b3d ./Core/Src/main.o
                                      0xf7edb (size before relaxing)
 .debug_str     0x00000000000f7b3d      0x314 ./Core/Src/stm32l4xx_hal_msp.o
                                      0xf36d6 (size before relaxing)
 .debug_str     0x00000000000f7e51       0xf0 ./Core/Src/stm32l4xx_it.o
                                      0xf2cc9 (size before relaxing)
 .debug_str     0x00000000000f7f41      0x4da ./Core/Src/sysmem.o
                                       0x5dd6 (size before relaxing)
 .debug_str     0x00000000000f841b       0xf2 ./Core/Src/system_stm32l4xx.o
                                      0xf2d91 (size before relaxing)
 .debug_str     0x00000000000f850d       0x36 ./Core/Startup/startup_stm32l4a6zgtx.o
                                         0x80 (size before relaxing)
 .debug_str     0x00000000000f8543      0x20c ./Drivers/BSP/Component/sd_card/fatfs_sd.o
                                      0xf34da (size before relaxing)
 .debug_str     0x00000000000f874f      0xaff ./Drivers/STM32L4xx_HAL_Driver/Src/stm32l4xx_hal.o
                                      0xf39a7 (size before relaxing)
 .debug_str     0x00000000000f924e      0x344 ./Drivers/STM32L4xx_HAL_Driver/Src/stm32l4xx_hal_cortex.o
                                      0xf3648 (size before relaxing)
 .debug_str     0x00000000000f9592      0x123 ./Drivers/STM32L4xx_HAL_Driver/Src/stm32l4xx_hal_gpio.o
                                      0xf2f0b (size before relaxing)
 .debug_str     0x00000000000f96b5      0x4e4 ./Drivers/STM32L4xx_HAL_Driver/Src/stm32l4xx_hal_pwr_ex.o
                                      0xf32e0 (size before relaxing)
 .debug_str     0x00000000000f9b99      0x3ac ./Drivers/STM32L4xx_HAL_Driver/Src/stm32l4xx_hal_rcc.o
                                      0xf33de (size before relaxing)
 .debug_str     0x00000000000f9f45      0x59a ./Drivers/STM32L4xx_HAL_Driver/Src/stm32l4xx_hal_rcc_ex.o
                                      0xf3779 (size before relaxing)
 .debug_str     0x00000000000fa4df      0x589 ./Drivers/STM32L4xx_HAL_Driver/Src/stm32l4xx_hal_spi.o
                                      0xf35a5 (size before relaxing)
 .debug_str     0x00000000000faa68      0x892 ./Drivers/STM32L4xx_HAL_Driver/Src/stm32l4xx_hal_uart.o
                                      0xf3ac1 (size before relaxing)
 .debug_str     0x00000000000fb2fa       0x74 ./FATFS/App/fatfs.o
                                      0xf6278 (size before relaxing)
 .debug_str     0x00000000000fb36e       0x5a ./FATFS/Target/user_diskio.o
                                      0xf6372 (size before relaxing)
 .debug_str     0x00000000000fb3c8       0x52 ./Middlewares/Third_Party/FatFs/src/diskio.o
                                      0xf6174 (size before relaxing)
 .debug_str     0x00000000000fb41a     0x1098 ./Middlewares/Third_Party/FatFs/src/ff.o
                                      0xf747b (size before relaxing)
 .debug_str     0x00000000000fc4b2       0x91 ./Middlewares/Third_Party/FatFs/src/ff_gen_drv.o
                                      0xf61c5 (size before relaxing)
 .debug_str     0x00000000000fc543       0x49 ./Middlewares/Third_Party/FatFs/src/option/ccsbcs.o
                                      0xf5f49 (size before relaxing)

.comment        0x0000000000000000       0x50
 .comment       0x0000000000000000       0x50 ./Core/Src/main.o
                                         0x51 (size before relaxing)
 .comment       0x0000000000000050       0x51 ./Core/Src/stm32l4xx_hal_msp.o
 .comment       0x0000000000000050       0x51 ./Core/Src/stm32l4xx_it.o
 .comment       0x0000000000000050       0x51 ./Core/Src/sysmem.o
 .comment       0x0000000000000050       0x51 ./Core/Src/system_stm32l4xx.o
 .comment       0x0000000000000050       0x51 ./Drivers/BSP/Component/sd_card/fatfs_sd.o
 .comment       0x0000000000000050       0x51 ./Drivers/STM32L4xx_HAL_Driver/Src/stm32l4xx_hal.o
 .comment       0x0000000000000050       0x51 ./Drivers/STM32L4xx_HAL_Driver/Src/stm32l4xx_hal_cortex.o
 .comment       0x0000000000000050       0x51 ./Drivers/STM32L4xx_HAL_Driver/Src/stm32l4xx_hal_gpio.o