../Core/Src/main.c:164:6:protimer_init	24	static
../Core/Src/main.c:175:13:protimer_state_table_init	16	static
../Core/Src/main.c:190:16:IDLE_Entry	16	static
../Core/Src/main.c:199:16:IDLE_Exit	16	static
../Core/Src/main.c:205:16:IDLE_Inc_Time	16	static
../Core/Src/main.c:212:16:IDLE_Start_Pause	16	static
../Core/Src/main.c:218:16:IDLE_Time_Tick	16	static
../Core/Src/main.c:228:16:TIME_SET_Entry	16	static
../Core/Src/main.c:234:16:TIME_SET_Exit	16	static
../Core/Src/main.c:240:16:TIME_SET_Inc_Time	16	static
../Core/Src/main.c:247:16:TIME_SET_Dec_Time	16	static
../Core/Src/main.c:257:16:TIME_SET_Start_Pause	16	static
../Core/Src/main.c:266:16:TIME_SET_Abrt	16	static
../Core/Src/main.c:273:16:COUNTDOWN_Time_Tick	16	static
../Core/Src/main.c:288:16:COUNTDOWN_Start_Pause	16	static
../Core/Src/main.c:294:16:COUNTDOWN_Exit	16	static
../Core/Src/main.c:301:16:COUNTDOWN_Abrt	16	static
../Core/Src/main.c:308:16:PAUSE_Entry	16	static
../Core/Src/main.c:314:16:PAUSE_Exit	16	static
../Core/Src/main.c:320:16:PAUSE_Inc_Time	16	static
../Core/Src/main.c:327:16:PAUSE_Dec_Time	16	static
../Core/Src/main.c:337:16:PAUSE_Start_Pause	16	static
../Core/Src/main.c:343:16:PAUSE_Abrt	16	static
../Core/Src/main.c:350:16:STAT_Entry	16	static
../Core/Src/main.c:357:16:STAT_Exit	16	static
../Core/Src/main.c:363:16:STAT_Time_Tick	16	static
../Core/Src/main.c:377:13:display_time	32	static
../Core/Src/main.c:387:13:display_message	16	static
../Core/Src/main.c:391:13:display_clear	8	static
../Core/Src/main.c:397:13:protimer_event_dispatcher	32	static
../Core/Src/main.c:429:10:millis	4	static
../Core/Src/main.c:434:6:HAL_TIM_PeriodElapsedCallback	16	static
../Core/Src/main.c:449:5:main	16	static
../Core/Src/main.c:541:6:SystemClock_Config	96	static
../Core/Src/main.c:591:13:MX_LPUART1_UART_Init	8	static
../Core/Src/main.c:639:13:MX_TIM17_Init	8	static
../Core/Src/main.c:671:13:MX_GPIO_Init	16	static
../Core/Src/main.c:692:6:Error_Handler	4	static,ignoring_inline_asm
