../Core/Src/main.c:86:5:main	16	static
../Core/Src/main.c:185:6:SystemClock_Config	96	static
../Core/Src/main.c:230:13:MX_I2C1_Init	8	static
../Core/Src/main.c:278:13:MX_LPUART1_UART_Init	8	static
../Core/Src/main.c:312:13:MX_GPIO_Init	16	static
../Core/Src/main.c:328:6:I2C_Scanner	16	static
../Core/Src/main.c:367:16:platform_write	40	static
../Core/Src/main.c:394:16:platform_read	40	static
../Core/Src/main.c:419:13:tx_com	16	static
../Core/Src/main.c:436:13:platform_delay	16	static
../Core/Src/main.c:448:13:platform_init	4	static
../Core/Src/main.c:464:6:Error_Handler	4	static,ignoring_inline_asm
