../Core/Src/main.c:136:6:protimer_init	24	static
../Core/Src/main.c:147:13:protimer_event_dispatcher	32	static
../Core/Src/main.c:170:23:protimer_state_handler_IDLE	16	static
../Core/Src/main.c:209:23:protimer_state_handler_TIME_SET	16	static
../Core/Src/main.c:248:23:protimer_state_handler_COUNTDOWN	16	static
../Core/Src/main.c:282:23:protimer_state_handler_PAUSE	16	static
../Core/Src/main.c:317:23:protimer_state_handler_STAT	16	static
../Core/Src/main.c:342:13:display_time	32	static
../Core/Src/main.c:357:13:display_message	16	static
../Core/Src/main.c:361:13:display_clear	8	static
../Core/Src/main.c:369:10:millis	4	static
../Core/Src/main.c:374:6:HAL_TIM_PeriodElapsedCallback	16	static
../Core/Src/main.c:388:5:main	16	static
../Core/Src/main.c:481:6:SystemClock_Config	96	static
../Core/Src/main.c:531:13:MX_LPUART1_UART_Init	8	static
../Core/Src/main.c:579:13:MX_TIM17_Init	8	static
../Core/Src/main.c:611:13:MX_GPIO_Init	16	static
../Core/Src/main.c:632:6:Error_Handler	4	static,ignoring_inline_asm
