13:12:09 **** Incremental Build of configuration Debug for project 01_SPI_Tx_Rx_Polling ****
make -j4 all 
arm-none-eabi-gcc "../Core/Src/main.c" -mcpu=cortex-m4 -std=gnu11 -g3 -DDEBUG -DUSE_HAL_DRIVER -DSTM32L4A6xx -c -I../Core/Inc -I../Drivers/STM32L4xx_HAL_Driver/Inc -I../Drivers/STM32L4xx_HAL_Driver/Inc/Legacy -I../Drivers/CMSIS/Device/ST/STM32L4xx/Include -I../Drivers/CMSIS/Include -O0 -ffunction-sections -fdata-sections -Wall -fstack-usage -fcyclomatic-complexity -MMD -MP -MF"Core/Src/main.d" -MT"Core/Src/main.o" --specs=nano.specs -mfpu=fpv4-sp-d16 -mfloat-abi=hard -mthumb -o "Core/Src/main.o"
arm-none-eabi-gcc -o "01_SPI_Tx_Rx_Polling.elf" @"objects.list"   -mcpu=cortex-m4 -T"/home/dnk066/Pratham/STM32_Training/Workspace/05_SPI/01_SPI_Tx_Rx_Polling/STM32L4A6ZGTX_FLASH.ld" --specs=nosys.specs -Wl,-Map="01_SPI_Tx_Rx_Polling.map" -Wl,--gc-sections -static --specs=nano.specs -mfpu=fpv4-sp-d16 -mfloat-abi=hard -mthumb -Wl,--start-group -lc -lm -Wl,--end-group
Finished building target: 01_SPI_Tx_Rx_Polling.elf
 
arm-none-eabi-size   01_SPI_Tx_Rx_Polling.elf 
arm-none-eabi-objdump -h -S  01_SPI_Tx_Rx_Polling.elf  > "01_SPI_Tx_Rx_Polling.list"
   text	   data	    bss	    dec	    hex	filename
  15292	     20	   2316	  17628	   44dc	01_SPI_Tx_Rx_Polling.elf
Finished building: default.size.stdout
 
Finished building: 01_SPI_Tx_Rx_Polling.list
 

13:12:10 Build Finished. 0 errors, 0 warnings. (took 1s.16ms)

