14:04:34 **** Incremental Build of configuration Debug for project QSPI_Flash ****
make -j4 all 
arm-none-eabi-gcc "../Core/Src/main.c" -mcpu=cortex-m4 -std=gnu11 -g3 -DDEBUG -DUSE_HAL_DRIVER -DSTM32L496xx -c -I"/home/dnk066/Pratham/Sensor_Drivers/QSPI_Flash_memory/Drivers/BSP/ring_buffer" -I../Core/Inc -I../Drivers/STM32L4xx_HAL_Driver/Inc -I../Drivers/STM32L4xx_HAL_Driver/Inc/Legacy -I../Drivers/CMSIS/Device/ST/STM32L4xx/Include -I../Drivers/CMSIS/Include -I"/home/dnk066/Pratham/Sensor_Drivers/QSPI_Flash_memory/Drivers/BSP/Flash" -I"/home/dnk066/Pratham/Sensor_Drivers/QSPI_Flash_memory/Drivers/BSP/Refrance_drv" -O0 -ffunction-sections -fdata-sections -Wall -fstack-usage -fcyclomatic-complexity -MMD -MP -MF"Core/Src/main.d" -MT"Core/Src/main.o" --specs=nano.specs -mfpu=fpv4-sp-d16 -mfloat-abi=hard -mthumb -o "Core/Src/main.o"
arm-none-eabi-gcc -o "QSPI_Flash.elf" @"objects.list"   -mcpu=cortex-m4 -T"/home/dnk066/Pratham/Sensor_Drivers/QSPI_Flash_memory/STM32L496ZGTXP_FLASH.ld" --specs=nosys.specs -Wl,-Map="QSPI_Flash.map" -Wl,--gc-sections -static --specs=nano.specs -mfpu=fpv4-sp-d16 -mfloat-abi=hard -mthumb -Wl,--start-group -lc -lm -Wl,--end-group
Finished building target: QSPI_Flash.elf
 
arm-none-eabi-size   QSPI_Flash.elf 
arm-none-eabi-objdump -h -S  QSPI_Flash.elf  > "QSPI_Flash.list"
   text	   data	    bss	    dec	    hex	filename
  25072	    120	   2448	  27640	   6bf8	QSPI_Flash.elf
Finished building: default.size.stdout
 
Finished building: QSPI_Flash.list
 

14:04:35 Build Finished. 0 errors, 0 warnings. (took 1s.110ms)

