10:31:40 **** Incremental Build of configuration Debug for project 01_ADC_Polling ****
make -j4 all 
arm-none-eabi-gcc "../Core/Src/main.c" -mcpu=cortex-m4 -std=gnu11 -g3 -DDEBUG -DUSE_HAL_DRIVER -DSTM32L4A6xx -c -I../Core/Inc -I../Drivers/STM32L4xx_HAL_Driver/Inc -I../Drivers/STM32L4xx_HAL_Driver/Inc/Legacy -I../Drivers/CMSIS/Device/ST/STM32L4xx/Include -I../Drivers/CMSIS/Include -O0 -ffunction-sections -fdata-sections -Wall -fstack-usage -fcyclomatic-complexity -MMD -MP -MF"Core/Src/main.d" -MT"Core/Src/main.o" --specs=nano.specs -mfpu=fpv4-sp-d16 -mfloat-abi=hard -mthumb -o "Core/Src/main.o"
arm-none-eabi-gcc -o "01_ADC_Polling.elf" @"objects.list"   -mcpu=cortex-m4 -T"/home/dnk066/Pratham/STM32_Training/Workspace/06_ADC/01_ADC_Polling/STM32L4A6ZGTX_FLASH.ld" --specs=nosys.specs -Wl,-Map="01_ADC_Polling.map" -Wl,--gc-sections -static --specs=nano.specs -mfpu=fpv4-sp-d16 -mfloat-abi=hard -mthumb -u _printf_float -u _scanf_float -Wl,--start-group -lc -lm -Wl,--end-group
Finished building target: 01_ADC_Polling.elf
 
arm-none-eabi-size   01_ADC_Polling.elf 
arm-none-eabi-objdump -h -S  01_ADC_Polling.elf  > "01_ADC_Polling.list"
   text	   data	    bss	    dec	    hex	filename
  42344	    488	   1832	  44664	   ae78	01_ADC_Polling.elf
Finished building: default.size.stdout
 
Finished building: 01_ADC_Polling.list
 

10:31:41 Build Finished. 0 errors, 0 warnings. (took 1s.182ms)

