17:38:01 **** Incremental Build of configuration Debug for project LPS22HB_I2C ****
make -j4 all 
arm-none-eabi-gcc "../Drivers/BSP/Component/lps22hb/lps22hb_reg.c" -mcpu=cortex-m4 -std=gnu11 -g3 -DDEBUG -DUSE_HAL_DRIVER -DSTM32L4A6xx -c -I../Core/Inc -I../Drivers/STM32L4xx_HAL_Driver/Inc -I../Drivers/STM32L4xx_HAL_Driver/Inc/Legacy -I../Drivers/CMSIS/Device/ST/STM32L4xx/Include -I../Drivers/CMSIS/Include -I"/home/dnk066/Pratham/STM32_Training/Workspace/04_I2C/LPS22HB_I2C/Drivers/BSP/Component/lps22hb" -O0 -ffunction-sections -fdata-sections -Wall -fstack-usage -fcyclomatic-complexity -MMD -MP -MF"Drivers/BSP/Component/lps22hb/lps22hb_reg.d" -MT"Drivers/BSP/Component/lps22hb/lps22hb_reg.o" --specs=nano.specs -mfpu=fpv4-sp-d16 -mfloat-abi=hard -mthumb -o "Drivers/BSP/Component/lps22hb/lps22hb_reg.o"
arm-none-eabi-gcc -o "LPS22HB_I2C.elf" @"objects.list"   -mcpu=cortex-m4 -T"/home/dnk066/Pratham/STM32_Training/Workspace/04_I2C/LPS22HB_I2C/STM32L4A6ZGTX_FLASH.ld" --specs=nosys.specs -Wl,-Map="LPS22HB_I2C.map" -Wl,--gc-sections -static --specs=nano.specs -mfpu=fpv4-sp-d16 -mfloat-abi=hard -mthumb -u _printf_float -u _scanf_float -Wl,--start-group -lc -lm -Wl,--end-group
Finished building target: LPS22HB_I2C.elf
 
arm-none-eabi-size   LPS22HB_I2C.elf 
arm-none-eabi-objdump -h -S  LPS22HB_I2C.elf  > "LPS22HB_I2C.list"
   text	   data	    bss	    dec	    hex	filename
  41444	    488	   2096	  44028	   abfc	LPS22HB_I2C.elf
Finished building: default.size.stdout
 
Finished building: LPS22HB_I2C.list
 
17:38:08 **** Incremental Build of configuration Debug for project LPS22HB_I2C ****
make -j4 all 
arm-none-eabi-size   LPS22HB_I2C.elf 
   text	   data	    bss	    dec	    hex	filename
  41444	    488	   2096	  44028	   abfc	LPS22HB_I2C.elf
Finished building: default.size.stdout
 
10:05:22 **** Incremental Build of configuration Debug for project LPS22HB_I2C ****
make -j4 all 
arm-none-eabi-gcc "../Drivers/BSP/Component/lps22hb/lps22hb_reg.c" -mcpu=cortex-m4 -std=gnu11 -g3 -DDEBUG -DUSE_HAL_DRIVER -DSTM32L4A6xx -c -I../Core/Inc -I../Drivers/STM32L4xx_HAL_Driver/Inc -I../Drivers/STM32L4xx_HAL_Driver/Inc/Legacy -I../Drivers/CMSIS/Device/ST/STM32L4xx/Include -I../Drivers/CMSIS/Include -I"/home/dnk066/Pratham/STM32_Training/Workspace/04_I2C/LPS22HB_I2C/Drivers/BSP/Component/lps22hb" -O0 -ffunction-sections -fdata-sections -Wall -fstack-usage -fcyclomatic-complexity -MMD -MP -MF"Drivers/BSP/Component/lps22hb/lps22hb_reg.d" -MT"Drivers/BSP/Component/lps22hb/lps22hb_reg.o" --specs=nano.specs -mfpu=fpv4-sp-d16 -mfloat-abi=hard -mthumb -o "Drivers/BSP/Component/lps22hb/lps22hb_reg.o"
arm-none-eabi-gcc "../Core/Src/main.c" -mcpu=cortex-m4 -std=gnu11 -g3 -DDEBUG -DUSE_HAL_DRIVER -DSTM32L4A6xx -c -I../Core/Inc -I../Drivers/STM32L4xx_HAL_Driver/Inc -I../Drivers/STM32L4xx_HAL_Driver/Inc/Legacy -I../Drivers/CMSIS/Device/ST/STM32L4xx/Include -I../Drivers/CMSIS/Include -I"/home/dnk066/Pratham/STM32_Training/Workspace/04_I2C/LPS22HB_I2C/Drivers/BSP/Component/lps22hb" -O0 -ffunction-sections -fdata-sections -Wall -fstack-usage -fcyclomatic-complexity -MMD -MP -MF"Core/Src/main.d" -MT"Core/Src/main.o" --specs=nano.specs -mfpu=fpv4-sp-d16 -mfloat-abi=hard -mthumb -o "Core/Src/main.o"
../Core/Src/main.c:448:13: warning: 'platform_init' defined but not used [-Wunused-function]
  448 | static void platform_init(void)
      |             ^~~~~~~~~~~~~
arm-none-eabi-gcc -o "LPS22HB_I2C.elf" @"objects.list"   -mcpu=cortex-m4 -T"/home/dnk066/Pratham/STM32_Training/Workspace/04_I2C/LPS22HB_I2C/STM32L4A6ZGTX_FLASH.ld" --specs=nosys.specs -Wl,-Map="LPS22HB_I2C.map" -Wl,--gc-sections -static --specs=nano.specs -mfpu=fpv4-sp-d16 -mfloat-abi=hard -mthumb -u _printf_float -u _scanf_float -Wl,--start-group -lc -lm -Wl,--end-group
Finished building target: LPS22HB_I2C.elf
 
arm-none-eabi-size   LPS22HB_I2C.elf 
arm-none-eabi-objdump -h -S  LPS22HB_I2C.elf  > "LPS22HB_I2C.list"
   text	   data	    bss	    dec	    hex	filename
  41428	    488	   2096	  44012	   abec	LPS22HB_I2C.elf
Finished building: default.size.stdout
 
Finished building: LPS22HB_I2C.list
 
10:07:37 **** Incremental Build of configuration Debug for project LPS22HB_I2C ****
make -j4 all 
arm-none-eabi-size   LPS22HB_I2C.elf 
   text	   data	    bss	    dec	    hex	filename
  41428	    488	   2096	  44012	   abec	LPS22HB_I2C.elf
Finished building: default.size.stdout
 
10:40:14 **** Incremental Build of configuration Debug for project LPS22HB_I2C ****
make -j4 all 
arm-none-eabi-gcc "../Drivers/BSP/Component/lps22hb/lps22hb_reg.c" -mcpu=cortex-m4 -std=gnu11 -g3 -DDEBUG -DUSE_HAL_DRIVER -DSTM32L4A6xx -c -I../Core/Inc -I../Drivers/STM32L4xx_HAL_Driver/Inc -I../Drivers/STM32L4xx_HAL_Driver/Inc/Legacy -I../Drivers/CMSIS/Device/ST/STM32L4xx/Include -I../Drivers/CMSIS/Include -I"/home/dnk066/Pratham/STM32_Training/Workspace/04_I2C/LPS22HB_I2C/Drivers/BSP/Component/lps22hb" -O0 -ffunction-sections -fdata-sections -Wall -fstack-usage -fcyclomatic-complexity -MMD -MP -MF"Drivers/BSP/Component/lps22hb/lps22hb_reg.d" -MT"Drivers/BSP/Component/lps22hb/lps22hb_reg.o" --specs=nano.specs -mfpu=fpv4-sp-d16 -mfloat-abi=hard -mthumb -o "Drivers/BSP/Component/lps22hb/lps22hb_reg.o"
arm-none-eabi-gcc -o "LPS22HB_I2C.elf" @"objects.list"   -mcpu=cortex-m4 -T"/home/dnk066/Pratham/STM32_Training/Workspace/04_I2C/LPS22HB_I2C/STM32L4A6ZGTX_FLASH.ld" --specs=nosys.specs -Wl,-Map="LPS22HB_I2C.map" -Wl,--gc-sections -static --specs=nano.specs -mfpu=fpv4-sp-d16 -mfloat-abi=hard -mthumb -u _printf_float -u _scanf_float -Wl,--start-group -lc -lm -Wl,--end-group
Finished building target: LPS22HB_I2C.elf
 
arm-none-eabi-size   LPS22HB_I2C.elf 
arm-none-eabi-objdump -h -S  LPS22HB_I2C.elf  > "LPS22HB_I2C.list"
   text	   data	    bss	    dec	    hex	filename
  41428	    488	   2096	  44012	   abec	LPS22HB_I2C.elf
Finished building: default.size.stdout
 
Finished building: LPS22HB_I2C.list
 
11:02:58 **** Incremental Build of configuration Debug for project LPS22HB_I2C ****
make -j4 all 
arm-none-eabi-gcc "../Drivers/BSP/Component/lps22hb/lps22hb_reg.c" -mcpu=cortex-m4 -std=gnu11 -g3 -DDEBUG -DUSE_HAL_DRIVER -DSTM32L4A6xx -c -I../Core/Inc -I../Drivers/STM32L4xx_HAL_Driver/Inc -I../Drivers/STM32L4xx_HAL_Driver/Inc/Legacy -I../Drivers/CMSIS/Device/ST/STM32L4xx/Include -I../Drivers/CMSIS/Include -I"/home/dnk066/Pratham/STM32_Training/Workspace/04_I2C/LPS22HB_I2C/Drivers/BSP/Component/lps22hb" -O0 -ffunction-sections -fdata-sections -Wall -fstack-usage -fcyclomatic-complexity -MMD -MP -MF"Drivers/BSP/Component/lps22hb/lps22hb_reg.d" -MT"Drivers/BSP/Component/lps22hb/lps22hb_reg.o" --specs=nano.specs -mfpu=fpv4-sp-d16 -mfloat-abi=hard -mthumb -o "Drivers/BSP/Component/lps22hb/lps22hb_reg.o"
arm-none-eabi-gcc -o "LPS22HB_I2C.elf" @"objects.list"   -mcpu=cortex-m4 -T"/home/dnk066/Pratham/STM32_Training/Workspace/04_I2C/LPS22HB_I2C/STM32L4A6ZGTX_FLASH.ld" --specs=nosys.specs -Wl,-Map="LPS22HB_I2C.map" -Wl,--gc-sections -static --specs=nano.specs -mfpu=fpv4-sp-d16 -mfloat-abi=hard -mthumb -u _printf_float -u _scanf_float -Wl,--start-group -lc -lm -Wl,--end-group
Finished building target: LPS22HB_I2C.elf
 
arm-none-eabi-size   LPS22HB_I2C.elf 
arm-none-eabi-objdump -h -S  LPS22HB_I2C.elf  > "LPS22HB_I2C.list"
   text	   data	    bss	    dec	    hex	filename
  41460	    488	   2096	  44044	   ac0c	LPS22HB_I2C.elf
Finished building: default.size.stdout
 
Finished building: LPS22HB_I2C.list
 
11:06:44 **** Incremental Build of configuration Debug for project LPS22HB_I2C ****
make -j4 all 
arm-none-eabi-gcc "../Drivers/BSP/Component/lps22hb/lps22hb_reg.c" -mcpu=cortex-m4 -std=gnu11 -g3 -DDEBUG -DUSE_HAL_DRIVER -DSTM32L4A6xx -c -I../Core/Inc -I../Drivers/STM32L4xx_HAL_Driver/Inc -I../Drivers/STM32L4xx_HAL_Driver/Inc/Legacy -I../Drivers/CMSIS/Device/ST/STM32L4xx/Include -I../Drivers/CMSIS/Include -I"/home/dnk066/Pratham/STM32_Training/Workspace/04_I2C/LPS22HB_I2C/Drivers/BSP/Component/lps22hb" -O0 -ffunction-sections -fdata-sections -Wall -fstack-usage -fcyclomatic-complexity -MMD -MP -MF"Drivers/BSP/Component/lps22hb/lps22hb_reg.d" -MT"Drivers/BSP/Component/lps22hb/lps22hb_reg.o" --specs=nano.specs -mfpu=fpv4-sp-d16 -mfloat-abi=hard -mthumb -o "Drivers/BSP/Component/lps22hb/lps22hb_reg.o"
arm-none-eabi-gcc -o "LPS22HB_I2C.elf" @"objects.list"   -mcpu=cortex-m4 -T"/home/dnk066/Pratham/STM32_Training/Workspace/04_I2C/LPS22HB_I2C/STM32L4A6ZGTX_FLASH.ld" --specs=nosys.specs -Wl,-Map="LPS22HB_I2C.map" -Wl,--gc-sections -static --specs=nano.specs -mfpu=fpv4-sp-d16 -mfloat-abi=hard -mthumb -u _printf_float -u _scanf_float -Wl,--start-group -lc -lm -Wl,--end-group
Finished building target: LPS22HB_I2C.elf
 
arm-none-eabi-size   LPS22HB_I2C.elf 
arm-none-eabi-objdump -h -S  LPS22HB_I2C.elf  > "LPS22HB_I2C.list"
   text	   data	    bss	    dec	    hex	filename
  41452	    488	   2096	  44036	   ac04	LPS22HB_I2C.elf
Finished building: default.size.stdout
 
Finished building: LPS22HB_I2C.list
 
11:16:04 **** Incremental Build of configuration Debug for project LPS22HB_I2C ****
make -j4 all 
arm-none-eabi-gcc "../Drivers/BSP/Component/lps22hb/lps22hb_reg.c" -mcpu=cortex-m4 -std=gnu11 -g3 -DDEBUG -DUSE_HAL_DRIVER -DSTM32L4A6xx -c -I../Core/Inc -I../Drivers/STM32L4xx_HAL_Driver/Inc -I../Drivers/STM32L4xx_HAL_Driver/Inc/Legacy -I../Drivers/CMSIS/Device/ST/STM32L4xx/Include -I../Drivers/CMSIS/Include -I"/home/dnk066/Pratham/STM32_Training/Workspace/04_I2C/LPS22HB_I2C/Drivers/BSP/Component/lps22hb" -O0 -ffunction-sections -fdata-sections -Wall -fstack-usage -fcyclomatic-complexity -MMD -MP -MF"Drivers/BSP/Component/lps22hb/lps22hb_reg.d" -MT"Drivers/BSP/Component/lps22hb/lps22hb_reg.o" --specs=nano.specs -mfpu=fpv4-sp-d16 -mfloat-abi=hard -mthumb -o "Drivers/BSP/Component/lps22hb/lps22hb_reg.o"
arm-none-eabi-gcc -o "LPS22HB_I2C.elf" @"objects.list"   -mcpu=cortex-m4 -T"/home/dnk066/Pratham/STM32_Training/Workspace/04_I2C/LPS22HB_I2C/STM32L4A6ZGTX_FLASH.ld" --specs=nosys.specs -Wl,-Map="LPS22HB_I2C.map" -Wl,--gc-sections -static --specs=nano.specs -mfpu=fpv4-sp-d16 -mfloat-abi=hard -mthumb -u _printf_float -u _scanf_float -Wl,--start-group -lc -lm -Wl,--end-group
Finished building target: LPS22HB_I2C.elf
 
arm-none-eabi-size   LPS22HB_I2C.elf 
arm-none-eabi-objdump -h -S  LPS22HB_I2C.elf  > "LPS22HB_I2C.list"
   text	   data	    bss	    dec	    hex	filename
  41428	    488	   2096	  44012	   abec	LPS22HB_I2C.elf
Finished building: default.size.stdout
 
Finished building: LPS22HB_I2C.list
 
12:11:14 **** Incremental Build of configuration Debug for project LPS22HB_I2C ****
make -j4 all 
arm-none-eabi-gcc "../Core/Src/main.c" -mcpu=cortex-m4 -std=gnu11 -g3 -DDEBUG -DUSE_HAL_DRIVER -DSTM32L4A6xx -c -I../Core/Inc -I../Drivers/STM32L4xx_HAL_Driver/Inc -I../Drivers/STM32L4xx_HAL_Driver/Inc/Legacy -I../Drivers/CMSIS/Device/ST/STM32L4xx/Include -I../Drivers/CMSIS/Include -I"/home/dnk066/Pratham/STM32_Training/Workspace/04_I2C/LPS22HB_I2C/Drivers/BSP/Component/lps22hb" -O0 -ffunction-sections -fdata-sections -Wall -fstack-usage -fcyclomatic-complexity -MMD -MP -MF"Core/Src/main.d" -MT"Core/Src/main.o" --specs=nano.specs -mfpu=fpv4-sp-d16 -mfloat-abi=hard -mthumb -o "Core/Src/main.o"
../Core/Src/main.c:448:13: warning: 'platform_init' defined but not used [-Wunused-function]
  448 | static void platform_init(void)
      |             ^~~~~~~~~~~~~
arm-none-eabi-gcc -o "LPS22HB_I2C.elf" @"objects.list"   -mcpu=cortex-m4 -T"/home/dnk066/Pratham/STM32_Training/Workspace/04_I2C/LPS22HB_I2C/STM32L4A6ZGTX_FLASH.ld" --specs=nosys.specs -Wl,-Map="LPS22HB_I2C.map" -Wl,--gc-sections -static --specs=nano.specs -mfpu=fpv4-sp-d16 -mfloat-abi=hard -mthumb -u _printf_float -u _scanf_float -Wl,--start-group -lc -lm -Wl,--end-group
Finished building target: LPS22HB_I2C.elf
 
arm-none-eabi-size   LPS22HB_I2C.elf 
arm-none-eabi-objdump -h -S  LPS22HB_I2C.elf  > "LPS22HB_I2C.list"
   text	   data	    bss	    dec	    hex	filename
  41428	    488	   2096	  44012	   abec	LPS22HB_I2C.elf
Finished building: default.size.stdout
 
Finished building: LPS22HB_I2C.list
 
12:13:03 **** Incremental Build of configuration Debug for project LPS22HB_I2C ****
make -j4 all 
arm-none-eabi-gcc "../Core/Src/main.c" -mcpu=cortex-m4 -std=gnu11 -g3 -DDEBUG -DUSE_HAL_DRIVER -DSTM32L4A6xx -c -I../Core/Inc -I../Drivers/STM32L4xx_HAL_Driver/Inc -I../Drivers/STM32L4xx_HAL_Driver/Inc/Legacy -I../Drivers/CMSIS/Device/ST/STM32L4xx/Include -I../Drivers/CMSIS/Include -I"/home/dnk066/Pratham/STM32_Training/Workspace/04_I2C/LPS22HB_I2C/Drivers/BSP/Component/lps22hb" -O0 -ffunction-sections -fdata-sections -Wall -fstack-usage -fcyclomatic-complexity -MMD -MP -MF"Core/Src/main.d" -MT"Core/Src/main.o" --specs=nano.specs -mfpu=fpv4-sp-d16 -mfloat-abi=hard -mthumb -o "Core/Src/main.o"
../Core/Src/main.c:448:13: warning: 'platform_init' defined but not used [-Wunused-function]
  448 | static void platform_init(void)
      |             ^~~~~~~~~~~~~
arm-none-eabi-gcc -o "LPS22HB_I2C.elf" @"objects.list"   -mcpu=cortex-m4 -T"/home/dnk066/Pratham/STM32_Training/Workspace/04_I2C/LPS22HB_I2C/STM32L4A6ZGTX_FLASH.ld" --specs=nosys.specs -Wl,-Map="LPS22HB_I2C.map" -Wl,--gc-sections -static --specs=nano.specs -mfpu=fpv4-sp-d16 -mfloat-abi=hard -mthumb -u _printf_float -u _scanf_float -Wl,--start-group -lc -lm -Wl,--end-group
Finished building target: LPS22HB_I2C.elf
 
arm-none-eabi-size   LPS22HB_I2C.elf 
arm-none-eabi-objdump -h -S  LPS22HB_I2C.elf  > "LPS22HB_I2C.list"
   text	   data	    bss	    dec	    hex	filename
  41428	    488	   2096	  44012	   abec	LPS22HB_I2C.elf
Finished building: default.size.stdout
 
Finished building: LPS22HB_I2C.list
 
12:25:18 **** Incremental Build of configuration Debug for project LPS22HB_I2C ****
make -j4 all 
arm-none-eabi-size   LPS22HB_I2C.elf 
   text	   data	    bss	    dec	    hex	filename
  41428	    488	   2096	  44012	   abec	LPS22HB_I2C.elf
Finished building: default.size.stdout
 
14:22:30 **** Incremental Build of configuration Debug for project LPS22HB_I2C ****
make -j4 all 
arm-none-eabi-size   LPS22HB_I2C.elf 
   text	   data	    bss	    dec	    hex	filename
  41428	    488	   2096	  44012	   abec	LPS22HB_I2C.elf
Finished building: default.size.stdout
 
