18:45:12 **** Build of configuration Debug for project SHT21_I2C ****
make -j4 all 
arm-none-eabi-gcc "../Drivers/STM32L4xx_HAL_Driver/Src/stm32l4xx_hal.c" -mcpu=cortex-m4 -std=gnu11 -g3 -DDEBUG -DUSE_HAL_DRIVER -DSTM32L4A6xx -c -I../Core/Inc -I../Drivers/STM32L4xx_HAL_Driver/Inc -I../Drivers/STM32L4xx_HAL_Driver/Inc/Legacy -I../Drivers/CMSIS/Device/ST/STM32L4xx/Include -I../Drivers/CMSIS/Include -I"/home/dnk066/Pratham/STM32_Training/Workspace/04_I2C/SHT21_I2C/Drivers/BSP/Component/sht21" -O0 -ffunction-sections -fdata-sections -Wall -fstack-usage -fcyclomatic-complexity -MMD -MP -MF"Drivers/STM32L4xx_HAL_Driver/Src/stm32l4xx_hal.d" -MT"Drivers/STM32L4xx_HAL_Driver/Src/stm32l4xx_hal.o" --specs=nano.specs -mfpu=fpv4-sp-d16 -mfloat-abi=hard -mthumb -o "Drivers/STM32L4xx_HAL_Driver/Src/stm32l4xx_hal.o"
arm-none-eabi-gcc "../Drivers/STM32L4xx_HAL_Driver/Src/stm32l4xx_hal_cortex.c" -mcpu=cortex-m4 -std=gnu11 -g3 -DDEBUG -DUSE_HAL_DRIVER -DSTM32L4A6xx -c -I../Core/Inc -I../Drivers/STM32L4xx_HAL_Driver/Inc -I../Drivers/STM32L4xx_HAL_Driver/Inc/Legacy -I../Drivers/CMSIS/Device/ST/STM32L4xx/Include -I../Drivers/CMSIS/Include -I"/home/dnk066/Pratham/STM32_Training/Workspace/04_I2C/SHT21_I2C/Drivers/BSP/Component/sht21" -O0 -ffunction-sections -fdata-sections -Wall -fstack-usage -fcyclomatic-complexity -MMD -MP -MF"Drivers/STM32L4xx_HAL_Driver/Src/stm32l4xx_hal_cortex.d" -MT"Drivers/STM32L4xx_HAL_Driver/Src/stm32l4xx_hal_cortex.o" --specs=nano.specs -mfpu=fpv4-sp-d16 -mfloat-abi=hard -mthumb -o "Drivers/STM32L4xx_HAL_Driver/Src/stm32l4xx_hal_cortex.o"
arm-none-eabi-gcc "../Drivers/STM32L4xx_HAL_Driver/Src/stm32l4xx_hal_dma.c" -mcpu=cortex-m4 -std=gnu11 -g3 -DDEBUG -DUSE_HAL_DRIVER -DSTM32L4A6xx -c -I../Core/Inc -I../Drivers/STM32L4xx_HAL_Driver/Inc -I../Drivers/STM32L4xx_HAL_Driver/Inc/Legacy -I../Drivers/CMSIS/Device/ST/STM32L4xx/Include -I../Drivers/CMSIS/Include -I"/home/dnk066/Pratham/STM32_Training/Workspace/04_I2C/SHT21_I2C/Drivers/BSP/Component/sht21" -O0 -ffunction-sections -fdata-sections -Wall -fstack-usage -fcyclomatic-complexity -MMD -MP -MF"Drivers/STM32L4xx_HAL_Driver/Src/stm32l4xx_hal_dma.d" -MT"Drivers/STM32L4xx_HAL_Driver/Src/stm32l4xx_hal_dma.o" --specs=nano.specs -mfpu=fpv4-sp-d16 -mfloat-abi=hard -mthumb -o "Drivers/STM32L4xx_HAL_Driver/Src/stm32l4xx_hal_dma.o"
arm-none-eabi-gcc "../Drivers/STM32L4xx_HAL_Driver/Src/stm32l4xx_hal_dma_ex.c" -mcpu=cortex-m4 -std=gnu11 -g3 -DDEBUG -DUSE_HAL_DRIVER -DSTM32L4A6xx -c -I../Core/Inc -I../Drivers/STM32L4xx_HAL_Driver/Inc -I../Drivers/STM32L4xx_HAL_Driver/Inc/Legacy -I../Drivers/CMSIS/Device/ST/STM32L4xx/Include -I../Drivers/CMSIS/Include -I"/home/dnk066/Pratham/STM32_Training/Workspace/04_I2C/SHT21_I2C/Drivers/BSP/Component/sht21" -O0 -ffunction-sections -fdata-sections -Wall -fstack-usage -fcyclomatic-complexity -MMD -MP -MF"Drivers/STM32L4xx_HAL_Driver/Src/stm32l4xx_hal_dma_ex.d" -MT"Drivers/STM32L4xx_HAL_Driver/Src/stm32l4xx_hal_dma_ex.o" --specs=nano.specs -mfpu=fpv4-sp-d16 -mfloat-abi=hard -mthumb -o "Drivers/STM32L4xx_HAL_Driver/Src/stm32l4xx_hal_dma_ex.o"
arm-none-eabi-gcc "../Drivers/STM32L4xx_HAL_Driver/Src/stm32l4xx_hal_exti.c" -mcpu=cortex-m4 -std=gnu11 -g3 -DDEBUG -DUSE_HAL_DRIVER -DSTM32L4A6xx -c -I../Core/Inc -I../Drivers/STM32L4xx_HAL_Driver/Inc -I../Drivers/STM32L4xx_HAL_Driver/Inc/Legacy -I../Drivers/CMSIS/Device/ST/STM32L4xx/Include -I../Drivers/CMSIS/Include -I"/home/dnk066/Pratham/STM32_Training/Workspace/04_I2C/SHT21_I2C/Drivers/BSP/Component/sht21" -O0 -ffunction-sections -fdata-sections -Wall -fstack-usage -fcyclomatic-complexity -MMD -MP -MF"Drivers/STM32L4xx_HAL_Driver/Src/stm32l4xx_hal_exti.d" -MT"Drivers/STM32L4xx_HAL_Driver/Src/stm32l4xx_hal_exti.o" --specs=nano.specs -mfpu=fpv4-sp-d16 -mfloat-abi=hard -mthumb -o "Drivers/STM32L4xx_HAL_Driver/Src/stm32l4xx_hal_exti.o"
arm-none-eabi-gcc "../Drivers/STM32L4xx_HAL_Driver/Src/stm32l4xx_hal_flash.c" -mcpu=cortex-m4 -std=gnu11 -g3 -DDEBUG -DUSE_HAL_DRIVER -DSTM32L4A6xx -c -I../Core/Inc -I../Drivers/STM32L4xx_HAL_Driver/Inc -I../Drivers/STM32L4xx_HAL_Driver/Inc/Legacy -I../Drivers/CMSIS/Device/ST/STM32L4xx/Include -I../Drivers/CMSIS/Include -I"/home/dnk066/Pratham/STM32_Training/Workspace/04_I2C/SHT21_I2C/Drivers/BSP/Component/sht21" -O0 -ffunction-sections -fdata-sections -Wall -fstack-usage -fcyclomatic-complexity -MMD -MP -MF"Drivers/STM32L4xx_HAL_Driver/Src/stm32l4xx_hal_flash.d" -MT"Drivers/STM32L4xx_HAL_Driver/Src/stm32l4xx_hal_flash.o" --specs=nano.specs -mfpu=fpv4-sp-d16 -mfloat-abi=hard -mthumb -o "Drivers/STM32L4xx_HAL_Driver/Src/stm32l4xx_hal_flash.o"
arm-none-eabi-gcc "../Drivers/STM32L4xx_HAL_Driver/Src/stm32l4xx_hal_flash_ex.c" -mcpu=cortex-m4 -std=gnu11 -g3 -DDEBUG -DUSE_HAL_DRIVER -DSTM32L4A6xx -c -I../Core/Inc -I../Drivers/STM32L4xx_HAL_Driver/Inc -I../Drivers/STM32L4xx_HAL_Driver/Inc/Legacy -I../Drivers/CMSIS/Device/ST/STM32L4xx/Include -I../Drivers/CMSIS/Include -I"/home/dnk066/Pratham/STM32_Training/Workspace/04_I2C/SHT21_I2C/Drivers/BSP/Component/sht21" -O0 -ffunction-sections -fdata-sections -Wall -fstack-usage -fcyclomatic-complexity -MMD -MP -MF"Drivers/STM32L4xx_HAL_Driver/Src/stm32l4xx_hal_flash_ex.d" -MT"Drivers/STM32L4xx_HAL_Driver/Src/stm32l4xx_hal_flash_ex.o" --specs=nano.specs -mfpu=fpv4-sp-d16 -mfloat-abi=hard -mthumb -o "Drivers/STM32L4xx_HAL_Driver/Src/stm32l4xx_hal_flash_ex.o"
arm-none-eabi-gcc "../Drivers/STM32L4xx_HAL_Driver/Src/stm32l4xx_hal_flash_ramfunc.c" -mcpu=cortex-m4 -std=gnu11 -g3 -DDEBUG -DUSE_HAL_DRIVER -DSTM32L4A6xx -c -I../Core/Inc -I../Drivers/STM32L4xx_HAL_Driver/Inc -I../Drivers/STM32L4xx_HAL_Driver/Inc/Legacy -I../Drivers/CMSIS/Device/ST/STM32L4xx/Include -I../Drivers/CMSIS/Include -I"/home/dnk066/Pratham/STM32_Training/Workspace/04_I2C/SHT21_I2C/Drivers/BSP/Component/sht21" -O0 -ffunction-sections -fdata-sections -Wall -fstack-usage -fcyclomatic-complexity -MMD -MP -MF"Drivers/STM32L4xx_HAL_Driver/Src/stm32l4xx_hal_flash_ramfunc.d" -MT"Drivers/STM32L4xx_HAL_Driver/Src/stm32l4xx_hal_flash_ramfunc.o" --specs=nano.specs -mfpu=fpv4-sp-d16 -mfloat-abi=hard -mthumb -o "Drivers/STM32L4xx_HAL_Driver/Src/stm32l4xx_hal_flash_ramfunc.o"
arm-none-eabi-gcc "../Drivers/STM32L4xx_HAL_Driver/Src/stm32l4xx_hal_gpio.c" -mcpu=cortex-m4 -std=gnu11 -g3 -DDEBUG -DUSE_HAL_DRIVER -DSTM32L4A6xx -c -I../Core/Inc -I../Drivers/STM32L4xx_HAL_Driver/Inc -I../Drivers/STM32L4xx_HAL_Driver/Inc/Legacy -I../Drivers/CMSIS/Device/ST/STM32L4xx/Include -I../Drivers/CMSIS/Include -I"/home/dnk066/Pratham/STM32_Training/Workspace/04_I2C/SHT21_I2C/Drivers/BSP/Component/sht21" -O0 -ffunction-sections -fdata-sections -Wall -fstack-usage -fcyclomatic-complexity -MMD -MP -MF"Drivers/STM32L4xx_HAL_Driver/Src/stm32l4xx_hal_gpio.d" -MT"Drivers/STM32L4xx_HAL_Driver/Src/stm32l4xx_hal_gpio.o" --specs=nano.specs -mfpu=fpv4-sp-d16 -mfloat-abi=hard -mthumb -o "Drivers/STM32L4xx_HAL_Driver/Src/stm32l4xx_hal_gpio.o"
arm-none-eabi-gcc "../Drivers/STM32L4xx_HAL_Driver/Src/stm32l4xx_hal_i2c.c" -mcpu=cortex-m4 -std=gnu11 -g3 -DDEBUG -DUSE_HAL_DRIVER -DSTM32L4A6xx -c -I../Core/Inc -I../Drivers/STM32L4xx_HAL_Driver/Inc -I../Drivers/STM32L4xx_HAL_Driver/Inc/Legacy -I../Drivers/CMSIS/Device/ST/STM32L4xx/Include -I../Drivers/CMSIS/Include -I"/home/dnk066/Pratham/STM32_Training/Workspace/04_I2C/SHT21_I2C/Drivers/BSP/Component/sht21" -O0 -ffunction-sections -fdata-sections -Wall -fstack-usage -fcyclomatic-complexity -MMD -MP -MF"Drivers/STM32L4xx_HAL_Driver/Src/stm32l4xx_hal_i2c.d" -MT"Drivers/STM32L4xx_HAL_Driver/Src/stm32l4xx_hal_i2c.o" --specs=nano.specs -mfpu=fpv4-sp-d16 -mfloat-abi=hard -mthumb -o "Drivers/STM32L4xx_HAL_Driver/Src/stm32l4xx_hal_i2c.o"
arm-none-eabi-gcc "../Drivers/STM32L4xx_HAL_Driver/Src/stm32l4xx_hal_i2c_ex.c" -mcpu=cortex-m4 -std=gnu11 -g3 -DDEBUG -DUSE_HAL_DRIVER -DSTM32L4A6xx -c -I../Core/Inc -I../Drivers/STM32L4xx_HAL_Driver/Inc -I../Drivers/STM32L4xx_HAL_Driver/Inc/Legacy -I../Drivers/CMSIS/Device/ST/STM32L4xx/Include -I../Drivers/CMSIS/Include -I"/home/dnk066/Pratham/STM32_Training/Workspace/04_I2C/SHT21_I2C/Drivers/BSP/Component/sht21" -O0 -ffunction-sections -fdata-sections -Wall -fstack-usage -fcyclomatic-complexity -MMD -MP -MF"Drivers/STM32L4xx_HAL_Driver/Src/stm32l4xx_hal_i2c_ex.d" -MT"Drivers/STM32L4xx_HAL_Driver/Src/stm32l4xx_hal_i2c_ex.o" --specs=nano.specs -mfpu=fpv4-sp-d16 -mfloat-abi=hard -mthumb -o "Drivers/STM32L4xx_HAL_Driver/Src/stm32l4xx_hal_i2c_ex.o"
arm-none-eabi-gcc "../Drivers/STM32L4xx_HAL_Driver/Src/stm32l4xx_hal_pwr.c" -mcpu=cortex-m4 -std=gnu11 -g3 -DDEBUG -DUSE_HAL_DRIVER -DSTM32L4A6xx -c -I../Core/Inc -I../Drivers/STM32L4xx_HAL_Driver/Inc -I../Drivers/STM32L4xx_HAL_Driver/Inc/Legacy -I../Drivers/CMSIS/Device/ST/STM32L4xx/Include -I../Drivers/CMSIS/Include -I"/home/dnk066/Pratham/STM32_Training/Workspace/04_I2C/SHT21_I2C/Drivers/BSP/Component/sht21" -O0 -ffunction-sections -fdata-sections -Wall -fstack-usage -fcyclomatic-complexity -MMD -MP -MF"Drivers/STM32L4xx_HAL_Driver/Src/stm32l4xx_hal_pwr.d" -MT"Drivers/STM32L4xx_HAL_Driver/Src/stm32l4xx_hal_pwr.o" --specs=nano.specs -mfpu=fpv4-sp-d16 -mfloat-abi=hard -mthumb -o "Drivers/STM32L4xx_HAL_Driver/Src/stm32l4xx_hal_pwr.o"
arm-none-eabi-gcc "../Drivers/STM32L4xx_HAL_Driver/Src/stm32l4xx_hal_pwr_ex.c" -mcpu=cortex-m4 -std=gnu11 -g3 -DDEBUG -DUSE_HAL_DRIVER -DSTM32L4A6xx -c -I../Core/Inc -I../Drivers/STM32L4xx_HAL_Driver/Inc -I../Drivers/STM32L4xx_HAL_Driver/Inc/Legacy -I../Drivers/CMSIS/Device/ST/STM32L4xx/Include -I../Drivers/CMSIS/Include -I"/home/dnk066/Pratham/STM32_Training/Workspace/04_I2C/SHT21_I2C/Drivers/BSP/Component/sht21" -O0 -ffunction-sections -fdata-sections -Wall -fstack-usage -fcyclomatic-complexity -MMD -MP -MF"Drivers/STM32L4xx_HAL_Driver/Src/stm32l4xx_hal_pwr_ex.d" -MT"Drivers/STM32L4xx_HAL_Driver/Src/stm32l4xx_hal_pwr_ex.o" --specs=nano.specs -mfpu=fpv4-sp-d16 -mfloat-abi=hard -mthumb -o "Drivers/STM32L4xx_HAL_Driver/Src/stm32l4xx_hal_pwr_ex.o"
arm-none-eabi-gcc "../Drivers/STM32L4xx_HAL_Driver/Src/stm32l4xx_hal_rcc.c" -mcpu=cortex-m4 -std=gnu11 -g3 -DDEBUG -DUSE_HAL_DRIVER -DSTM32L4A6xx -c -I../Core/Inc -I../Drivers/STM32L4xx_HAL_Driver/Inc -I../Drivers/STM32L4xx_HAL_Driver/Inc/Legacy -I../Drivers/CMSIS/Device/ST/STM32L4xx/Include -I../Drivers/CMSIS/Include -I"/home/dnk066/Pratham/STM32_Training/Workspace/04_I2C/SHT21_I2C/Drivers/BSP/Component/sht21" -O0 -ffunction-sections -fdata-sections -Wall -fstack-usage -fcyclomatic-complexity -MMD -MP -MF"Drivers/STM32L4xx_HAL_Driver/Src/stm32l4xx_hal_rcc.d" -MT"Drivers/STM32L4xx_HAL_Driver/Src/stm32l4xx_hal_rcc.o" --specs=nano.specs -mfpu=fpv4-sp-d16 -mfloat-abi=hard -mthumb -o "Drivers/STM32L4xx_HAL_Driver/Src/stm32l4xx_hal_rcc.o"
arm-none-eabi-gcc "../Drivers/STM32L4xx_HAL_Driver/Src/stm32l4xx_hal_rcc_ex.c" -mcpu=cortex-m4 -std=gnu11 -g3 -DDEBUG -DUSE_HAL_DRIVER -DSTM32L4A6xx -c -I../Core/Inc -I../Drivers/STM32L4xx_HAL_Driver/Inc -I../Drivers/STM32L4xx_HAL_Driver/Inc/Legacy -I../Drivers/CMSIS/Device/ST/STM32L4xx/Include -I../Drivers/CMSIS/Include -I"/home/dnk066/Pratham/STM32_Training/Workspace/04_I2C/SHT21_I2C/Drivers/BSP/Component/sht21" -O0 -ffunction-sections -fdata-sections -Wall -fstack-usage -fcyclomatic-complexity -MMD -MP -MF"Drivers/STM32L4xx_HAL_Driver/Src/stm32l4xx_hal_rcc_ex.d" -MT"Drivers/STM32L4xx_HAL_Driver/Src/stm32l4xx_hal_rcc_ex.o" --specs=nano.specs -mfpu=fpv4-sp-d16 -mfloat-abi=hard -mthumb -o "Drivers/STM32L4xx_HAL_Driver/Src/stm32l4xx_hal_rcc_ex.o"
arm-none-eabi-gcc "../Drivers/STM32L4xx_HAL_Driver/Src/stm32l4xx_hal_tim.c" -mcpu=cortex-m4 -std=gnu11 -g3 -DDEBUG -DUSE_HAL_DRIVER -DSTM32L4A6xx -c -I../Core/Inc -I../Drivers/STM32L4xx_HAL_Driver/Inc -I../Drivers/STM32L4xx_HAL_Driver/Inc/Legacy -I../Drivers/CMSIS/Device/ST/STM32L4xx/Include -I../Drivers/CMSIS/Include -I"/home/dnk066/Pratham/STM32_Training/Workspace/04_I2C/SHT21_I2C/Drivers/BSP/Component/sht21" -O0 -ffunction-sections -fdata-sections -Wall -fstack-usage -fcyclomatic-complexity -MMD -MP -MF"Drivers/STM32L4xx_HAL_Driver/Src/stm32l4xx_hal_tim.d" -MT"Drivers/STM32L4xx_HAL_Driver/Src/stm32l4xx_hal_tim.o" --specs=nano.specs -mfpu=fpv4-sp-d16 -mfloat-abi=hard -mthumb -o "Drivers/STM32L4xx_HAL_Driver/Src/stm32l4xx_hal_tim.o"
arm-none-eabi-gcc "../Drivers/STM32L4xx_HAL_Driver/Src/stm32l4xx_hal_tim_ex.c" -mcpu=cortex-m4 -std=gnu11 -g3 -DDEBUG -DUSE_HAL_DRIVER -DSTM32L4A6xx -c -I../Core/Inc -I../Drivers/STM32L4xx_HAL_Driver/Inc -I../Drivers/STM32L4xx_HAL_Driver/Inc/Legacy -I../Drivers/CMSIS/Device/ST/STM32L4xx/Include -I../Drivers/CMSIS/Include -I"/home/dnk066/Pratham/STM32_Training/Workspace/04_I2C/SHT21_I2C/Drivers/BSP/Component/sht21" -O0 -ffunction-sections -fdata-sections -Wall -fstack-usage -fcyclomatic-complexity -MMD -MP -MF"Drivers/STM32L4xx_HAL_Driver/Src/stm32l4xx_hal_tim_ex.d" -MT"Drivers/STM32L4xx_HAL_Driver/Src/stm32l4xx_hal_tim_ex.o" --specs=nano.specs -mfpu=fpv4-sp-d16 -mfloat-abi=hard -mthumb -o "Drivers/STM32L4xx_HAL_Driver/Src/stm32l4xx_hal_tim_ex.o"
arm-none-eabi-gcc "../Drivers/STM32L4xx_HAL_Driver/Src/stm32l4xx_hal_uart.c" -mcpu=cortex-m4 -std=gnu11 -g3 -DDEBUG -DUSE_HAL_DRIVER -DSTM32L4A6xx -c -I../Core/Inc -I../Drivers/STM32L4xx_HAL_Driver/Inc -I../Drivers/STM32L4xx_HAL_Driver/Inc/Legacy -I../Drivers/CMSIS/Device/ST/STM32L4xx/Include -I../Drivers/CMSIS/Include -I"/home/dnk066/Pratham/STM32_Training/Workspace/04_I2C/SHT21_I2C/Drivers/BSP/Component/sht21" -O0 -ffunction-sections -fdata-sections -Wall -fstack-usage -fcyclomatic-complexity -MMD -MP -MF"Drivers/STM32L4xx_HAL_Driver/Src/stm32l4xx_hal_uart.d" -MT"Drivers/STM32L4xx_HAL_Driver/Src/stm32l4xx_hal_uart.o" --specs=nano.specs -mfpu=fpv4-sp-d16 -mfloat-abi=hard -mthumb -o "Drivers/STM32L4xx_HAL_Driver/Src/stm32l4xx_hal_uart.o"
arm-none-eabi-gcc "../Drivers/STM32L4xx_HAL_Driver/Src/stm32l4xx_hal_uart_ex.c" -mcpu=cortex-m4 -std=gnu11 -g3 -DDEBUG -DUSE_HAL_DRIVER -DSTM32L4A6xx -c -I../Core/Inc -I../Drivers/STM32L4xx_HAL_Driver/Inc -I../Drivers/STM32L4xx_HAL_Driver/Inc/Legacy -I../Drivers/CMSIS/Device/ST/STM32L4xx/Include -I../Drivers/CMSIS/Include -I"/home/dnk066/Pratham/STM32_Training/Workspace/04_I2C/SHT21_I2C/Drivers/BSP/Component/sht21" -O0 -ffunction-sections -fdata-sections -Wall -fstack-usage -fcyclomatic-complexity -MMD -MP -MF"Drivers/STM32L4xx_HAL_Driver/Src/stm32l4xx_hal_uart_ex.d" -MT"Drivers/STM32L4xx_HAL_Driver/Src/stm32l4xx_hal_uart_ex.o" --specs=nano.specs -mfpu=fpv4-sp-d16 -mfloat-abi=hard -mthumb -o "Drivers/STM32L4xx_HAL_Driver/Src/stm32l4xx_hal_uart_ex.o"
arm-none-eabi-gcc "../Drivers/BSP/Component/sht21/sht2x_for_stm32_hal.c" -mcpu=cortex-m4 -std=gnu11 -g3 -DDEBUG -DUSE_HAL_DRIVER -DSTM32L4A6xx -c -I../Core/Inc -I../Drivers/STM32L4xx_HAL_Driver/Inc -I../Drivers/STM32L4xx_HAL_Driver/Inc/Legacy -I../Drivers/CMSIS/Device/ST/STM32L4xx/Include -I../Drivers/CMSIS/Include -I"/home/dnk066/Pratham/STM32_Training/Workspace/04_I2C/SHT21_I2C/Drivers/BSP/Component/sht21" -O0 -ffunction-sections -fdata-sections -Wall -fstack-usage -fcyclomatic-complexity -MMD -MP -MF"Drivers/BSP/Component/sht21/sht2x_for_stm32_hal.d" -MT"Drivers/BSP/Component/sht21/sht2x_for_stm32_hal.o" --specs=nano.specs -mfpu=fpv4-sp-d16 -mfloat-abi=hard -mthumb -o "Drivers/BSP/Component/sht21/sht2x_for_stm32_hal.o"
arm-none-eabi-gcc -mcpu=cortex-m4 -g3 -DDEBUG -c -I"/home/dnk066/Pratham/STM32_Training/Workspace/04_I2C/SHT21_I2C/Drivers/BSP/Component/sht21" -x assembler-with-cpp -MMD -MP -MF"Core/Startup/startup_stm32l4a6zgtx.d" -MT"Core/Startup/startup_stm32l4a6zgtx.o" --specs=nano.specs -mfpu=fpv4-sp-d16 -mfloat-abi=hard -mthumb -o "Core/Startup/startup_stm32l4a6zgtx.o" "../Core/Startup/startup_stm32l4a6zgtx.s"
arm-none-eabi-gcc "../Core/Src/main.c" -mcpu=cortex-m4 -std=gnu11 -g3 -DDEBUG -DUSE_HAL_DRIVER -DSTM32L4A6xx -c -I../Core/Inc -I../Drivers/STM32L4xx_HAL_Driver/Inc -I../Drivers/STM32L4xx_HAL_Driver/Inc/Legacy -I../Drivers/CMSIS/Device/ST/STM32L4xx/Include -I../Drivers/CMSIS/Include -I"/home/dnk066/Pratham/STM32_Training/Workspace/04_I2C/SHT21_I2C/Drivers/BSP/Component/sht21" -O0 -ffunction-sections -fdata-sections -Wall -fstack-usage -fcyclomatic-complexity -MMD -MP -MF"Core/Src/main.d" -MT"Core/Src/main.o" --specs=nano.specs -mfpu=fpv4-sp-d16 -mfloat-abi=hard -mthumb -o "Core/Src/main.o"
../Core/Src/main.c: In function 'main':
../Core/Src/main.c:118:83: warning: hex escape sequence out of range
  118 |     "Temperature: %d.%d\xC2\xB0C, %d.%d\xC2\xB0F, %d.%d K, Humidity: %d.%d%% RH\n",
      |                                                                                   ^
../Core/Src/main.c:118:83: warning: hex escape sequence out of range
../Core/Src/main.c:117:11: warning: pointer targets in passing argument 1 of 'sprintf' differ in signedness [-Wpointer-sign]
  117 |   sprintf(buffer,
      |           ^~~~~~
      |           |
      |           unsigned char *
In file included from ../Core/Src/main.c:26:
/opt/st/stm32cubeide_1.12.1/plugins/com.st.stm32cube.ide.mcu.externaltools.gnu-tools-for-stm32.10.3-2021.10.linux64_1.0.200.202301161003/tools/arm-none-eabi/include/stdio.h:244:14: note: expected 'char * restrict' but argument is of type 'unsigned char *'
  244 | int sprintf (char *__restrict, const char *__restrict, ...)
      |              ^
../Core/Src/main.c:118:20: warning: format '%d' expects argument of type 'int', but argument 3 has type 'int32_t' {aka 'long int'} [-Wformat=]
  118 |     "Temperature: %d.%d\xC2\xB0C, %d.%d\xC2\xB0F, %d.%d K, Humidity: %d.%d%% RH\n",
      |                   ~^
      |                    |
      |                    int
      |                   %ld
  119 |     SHT2x_GetInteger(cel), SHT2x_GetDecimal(cel, 1),
      |     ~~~~~~~~~~~~~~~~~~~~~
      |     |
      |     int32_t {aka long int}
../Core/Src/main.c:118:23: warning: format '%d' expects argument of type 'int', but argument 4 has type 'uint32_t' {aka 'long unsigned int'} [-Wformat=]
  118 |     "Temperature: %d.%d\xC2\xB0C, %d.%d\xC2\xB0F, %d.%d K, Humidity: %d.%d%% RH\n",
      |                      ~^
      |                       |
      |                       int
      |                      %ld
  119 |     SHT2x_GetInteger(cel), SHT2x_GetDecimal(cel, 1),
      |                            ~~~~~~~~~~~~~~~~~~~~~~~~
      |                            |
      |                            uint32_t {aka long unsigned int}
../Core/Src/main.c:118:36: warning: format '%d' expects argument of type 'int', but argument 5 has type 'int32_t' {aka 'long int'} [-Wformat=]
  118 |     "Temperature: %d.%d\xC2\xB0C, %d.%d\xC2\xB0F, %d.%d K, Humidity: %d.%d%% RH\n",
      |                                   ~^
      |                                    |
      |                                    int
      |                                   %ld
  119 |     SHT2x_GetInteger(cel), SHT2x_GetDecimal(cel, 1),
  120 |     SHT2x_GetInteger(fah), SHT2x_GetDecimal(fah, 1),
      |     ~~~~~~~~~~~~~~~~~~~~~           
      |     |
      |     int32_t {aka long int}
../Core/Src/main.c:118:39: warning: format '%d' expects argument of type 'int', but argument 6 has type 'uint32_t' {aka 'long unsigned int'} [-Wformat=]
  118 |     "Temperature: %d.%d\xC2\xB0C, %d.%d\xC2\xB0F, %d.%d K, Humidity: %d.%d%% RH\n",
      |                                      ~^
      |                                       |
      |                                       int
      |                                      %ld
  119 |     SHT2x_GetInteger(cel), SHT2x_GetDecimal(cel, 1),
  120 |     SHT2x_GetInteger(fah), SHT2x_GetDecimal(fah, 1),
      |                            ~~~~~~~~~~~~~~~~~~~~~~~~
      |                            |
      |                            uint32_t {aka long unsigned int}
../Core/Src/main.c:118:52: warning: format '%d' expects argument of type 'int', but argument 7 has type 'int32_t' {aka 'long int'} [-Wformat=]
  118 |     "Temperature: %d.%d\xC2\xB0C, %d.%d\xC2\xB0F, %d.%d K, Humidity: %d.%d%% RH\n",
      |                                                   ~^
      |                                                    |
      |                                                    int
      |                                                   %ld
......
  121 |     SHT2x_GetInteger(kel), SHT2x_GetDecimal(kel, 1),
      |     ~~~~~~~~~~~~~~~~~~~~~                           
      |     |
      |     int32_t {aka long int}
../Core/Src/main.c:118:55: warning: format '%d' expects argument of type 'int', but argument 8 has type 'uint32_t' {aka 'long unsigned int'} [-Wformat=]
  118 |     "Temperature: %d.%d\xC2\xB0C, %d.%d\xC2\xB0F, %d.%d K, Humidity: %d.%d%% RH\n",
      |                                                      ~^
      |                                                       |
      |                                                       int
      |                                                      %ld
......
  121 |     SHT2x_GetInteger(kel), SHT2x_GetDecimal(kel, 1),
      |                            ~~~~~~~~~~~~~~~~~~~~~~~~    
      |                            |
      |                            uint32_t {aka long unsigned int}
../Core/Src/main.c:118:71: warning: format '%d' expects argument of type 'int', but argument 9 has type 'int32_t' {aka 'long int'} [-Wformat=]
  118 |     "Temperature: %d.%d\xC2\xB0C, %d.%d\xC2\xB0F, %d.%d K, Humidity: %d.%d%% RH\n",
      |                                                                      ~^
      |                                                                       |
      |                                                                       int
      |                                                                      %ld
......
  122 |     SHT2x_GetInteger(rh), SHT2x_GetDecimal(rh, 1));
      |     ~~~~~~~~~~~~~~~~~~~~                                               
      |     |
      |     int32_t {aka long int}
../Core/Src/main.c:118:74: warning: format '%d' expects argument of type 'int', but argument 10 has type 'uint32_t' {aka 'long unsigned int'} [-Wformat=]
  118 |     "Temperature: %d.%d\xC2\xB0C, %d.%d\xC2\xB0F, %d.%d K, Humidity: %d.%d%% RH\n",
      |                                                                         ~^
      |                                                                          |
      |                                                                          int
      |                                                                         %ld
......
  122 |     SHT2x_GetInteger(rh), SHT2x_GetDecimal(rh, 1));
      |                           ~~~~~~~~~~~~~~~~~~~~~~~                         
      |                           |
      |                           uint32_t {aka long unsigned int}
../Core/Src/main.c:123:47: warning: pointer targets in passing argument 1 of 'strlen' differ in signedness [-Wpointer-sign]
  123 |   HAL_UART_Transmit(&hlpuart1, buffer, strlen(buffer), 1000);
      |                                               ^~~~~~
      |                                               |
      |                                               unsigned char *
In file included from ../Core/Src/main.c:25:
/opt/st/stm32cubeide_1.12.1/plugins/com.st.stm32cube.ide.mcu.externaltools.gnu-tools-for-stm32.10.3-2021.10.linux64_1.0.200.202301161003/tools/arm-none-eabi/include/string.h:41:17: note: expected 'const char *' but argument is of type 'unsigned char *'
   41 | size_t  strlen (const char *);
      |                 ^~~~~~~~~~~~
arm-none-eabi-gcc "../Core/Src/stm32l4xx_hal_msp.c" -mcpu=cortex-m4 -std=gnu11 -g3 -DDEBUG -DUSE_HAL_DRIVER -DSTM32L4A6xx -c -I../Core/Inc -I../Drivers/STM32L4xx_HAL_Driver/Inc -I../Drivers/STM32L4xx_HAL_Driver/Inc/Legacy -I../Drivers/CMSIS/Device/ST/STM32L4xx/Include -I../Drivers/CMSIS/Include -I"/home/dnk066/Pratham/STM32_Training/Workspace/04_I2C/SHT21_I2C/Drivers/BSP/Component/sht21" -O0 -ffunction-sections -fdata-sections -Wall -fstack-usage -fcyclomatic-complexity -MMD -MP -MF"Core/Src/stm32l4xx_hal_msp.d" -MT"Core/Src/stm32l4xx_hal_msp.o" --specs=nano.specs -mfpu=fpv4-sp-d16 -mfloat-abi=hard -mthumb -o "Core/Src/stm32l4xx_hal_msp.o"
arm-none-eabi-gcc "../Core/Src/stm32l4xx_it.c" -mcpu=cortex-m4 -std=gnu11 -g3 -DDEBUG -DUSE_HAL_DRIVER -DSTM32L4A6xx -c -I../Core/Inc -I../Drivers/STM32L4xx_HAL_Driver/Inc -I../Drivers/STM32L4xx_HAL_Driver/Inc/Legacy -I../Drivers/CMSIS/Device/ST/STM32L4xx/Include -I../Drivers/CMSIS/Include -I"/home/dnk066/Pratham/STM32_Training/Workspace/04_I2C/SHT21_I2C/Drivers/BSP/Component/sht21" -O0 -ffunction-sections -fdata-sections -Wall -fstack-usage -fcyclomatic-complexity -MMD -MP -MF"Core/Src/stm32l4xx_it.d" -MT"Core/Src/stm32l4xx_it.o" --specs=nano.specs -mfpu=fpv4-sp-d16 -mfloat-abi=hard -mthumb -o "Core/Src/stm32l4xx_it.o"
arm-none-eabi-gcc "../Core/Src/syscalls.c" -mcpu=cortex-m4 -std=gnu11 -g3 -DDEBUG -DUSE_HAL_DRIVER -DSTM32L4A6xx -c -I../Core/Inc -I../Drivers/STM32L4xx_HAL_Driver/Inc -I../Drivers/STM32L4xx_HAL_Driver/Inc/Legacy -I../Drivers/CMSIS/Device/ST/STM32L4xx/Include -I../Drivers/CMSIS/Include -I"/home/dnk066/Pratham/STM32_Training/Workspace/04_I2C/SHT21_I2C/Drivers/BSP/Component/sht21" -O0 -ffunction-sections -fdata-sections -Wall -fstack-usage -fcyclomatic-complexity -MMD -MP -MF"Core/Src/syscalls.d" -MT"Core/Src/syscalls.o" --specs=nano.specs -mfpu=fpv4-sp-d16 -mfloat-abi=hard -mthumb -o "Core/Src/syscalls.o"
arm-none-eabi-gcc "../Core/Src/sysmem.c" -mcpu=cortex-m4 -std=gnu11 -g3 -DDEBUG -DUSE_HAL_DRIVER -DSTM32L4A6xx -c -I../Core/Inc -I../Drivers/STM32L4xx_HAL_Driver/Inc -I../Drivers/STM32L4xx_HAL_Driver/Inc/Legacy -I../Drivers/CMSIS/Device/ST/STM32L4xx/Include -I../Drivers/CMSIS/Include -I"/home/dnk066/Pratham/STM32_Training/Workspace/04_I2C/SHT21_I2C/Drivers/BSP/Component/sht21" -O0 -ffunction-sections -fdata-sections -Wall -fstack-usage -fcyclomatic-complexity -MMD -MP -MF"Core/Src/sysmem.d" -MT"Core/Src/sysmem.o" --specs=nano.specs -mfpu=fpv4-sp-d16 -mfloat-abi=hard -mthumb -o "Core/Src/sysmem.o"
arm-none-eabi-gcc "../Core/Src/system_stm32l4xx.c" -mcpu=cortex-m4 -std=gnu11 -g3 -DDEBUG -DUSE_HAL_DRIVER -DSTM32L4A6xx -c -I../Core/Inc -I../Drivers/STM32L4xx_HAL_Driver/Inc -I../Drivers/STM32L4xx_HAL_Driver/Inc/Legacy -I../Drivers/CMSIS/Device/ST/STM32L4xx/Include -I../Drivers/CMSIS/Include -I"/home/dnk066/Pratham/STM32_Training/Workspace/04_I2C/SHT21_I2C/Drivers/BSP/Component/sht21" -O0 -ffunction-sections -fdata-sections -Wall -fstack-usage -fcyclomatic-complexity -MMD -MP -MF"Core/Src/system_stm32l4xx.d" -MT"Core/Src/system_stm32l4xx.o" --specs=nano.specs -mfpu=fpv4-sp-d16 -mfloat-abi=hard -mthumb -o "Core/Src/system_stm32l4xx.o"
arm-none-eabi-gcc -o "SHT21_I2C.elf" @"objects.list"   -mcpu=cortex-m4 -T"/home/dnk066/Pratham/STM32_Training/Workspace/04_I2C/SHT21_I2C/STM32L4A6ZGTX_FLASH.ld" --specs=nosys.specs -Wl,-Map="SHT21_I2C.map" -Wl,--gc-sections -static --specs=nano.specs -mfpu=fpv4-sp-d16 -mfloat-abi=hard -mthumb -Wl,--start-group -lc -lm -Wl,--end-group
Finished building target: SHT21_I2C.elf
 
arm-none-eabi-size   SHT21_I2C.elf 
arm-none-eabi-objdump -h -S  SHT21_I2C.elf  > "SHT21_I2C.list"
   text	   data	    bss	    dec	    hex	filename
  25468	    120	   1808	  27396	   6b04	SHT21_I2C.elf
Finished building: default.size.stdout
 
Finished building: SHT21_I2C.list
 
18:45:30 **** Incremental Build of configuration Debug for project SHT21_I2C ****
make -j4 all 
arm-none-eabi-size   SHT21_I2C.elf 
   text	   data	    bss	    dec	    hex	filename
  25468	    120	   1808	  27396	   6b04	SHT21_I2C.elf
Finished building: default.size.stdout
 
18:46:16 **** Incremental Build of configuration Debug for project SHT21_I2C ****
make -j4 all 
arm-none-eabi-gcc "../Core/Src/main.c" -mcpu=cortex-m4 -std=gnu11 -g3 -DDEBUG -DUSE_HAL_DRIVER -DSTM32L4A6xx -c -I../Core/Inc -I../Drivers/STM32L4xx_HAL_Driver/Inc -I../Drivers/STM32L4xx_HAL_Driver/Inc/Legacy -I../Drivers/CMSIS/Device/ST/STM32L4xx/Include -I../Drivers/CMSIS/Include -I"/home/dnk066/Pratham/STM32_Training/Workspace/04_I2C/SHT21_I2C/Drivers/BSP/Component/sht21" -O0 -ffunction-sections -fdata-sections -Wall -fstack-usage -fcyclomatic-complexity -MMD -MP -MF"Core/Src/main.d" -MT"Core/Src/main.o" --specs=nano.specs -mfpu=fpv4-sp-d16 -mfloat-abi=hard -mthumb -o "Core/Src/main.o"
../Core/Src/main.c: In function 'main':
../Core/Src/main.c:117:11: warning: pointer targets in passing argument 1 of 'sprintf' differ in signedness [-Wpointer-sign]
  117 |   sprintf(buffer,
      |           ^~~~~~
      |           |
      |           unsigned char *
In file included from ../Core/Src/main.c:26:
/opt/st/stm32cubeide_1.12.1/plugins/com.st.stm32cube.ide.mcu.externaltools.gnu-tools-for-stm32.10.3-2021.10.linux64_1.0.200.202301161003/tools/arm-none-eabi/include/stdio.h:244:14: note: expected 'char * restrict' but argument is of type 'unsigned char *'
  244 | int sprintf (char *__restrict, const char *__restrict, ...)
      |              ^
../Core/Src/main.c:118:20: warning: format '%d' expects argument of type 'int', but argument 3 has type 'int32_t' {aka 'long int'} [-Wformat=]
  118 |     "Temperature: %d.%d C, %d.%d F, %d.%d K, Humidity: %d.%d%% RH\n",
      |                   ~^
      |                    |
      |                    int
      |                   %ld
  119 |     SHT2x_GetInteger(cel), SHT2x_GetDecimal(cel, 1),
      |     ~~~~~~~~~~~~~~~~~~~~~
      |     |
      |     int32_t {aka long int}
../Core/Src/main.c:118:23: warning: format '%d' expects argument of type 'int', but argument 4 has type 'uint32_t' {aka 'long unsigned int'} [-Wformat=]
  118 |     "Temperature: %d.%d C, %d.%d F, %d.%d K, Humidity: %d.%d%% RH\n",
      |                      ~^
      |                       |
      |                       int
      |                      %ld
  119 |     SHT2x_GetInteger(cel), SHT2x_GetDecimal(cel, 1),
      |                            ~~~~~~~~~~~~~~~~~~~~~~~~
      |                            |
      |                            uint32_t {aka long unsigned int}
../Core/Src/main.c:118:29: warning: format '%d' expects argument of type 'int', but argument 5 has type 'int32_t' {aka 'long int'} [-Wformat=]
  118 |     "Temperature: %d.%d C, %d.%d F, %d.%d K, Humidity: %d.%d%% RH\n",
      |                            ~^
      |                             |
      |                             int
      |                            %ld
  119 |     SHT2x_GetInteger(cel), SHT2x_GetDecimal(cel, 1),
  120 |     SHT2x_GetInteger(fah), SHT2x_GetDecimal(fah, 1),
      |     ~~~~~~~~~~~~~~~~~~~~~    
      |     |
      |     int32_t {aka long int}
../Core/Src/main.c:118:32: warning: format '%d' expects argument of type 'int', but argument 6 has type 'uint32_t' {aka 'long unsigned int'} [-Wformat=]
  118 |     "Temperature: %d.%d C, %d.%d F, %d.%d K, Humidity: %d.%d%% RH\n",
      |                               ~^
      |                                |
      |                                int
      |                               %ld
  119 |     SHT2x_GetInteger(cel), SHT2x_GetDecimal(cel, 1),
  120 |     SHT2x_GetInteger(fah), SHT2x_GetDecimal(fah, 1),
      |                            ~~~~~~~~~~~~~~~~~~~~~~~~
      |                            |
      |                            uint32_t {aka long unsigned int}
../Core/Src/main.c:118:38: warning: format '%d' expects argument of type 'int', but argument 7 has type 'int32_t' {aka 'long int'} [-Wformat=]
  118 |     "Temperature: %d.%d C, %d.%d F, %d.%d K, Humidity: %d.%d%% RH\n",
      |                                     ~^
      |                                      |
      |                                      int
      |                                     %ld
......
  121 |     SHT2x_GetInteger(kel), SHT2x_GetDecimal(kel, 1),
      |     ~~~~~~~~~~~~~~~~~~~~~             
      |     |
      |     int32_t {aka long int}
../Core/Src/main.c:118:41: warning: format '%d' expects argument of type 'int', but argument 8 has type 'uint32_t' {aka 'long unsigned int'} [-Wformat=]
  118 |     "Temperature: %d.%d C, %d.%d F, %d.%d K, Humidity: %d.%d%% RH\n",
      |                                        ~^
      |                                         |
      |                                         int
      |                                        %ld
......
  121 |     SHT2x_GetInteger(kel), SHT2x_GetDecimal(kel, 1),
      |                            ~~~~~~~~~~~~~~~~~~~~~~~~
      |                            |
      |                            uint32_t {aka long unsigned int}
../Core/Src/main.c:118:57: warning: format '%d' expects argument of type 'int', but argument 9 has type 'int32_t' {aka 'long int'} [-Wformat=]
  118 |     "Temperature: %d.%d C, %d.%d F, %d.%d K, Humidity: %d.%d%% RH\n",
      |                                                        ~^
      |                                                         |
      |                                                         int
      |                                                        %ld
......
  122 |     SHT2x_GetInteger(rh), SHT2x_GetDecimal(rh, 1));
      |     ~~~~~~~~~~~~~~~~~~~~                                 
      |     |
      |     int32_t {aka long int}
../Core/Src/main.c:118:60: warning: format '%d' expects argument of type 'int', but argument 10 has type 'uint32_t' {aka 'long unsigned int'} [-Wformat=]
  118 |     "Temperature: %d.%d C, %d.%d F, %d.%d K, Humidity: %d.%d%% RH\n",
      |                                                           ~^
      |                                                            |
      |                                                            int
      |                                                           %ld
......
  122 |     SHT2x_GetInteger(rh), SHT2x_GetDecimal(rh, 1));
      |                           ~~~~~~~~~~~~~~~~~~~~~~~           
      |                           |
      |                           uint32_t {aka long unsigned int}
../Core/Src/main.c:123:47: warning: pointer targets in passing argument 1 of 'strlen' differ in signedness [-Wpointer-sign]
  123 |   HAL_UART_Transmit(&hlpuart1, buffer, strlen(buffer), 1000);
      |                                               ^~~~~~
      |                                               |
      |                                               unsigned char *
In file included from ../Core/Src/main.c:25:
/opt/st/stm32cubeide_1.12.1/plugins/com.st.stm32cube.ide.mcu.externaltools.gnu-tools-for-stm32.10.3-2021.10.linux64_1.0.200.202301161003/tools/arm-none-eabi/include/string.h:41:17: note: expected 'const char *' but argument is of type 'unsigned char *'
   41 | size_t  strlen (const char *);
      |                 ^~~~~~~~~~~~
arm-none-eabi-gcc -o "SHT21_I2C.elf" @"objects.list"   -mcpu=cortex-m4 -T"/home/dnk066/Pratham/STM32_Training/Workspace/04_I2C/SHT21_I2C/STM32L4A6ZGTX_FLASH.ld" --specs=nosys.specs -Wl,-Map="SHT21_I2C.map" -Wl,--gc-sections -static --specs=nano.specs -mfpu=fpv4-sp-d16 -mfloat-abi=hard -mthumb -Wl,--start-group -lc -lm -Wl,--end-group
Finished building target: SHT21_I2C.elf
 
arm-none-eabi-size   SHT21_I2C.elf 
arm-none-eabi-objdump -h -S  SHT21_I2C.elf  > "SHT21_I2C.list"
   text	   data	    bss	    dec	    hex	filename
  25468	    120	   1808	  27396	   6b04	SHT21_I2C.elf
Finished building: default.size.stdout
 
Finished building: SHT21_I2C.list
 
18:47:17 **** Incremental Build of configuration Debug for project SHT21_I2C ****
make -j4 all 
arm-none-eabi-size   SHT21_I2C.elf 
   text	   data	    bss	    dec	    hex	filename
  25468	    120	   1808	  27396	   6b04	SHT21_I2C.elf
Finished building: default.size.stdout
 
18:47:47 **** Incremental Build of configuration Debug for project SHT21_I2C ****
make -j4 all 
arm-none-eabi-size   SHT21_I2C.elf 
   text	   data	    bss	    dec	    hex	filename
  25468	    120	   1808	  27396	   6b04	SHT21_I2C.elf
Finished building: default.size.stdout
 
