../Core/Src/main.c:142:6:protimer_init	24	static
../Core/Src/main.c:151:16:protimer_state_machine	16	static
../Core/Src/main.c:177:23:protimer_state_handler_IDLE	16	static
../Core/Src/main.c:216:23:protimer_state_handler_TIME_SET	16	static
../Core/Src/main.c:255:23:protimer_state_handler_COUNTDOWN	16	static
../Core/Src/main.c:289:23:protimer_state_handler_PAUSE	16	static
../Core/Src/main.c:324:23:protimer_state_handler_STAT	16	static
../Core/Src/main.c:349:13:display_time	32	static
../Core/Src/main.c:359:13:display_message	16	static
../Core/Src/main.c:363:13:display_clear	8	static
../Core/Src/main.c:369:13:protimer_event_dispatcher	24	static
../Core/Src/main.c:395:6:HAL_TIM_PeriodElapsedCallback	16	static
../Core/Src/main.c:403:10:millis	4	static
../Core/Src/main.c:413:5:main	8	static
../Core/Src/main.c:498:6:SystemClock_Config	96	static
../Core/Src/main.c:548:13:MX_LPUART1_UART_Init	8	static
../Core/Src/main.c:596:13:MX_TIM17_Init	8	static
../Core/Src/main.c:628:13:MX_GPIO_Init	16	static
../Core/Src/main.c:649:6:Error_Handler	4	static,ignoring_inline_asm
