../Drivers/BSP/Component/lps22hb/lps22hb_reg.c:47:10:lps22hb_read_reg	40	static
../Drivers/BSP/Component/lps22hb/lps22hb_reg.c:73:10:lps22hb_write_reg	40	static
../Drivers/BSP/Component/lps22hb/lps22hb_reg.c:101:9:lps22hb_from_lsb_to_hpa	16	static
../Drivers/BSP/Component/lps22hb/lps22hb_reg.c:106:9:lps22hb_from_lsb_to_kpa	16	static
../Drivers/BSP/Component/lps22hb/lps22hb_reg.c:111:9:lps22hb_from_lsb_to_psi	16	static
../Drivers/BSP/Component/lps22hb/lps22hb_reg.c:116:9:lps22hb_from_lsb_to_altitude	24	static
../Drivers/BSP/Component/lps22hb/lps22hb_reg.c:125:9:lps22hb_from_lsb_to_degc	16	static
../Drivers/BSP/Component/lps22hb/lps22hb_reg.c:153:9:lps22hb_autozero_rst_set	24	static
../Drivers/BSP/Component/lps22hb/lps22hb_reg.c:179:9:lps22hb_autozero_rst_get	24	static
../Drivers/BSP/Component/lps22hb/lps22hb_reg.c:199:9:lps22hb_autozero_set	24	static
../Drivers/BSP/Component/lps22hb/lps22hb_reg.c:225:9:lps22hb_autozero_get	24	static
../Drivers/BSP/Component/lps22hb/lps22hb_reg.c:245:9:lps22hb_pressure_snap_rst_set	24	static
../Drivers/BSP/Component/lps22hb/lps22hb_reg.c:271:9:lps22hb_pressure_snap_rst_get	24	static
../Drivers/BSP/Component/lps22hb/lps22hb_reg.c:291:9:lps22hb_pressure_snap_set	24	static
../Drivers/BSP/Component/lps22hb/lps22hb_reg.c:317:9:lps22hb_pressure_snap_get	24	static
../Drivers/BSP/Component/lps22hb/lps22hb_reg.c:337:9:lps22hb_block_data_update_set	24	static
../Drivers/BSP/Component/lps22hb/lps22hb_reg.c:361:9:lps22hb_block_data_update_get	24	static
../Drivers/BSP/Component/lps22hb/lps22hb_reg.c:380:9:lps22hb_low_pass_filter_mode_set	24	static
../Drivers/BSP/Component/lps22hb/lps22hb_reg.c:405:9:lps22hb_low_pass_filter_mode_get	24	static
../Drivers/BSP/Component/lps22hb/lps22hb_reg.c:443:9:lps22hb_data_rate_set	24	static
../Drivers/BSP/Component/lps22hb/lps22hb_reg.c:467:9:lps22hb_data_rate_get	24	static
../Drivers/BSP/Component/lps22hb/lps22hb_reg.c:516:9:lps22hb_one_shoot_trigger_set	24	static
../Drivers/BSP/Component/lps22hb/lps22hb_reg.c:540:9:lps22hb_one_shoot_trigger_get	24	static
../Drivers/BSP/Component/lps22hb/lps22hb_reg.c:561:9:lps22hb_pressure_ref_set	24	static
../Drivers/BSP/Component/lps22hb/lps22hb_reg.c:585:9:lps22hb_pressure_ref_get	24	static
../Drivers/BSP/Component/lps22hb/lps22hb_reg.c:607:9:lps22hb_pressure_offset_set	24	static
../Drivers/BSP/Component/lps22hb/lps22hb_reg.c:628:9:lps22hb_pressure_offset_get	24	static
../Drivers/BSP/Component/lps22hb/lps22hb_reg.c:648:9:lps22hb_press_data_ready_get	24	static
../Drivers/BSP/Component/lps22hb/lps22hb_reg.c:667:9:lps22hb_temp_data_ready_get	24	static
../Drivers/BSP/Component/lps22hb/lps22hb_reg.c:687:9:lps22hb_data_ready_get	32	static
../Drivers/BSP/Component/lps22hb/lps22hb_reg.c:707:9:lps22hb_press_data_ovr_get	24	static
../Drivers/BSP/Component/lps22hb/lps22hb_reg.c:726:9:lps22hb_temp_data_ovr_get	24	static
../Drivers/BSP/Component/lps22hb/lps22hb_reg.c:745:9:lps22hb_pressure_raw_get	24	static
../Drivers/BSP/Component/lps22hb/lps22hb_reg.c:781:9:lps22hb_temperature_raw_get	24	static
../Drivers/BSP/Component/lps22hb/lps22hb_reg.c:801:9:lps22hb_fifo_output_data_to_raw_pressure	24	static
../Drivers/BSP/Component/lps22hb/lps22hb_reg.c:808:9:lps22hb_fifo_output_data_to_raw_temperature	24	static
../Drivers/BSP/Component/lps22hb/lps22hb_reg.c:828:9:lps22hb_fifo_output_data_burst_get	24	static
../Drivers/BSP/Component/lps22hb/lps22hb_reg.c:850:9:lps22hb_low_pass_rst_get	24	static
../Drivers/BSP/Component/lps22hb/lps22hb_reg.c:879:9:lps22hb_device_id_get	24	static
../Drivers/BSP/Component/lps22hb/lps22hb_reg.c:896:9:lps22hb_reset_set	24	static
../Drivers/BSP/Component/lps22hb/lps22hb_reg.c:920:9:lps22hb_reset_get	24	static
../Drivers/BSP/Component/lps22hb/lps22hb_reg.c:939:9:lps22hb_boot_set	24	static
../Drivers/BSP/Component/lps22hb/lps22hb_reg.c:963:9:lps22hb_boot_get	24	static
../Drivers/BSP/Component/lps22hb/lps22hb_reg.c:982:9:lps22hb_low_power_set	24	static
../Drivers/BSP/Component/lps22hb/lps22hb_reg.c:1006:9:lps22hb_low_power_get	24	static
../Drivers/BSP/Component/lps22hb/lps22hb_reg.c:1025:9:lps22hb_boot_status_get	24	static
../Drivers/BSP/Component/lps22hb/lps22hb_reg.c:1045:9:lps22hb_dev_status_get	24	static
../Drivers/BSP/Component/lps22hb/lps22hb_reg.c:1075:9:lps22hb_sign_of_int_threshold_set	24	static
../Drivers/BSP/Component/lps22hb/lps22hb_reg.c:1102:9:lps22hb_sign_of_int_threshold_get	24	static
../Drivers/BSP/Component/lps22hb/lps22hb_reg.c:1146:9:lps22hb_int_notification_mode_set	24	static
../Drivers/BSP/Component/lps22hb/lps22hb_reg.c:1174:9:lps22hb_int_notification_mode_get	24	static
../Drivers/BSP/Component/lps22hb/lps22hb_reg.c:1209:9:lps22hb_int_generation_set	24	static
../Drivers/BSP/Component/lps22hb/lps22hb_reg.c:1235:9:lps22hb_int_generation_get	24	static
../Drivers/BSP/Component/lps22hb/lps22hb_reg.c:1255:9:lps22hb_int_threshold_set	24	static
../Drivers/BSP/Component/lps22hb/lps22hb_reg.c:1275:9:lps22hb_int_threshold_get	24	static
../Drivers/BSP/Component/lps22hb/lps22hb_reg.c:1295:9:lps22hb_int_pin_mode_set	24	static
../Drivers/BSP/Component/lps22hb/lps22hb_reg.c:1320:9:lps22hb_int_pin_mode_get	24	static
../Drivers/BSP/Component/lps22hb/lps22hb_reg.c:1362:9:lps22hb_drdy_on_int_set	24	static
../Drivers/BSP/Component/lps22hb/lps22hb_reg.c:1386:9:lps22hb_drdy_on_int_get	24	static
../Drivers/BSP/Component/lps22hb/lps22hb_reg.c:1405:9:lps22hb_fifo_ovr_on_int_set	24	static
../Drivers/BSP/Component/lps22hb/lps22hb_reg.c:1429:9:lps22hb_fifo_ovr_on_int_get	24	static
../Drivers/BSP/Component/lps22hb/lps22hb_reg.c:1448:9:lps22hb_fifo_threshold_on_int_set	24	static
../Drivers/BSP/Component/lps22hb/lps22hb_reg.c:1473:9:lps22hb_fifo_threshold_on_int_get	24	static
../Drivers/BSP/Component/lps22hb/lps22hb_reg.c:1493:9:lps22hb_fifo_full_on_int_set	24	static
../Drivers/BSP/Component/lps22hb/lps22hb_reg.c:1517:9:lps22hb_fifo_full_on_int_get	24	static
../Drivers/BSP/Component/lps22hb/lps22hb_reg.c:1536:9:lps22hb_pin_mode_set	24	static
../Drivers/BSP/Component/lps22hb/lps22hb_reg.c:1560:9:lps22hb_pin_mode_get	24	static
../Drivers/BSP/Component/lps22hb/lps22hb_reg.c:1593:9:lps22hb_int_polarity_set	24	static
../Drivers/BSP/Component/lps22hb/lps22hb_reg.c:1618:9:lps22hb_int_polarity_get	24	static
../Drivers/BSP/Component/lps22hb/lps22hb_reg.c:1652:9:lps22hb_int_source_get	24	static
../Drivers/BSP/Component/lps22hb/lps22hb_reg.c:1670:9:lps22hb_int_on_press_high_get	24	static
../Drivers/BSP/Component/lps22hb/lps22hb_reg.c:1690:9:lps22hb_int_on_press_low_get	24	static
../Drivers/BSP/Component/lps22hb/lps22hb_reg.c:1710:9:lps22hb_interrupt_event_get	24	static
../Drivers/BSP/Component/lps22hb/lps22hb_reg.c:1743:9:lps22hb_stop_on_fifo_threshold_set	24	static
../Drivers/BSP/Component/lps22hb/lps22hb_reg.c:1768:9:lps22hb_stop_on_fifo_threshold_get	24	static
../Drivers/BSP/Component/lps22hb/lps22hb_reg.c:1788:9:lps22hb_fifo_set	24	static
../Drivers/BSP/Component/lps22hb/lps22hb_reg.c:1812:9:lps22hb_fifo_get	24	static
../Drivers/BSP/Component/lps22hb/lps22hb_reg.c:1831:9:lps22hb_fifo_watermark_set	24	static
../Drivers/BSP/Component/lps22hb/lps22hb_reg.c:1855:9:lps22hb_fifo_watermark_get	24	static
../Drivers/BSP/Component/lps22hb/lps22hb_reg.c:1874:9:lps22hb_fifo_mode_set	24	static
../Drivers/BSP/Component/lps22hb/lps22hb_reg.c:1898:9:lps22hb_fifo_mode_get	24	static
../Drivers/BSP/Component/lps22hb/lps22hb_reg.c:1952:9:lps22hb_fifo_data_level_get	24	static
../Drivers/BSP/Component/lps22hb/lps22hb_reg.c:1972:9:lps22hb_fifo_ovr_flag_get	24	static
../Drivers/BSP/Component/lps22hb/lps22hb_reg.c:1992:9:lps22hb_fifo_fth_flag_get	24	static
../Drivers/BSP/Component/lps22hb/lps22hb_reg.c:2025:9:lps22hb_spi_mode_set	24	static
../Drivers/BSP/Component/lps22hb/lps22hb_reg.c:2049:9:lps22hb_spi_mode_get	24	static
../Drivers/BSP/Component/lps22hb/lps22hb_reg.c:2082:9:lps22hb_i2c_interface_set	24	static
../Drivers/BSP/Component/lps22hb/lps22hb_reg.c:2107:9:lps22hb_i2c_interface_get	24	static
../Drivers/BSP/Component/lps22hb/lps22hb_reg.c:2142:9:lps22hb_auto_add_inc_set	24	static
../Drivers/BSP/Component/lps22hb/lps22hb_reg.c:2167:9:lps22hb_auto_add_inc_get	24	static
