19:01:44 **** Incremental Build of configuration Debug for project RTC_Time-Date_withAlarm ****
make -j4 all 
arm-none-eabi-gcc "../Core/Src/main.c" -mcpu=cortex-m4 -std=gnu11 -g3 -DDEBUG -DUSE_HAL_DRIVER -DSTM32L4A6xx -c -I../Core/Inc -I../Drivers/STM32L4xx_HAL_Driver/Inc -I../Drivers/STM32L4xx_HAL_Driver/Inc/Legacy -I../Drivers/CMSIS/Device/ST/STM32L4xx/Include -I../Drivers/CMSIS/Include -O0 -ffunction-sections -fdata-sections -Wall -fstack-usage -fcyclomatic-complexity -MMD -MP -MF"Core/Src/main.d" -MT"Core/Src/main.o" --specs=nano.specs -mfpu=fpv4-sp-d16 -mfloat-abi=hard -mthumb -o "Core/Src/main.o"
arm-none-eabi-gcc -o "RTC_Time-Date_withAlarm.elf" @"objects.list"   -mcpu=cortex-m4 -T"/home/dnk066/Pratham/STM32_Training/Workspace/03_RTC/RTC_Time-Date_withAlarm/STM32L4A6ZGTX_FLASH.ld" --specs=nosys.specs -Wl,-Map="RTC_Time-Date_withAlarm.map" -Wl,--gc-sections -static --specs=nano.specs -mfpu=fpv4-sp-d16 -mfloat-abi=hard -mthumb -Wl,--start-group -lc -lm -Wl,--end-group
Finished building target: RTC_Time-Date_withAlarm.elf
 
arm-none-eabi-size   RTC_Time-Date_withAlarm.elf 
arm-none-eabi-objdump -h -S  RTC_Time-Date_withAlarm.elf  > "RTC_Time-Date_withAlarm.list"
   text	   data	    bss	    dec	    hex	filename
  18388	    120	   1776	  20284	   4f3c	RTC_Time-Date_withAlarm.elf
Finished building: default.size.stdout
 
Finished building: RTC_Time-Date_withAlarm.list
 

19:01:46 Build Finished. 0 errors, 0 warnings. (took 1s.768ms)

